stm32g0xx_hal.c:143:19:HAL_Init	16	static
stm32g0xx_hal.c:180:19:HAL_DeInit	8	static
stm32g0xx_hal.c:206:13:HAL_MspInit	8	static
stm32g0xx_hal.c:217:13:HAL_MspDeInit	8	static
stm32g0xx_hal.c:240:26:HAL_InitTick	32	static
stm32g0xx_hal.c:307:13:HAL_IncTick	8	static
stm32g0xx_hal.c:318:17:HAL_GetTick	8	static
stm32g0xx_hal.c:327:10:HAL_GetTickPrio	8	static
stm32g0xx_hal.c:336:19:HAL_SetTickFreq	32	static
stm32g0xx_hal.c:358:10:HAL_GetTickFreq	8	static
stm32g0xx_hal.c:374:13:HAL_Delay	24	static
stm32g0xx_hal.c:400:13:HAL_SuspendTick	8	static
stm32g0xx_hal.c:416:13:HAL_ResumeTick	8	static
stm32g0xx_hal.c:426:10:HAL_GetHalVersion	8	static
stm32g0xx_hal.c:435:10:HAL_GetREVID	8	static
stm32g0xx_hal.c:444:10:HAL_GetDEVID	8	static
stm32g0xx_hal.c:453:10:HAL_GetUIDw0	8	static
stm32g0xx_hal.c:462:10:HAL_GetUIDw1	8	static
stm32g0xx_hal.c:471:10:HAL_GetUIDw2	8	static
stm32g0xx_hal.c:499:6:HAL_DBGMCU_EnableDBGStopMode	8	static
stm32g0xx_hal.c:508:6:HAL_DBGMCU_DisableDBGStopMode	8	static
stm32g0xx_hal.c:517:6:HAL_DBGMCU_EnableDBGStandbyMode	8	static
stm32g0xx_hal.c:526:6:HAL_DBGMCU_DisableDBGStandbyMode	8	static
stm32g0xx_hal.c:562:6:HAL_SYSCFG_VREFBUF_VoltageScalingConfig	16	static
stm32g0xx_hal.c:577:6:HAL_SYSCFG_VREFBUF_HighImpedanceConfig	16	static
stm32g0xx_hal.c:589:6:HAL_SYSCFG_VREFBUF_TrimmingConfig	16	static
stm32g0xx_hal.c:601:19:HAL_SYSCFG_EnableVREFBUF	16	static
stm32g0xx_hal.c:627:6:HAL_SYSCFG_DisableVREFBUF	8	static
stm32g0xx_hal.c:637:6:HAL_SYSCFG_EnableIOAnalogSwitchBooster	8	static
stm32g0xx_hal.c:646:6:HAL_SYSCFG_DisableIOAnalogSwitchBooster	8	static
stm32g0xx_hal.c:659:6:HAL_SYSCFG_EnableRemap	16	static
stm32g0xx_hal.c:674:6:HAL_SYSCFG_DisableRemap	16	static
stm32g0xx_hal.c:689:6:HAL_SYSCFG_EnableClampingDiode	16	static
stm32g0xx_hal.c:703:6:HAL_SYSCFG_DisableClampingDiode	16	static
