stm32g0xx_hal_flash_ex.c:147:19:HAL_FLASHEx_Erase	32	static
stm32g0xx_hal_flash_ex.c:214:19:HAL_FLASHEx_Erase_IT	32	static
stm32g0xx_hal_flash_ex.c:278:19:HAL_FLASHEx_OBProgram	32	static
stm32g0xx_hal_flash_ex.c:383:6:HAL_FLASHEx_OBGetConfig	16	static
stm32g0xx_hal_flash_ex.c:416:6:HAL_FLASHEx_EnableDebugger	8	static
stm32g0xx_hal_flash_ex.c:428:6:HAL_FLASHEx_DisableDebugger	8	static
stm32g0xx_hal_flash_ex.c:440:10:HAL_FLASHEx_FlashEmptyCheck	8	static
stm32g0xx_hal_flash_ex.c:454:6:HAL_FLASHEx_ForceFlashEmpty	24	static
stm32g0xx_hal_flash_ex.c:475:6:HAL_FLASHEx_EnableSecMemProtection	16	static
stm32g0xx_hal_flash_ex.c:498:13:FLASH_MassErase	8	static
stm32g0xx_hal_flash_ex.c:510:6:FLASH_PageErase	24	static
stm32g0xx_hal_flash_ex.c:528:6:FLASH_FlushCaches	8	static
stm32g0xx_hal_flash_ex.c:562:13:FLASH_OB_WRPConfig	24	static
stm32g0xx_hal_flash_ex.c:611:13:FLASH_OB_OptrConfig	32	static
stm32g0xx_hal_flash_ex.c:642:13:FLASH_OB_PCROP1AConfig	40	static
stm32g0xx_hal_flash_ex.c:694:13:FLASH_OB_PCROP1BConfig	24	static
stm32g0xx_hal_flash_ex.c:725:13:FLASH_OB_SecMemConfig	24	static
stm32g0xx_hal_flash_ex.c:752:13:FLASH_OB_GetWRP	24	static
stm32g0xx_hal_flash_ex.c:778:17:FLASH_OB_GetRDP	16	static
stm32g0xx_hal_flash_ex.c:812:17:FLASH_OB_GetUser	16	static
stm32g0xx_hal_flash_ex.c:828:13:FLASH_OB_GetPCROP1A	32	static
stm32g0xx_hal_flash_ex.c:853:13:FLASH_OB_GetPCROP1B	24	static
stm32g0xx_hal_flash_ex.c:875:13:FLASH_OB_GetSecMem	24	static
