stm32g0xx_ll_rcc.h:1458:26:LL_RCC_GetAPB1Prescaler	8	static
stm32g0xx_hal_rcc.c:208:19:HAL_RCC_DeInit	16	static
stm32g0xx_hal_rcc.c:300:19:HAL_RCC_OscConfig	40	static
stm32g0xx_hal_rcc.c:747:19:HAL_RCC_ClockConfig	24	static
stm32g0xx_hal_rcc.c:945:6:HAL_RCC_MCOConfig	48	static
stm32g0xx_hal_rcc.c:1008:10:HAL_RCC_GetSysClockFreq	32	static
stm32g0xx_hal_rcc.c:1076:10:HAL_RCC_GetHCLKFreq	8	static
stm32g0xx_hal_rcc.c:1087:10:HAL_RCC_GetPCLK1Freq	16	static
stm32g0xx_hal_rcc.c:1100:6:HAL_RCC_GetOscConfig	16	static
stm32g0xx_hal_rcc.c:1188:6:HAL_RCC_GetClockConfig	16	static
stm32g0xx_hal_rcc.c:1221:6:HAL_RCC_EnableCSS	8	static
stm32g0xx_hal_rcc.c:1237:6:HAL_RCC_EnableLSECSS	8	static
stm32g0xx_hal_rcc.c:1248:6:HAL_RCC_DisableLSECSS	8	static
stm32g0xx_hal_rcc.c:1258:6:HAL_RCC_NMI_IRQHandler	16	static
stm32g0xx_hal_rcc.c:1284:13:HAL_RCC_CSSCallback	8	static
stm32g0xx_hal_rcc.c:1295:13:HAL_RCC_LSECSSCallback	8	static
