core_cm0plus.h:741:22:__NVIC_EnableIRQ	16	static
core_cm0plus.h:777:22:__NVIC_DisableIRQ	16	static,ignoring_inline_asm
core_cm0plus.h:796:26:__NVIC_GetPendingIRQ	16	static
core_cm0plus.h:815:22:__NVIC_SetPendingIRQ	16	static
core_cm0plus.h:830:22:__NVIC_ClearPendingIRQ	16	static
core_cm0plus.h:848:22:__NVIC_SetPriority	24	static
core_cm0plus.h:872:26:__NVIC_GetPriority	16	static
core_cm0plus.h:983:34:__NVIC_SystemReset	8	static,ignoring_inline_asm
core_cm0plus.h:1054:26:SysTick_Config	16	static
stm32g0xx_hal_cortex.c:132:6:HAL_NVIC_SetPriority	24	static
stm32g0xx_hal_cortex.c:146:6:HAL_NVIC_EnableIRQ	16	static
stm32g0xx_hal_cortex.c:162:6:HAL_NVIC_DisableIRQ	16	static
stm32g0xx_hal_cortex.c:175:6:HAL_NVIC_SystemReset	8	static
stm32g0xx_hal_cortex.c:188:10:HAL_SYSTICK_Config	16	static
stm32g0xx_hal_cortex.c:219:10:HAL_NVIC_GetPriority	16	static
stm32g0xx_hal_cortex.c:232:6:HAL_NVIC_SetPendingIRQ	16	static
stm32g0xx_hal_cortex.c:250:10:HAL_NVIC_GetPendingIRQ	16	static
stm32g0xx_hal_cortex.c:266:6:HAL_NVIC_ClearPendingIRQ	16	static
stm32g0xx_hal_cortex.c:283:6:HAL_SYSTICK_CLKSourceConfig	16	static
stm32g0xx_hal_cortex.c:301:6:HAL_SYSTICK_IRQHandler	8	static
stm32g0xx_hal_cortex.c:310:13:HAL_SYSTICK_Callback	8	static
stm32g0xx_hal_cortex.c:329:6:HAL_MPU_Enable	16	static,ignoring_inline_asm
stm32g0xx_hal_cortex.c:344:6:HAL_MPU_Disable	8	static,ignoring_inline_asm
stm32g0xx_hal_cortex.c:360:6:HAL_MPU_ConfigRegion	16	static
