stm32g0xx_hal_pwr.c:91:6:HAL_PWR_DeInit	8	static
stm32g0xx_hal_pwr.c:257:6:HAL_PWR_EnableBkUpAccess	8	static
stm32g0xx_hal_pwr.c:267:6:HAL_PWR_DisableBkUpAccess	8	static
stm32g0xx_hal_pwr.c:285:19:HAL_PWR_ConfigPVD	16	static
stm32g0xx_hal_pwr.c:331:6:HAL_PWR_EnablePVD	8	static
stm32g0xx_hal_pwr.c:341:6:HAL_PWR_DisablePVD	8	static
stm32g0xx_hal_pwr.c:364:6:HAL_PWR_EnableWakeUpPin	16	static
stm32g0xx_hal_pwr.c:385:6:HAL_PWR_DisableWakeUpPin	16	static
stm32g0xx_hal_pwr.c:419:6:HAL_PWR_EnterSLEEPMode	16	static,ignoring_inline_asm
stm32g0xx_hal_pwr.c:499:6:HAL_PWR_EnterSTOPMode	16	static,ignoring_inline_asm
stm32g0xx_hal_pwr.c:554:6:HAL_PWR_EnterSTANDBYMode	8	static,ignoring_inline_asm
stm32g0xx_hal_pwr.c:581:6:HAL_PWR_EnableSleepOnExit	8	static
stm32g0xx_hal_pwr.c:595:6:HAL_PWR_DisableSleepOnExit	8	static
stm32g0xx_hal_pwr.c:609:6:HAL_PWR_EnableSEVOnPend	8	static
stm32g0xx_hal_pwr.c:622:6:HAL_PWR_DisableSEVOnPend	8	static
stm32g0xx_hal_pwr.c:634:6:HAL_PWR_PVD_IRQHandler	8	static
stm32g0xx_hal_pwr.c:661:13:HAL_PWR_PVD_Rising_Callback	8	static
stm32g0xx_hal_pwr.c:672:13:HAL_PWR_PVD_Falling_Callback	8	static
