Archive member included because of file (symbol)

c:/dave/dave-ide-4.4.2-64bit/eclipse/arm-gcc-49/bin/../lib/gcc/arm-none-eabi/4.9.3/armv6-m\libgcc.a(_udivsi3.o)
                              ./Startup/system_XMC1100.o (__aeabi_uidiv)
c:/dave/dave-ide-4.4.2-64bit/eclipse/arm-gcc-49/bin/../lib/gcc/arm-none-eabi/4.9.3/armv6-m\libgcc.a(_divsi3.o)
                              ./Libraries/XMCLib/src/xmc1_scu.o (__aeabi_idiv)
c:/dave/dave-ide-4.4.2-64bit/eclipse/arm-gcc-49/bin/../lib/gcc/arm-none-eabi/4.9.3/armv6-m\libgcc.a(_dvmd_tls.o)
                              c:/dave/dave-ide-4.4.2-64bit/eclipse/arm-gcc-49/bin/../lib/gcc/arm-none-eabi/4.9.3/armv6-m\libgcc.a(_udivsi3.o) (__aeabi_idiv0)
c:/dave/dave-ide-4.4.2-64bit/eclipse/arm-gcc-49/bin/../lib/gcc/arm-none-eabi/4.9.3/../../../../arm-none-eabi/lib/armv6-m\libg_nano.a(lib_a-errno.o)
                              ./Libraries/Newlib/syscalls.o (__errno)
c:/dave/dave-ide-4.4.2-64bit/eclipse/arm-gcc-49/bin/../lib/gcc/arm-none-eabi/4.9.3/../../../../arm-none-eabi/lib/armv6-m\libg_nano.a(lib_a-impure.o)
                              c:/dave/dave-ide-4.4.2-64bit/eclipse/arm-gcc-49/bin/../lib/gcc/arm-none-eabi/4.9.3/../../../../arm-none-eabi/lib/armv6-m\libg_nano.a(lib_a-errno.o) (_impure_ptr)
c:/dave/dave-ide-4.4.2-64bit/eclipse/arm-gcc-49/bin/../lib/gcc/arm-none-eabi/4.9.3/../../../../arm-none-eabi/lib/armv6-m\libg_nano.a(lib_a-init.o)
                              ./Startup/startup_XMC1100.o (__libc_init_array)

Discarded input sections

 .text          0x00000000        0x0 ./Startup/startup_XMC1100.o
 .data          0x00000000        0x0 ./Startup/startup_XMC1100.o
 .bss           0x00000000        0x0 ./Startup/startup_XMC1100.o
 .text          0x00000000        0x0 ./Startup/system_XMC1100.o
 .data          0x00000000        0x0 ./Startup/system_XMC1100.o
 .bss           0x00000000        0x0 ./Startup/system_XMC1100.o
 .comment       0x00000000       0x71 ./Startup/system_XMC1100.o
 .text          0x00000000        0x0 ./Libraries/XMCLib/src/xmc1_eru.o
 .data          0x00000000        0x0 ./Libraries/XMCLib/src/xmc1_eru.o
 .bss           0x00000000        0x0 ./Libraries/XMCLib/src/xmc1_eru.o
 .text.XMC_ERU_Enable
                0x00000000       0x10 ./Libraries/XMCLib/src/xmc1_eru.o
 .text.XMC_ERU_Disable
                0x00000000       0x10 ./Libraries/XMCLib/src/xmc1_eru.o
 .debug_info    0x00000000      0x380 ./Libraries/XMCLib/src/xmc1_eru.o
 .debug_abbrev  0x00000000      0x119 ./Libraries/XMCLib/src/xmc1_eru.o
 .debug_loc     0x00000000       0x70 ./Libraries/XMCLib/src/xmc1_eru.o
 .debug_aranges
                0x00000000       0x28 ./Libraries/XMCLib/src/xmc1_eru.o
 .debug_ranges  0x00000000       0x18 ./Libraries/XMCLib/src/xmc1_eru.o
 .debug_line    0x00000000      0x162 ./Libraries/XMCLib/src/xmc1_eru.o
 .debug_str     0x00000000      0x25d ./Libraries/XMCLib/src/xmc1_eru.o
 .comment       0x00000000       0x71 ./Libraries/XMCLib/src/xmc1_eru.o
 .debug_frame   0x00000000       0x50 ./Libraries/XMCLib/src/xmc1_eru.o
 .ARM.attributes
                0x00000000       0x31 ./Libraries/XMCLib/src/xmc1_eru.o
 .text          0x00000000        0x0 ./Libraries/XMCLib/src/xmc1_flash.o
 .data          0x00000000        0x0 ./Libraries/XMCLib/src/xmc1_flash.o
 .bss           0x00000000        0x0 ./Libraries/XMCLib/src/xmc1_flash.o
 .text.XMC_FLASH_IsBusy
                0x00000000       0x1c ./Libraries/XMCLib/src/xmc1_flash.o
 .text.XMC_FLASH_ClearStatus
                0x00000000       0x20 ./Libraries/XMCLib/src/xmc1_flash.o
 .text.XMC_FLASH_GetStatus
                0x00000000       0x14 ./Libraries/XMCLib/src/xmc1_flash.o
 .text.XMC_FLASH_EnableEvent
                0x00000000       0x24 ./Libraries/XMCLib/src/xmc1_flash.o
 .text.XMC_FLASH_DisableEvent
                0x00000000       0x28 ./Libraries/XMCLib/src/xmc1_flash.o
 .text.XMC_FLASH_ErasePage
                0x00000000       0x1c ./Libraries/XMCLib/src/xmc1_flash.o
 .text.XMC_FLASH_ProgramVerifyPage
                0x00000000       0x20 ./Libraries/XMCLib/src/xmc1_flash.o
 .text.XMC_FLASH_WriteBlocks
                0x00000000       0xbc ./Libraries/XMCLib/src/xmc1_flash.o
 .text.XMC_FLASH_ErasePages
                0x00000000       0x44 ./Libraries/XMCLib/src/xmc1_flash.o
 .text.XMC_FLASH_VerifyBlocks
                0x00000000       0x90 ./Libraries/XMCLib/src/xmc1_flash.o
 .text.XMC_FLASH_ReadBlocks
                0x00000000       0x4c ./Libraries/XMCLib/src/xmc1_flash.o
 .text.XMC_FLASH_EraseSector
                0x00000000       0x18 ./Libraries/XMCLib/src/xmc1_flash.o
 .text.XMC_FLASH_ProgramPage
                0x00000000       0x1c ./Libraries/XMCLib/src/xmc1_flash.o
 .debug_info    0x00000000      0x51c ./Libraries/XMCLib/src/xmc1_flash.o
 .debug_abbrev  0x00000000      0x157 ./Libraries/XMCLib/src/xmc1_flash.o
 .debug_loc     0x00000000      0x2b4 ./Libraries/XMCLib/src/xmc1_flash.o
 .debug_aranges
                0x00000000       0x80 ./Libraries/XMCLib/src/xmc1_flash.o
 .debug_ranges  0x00000000       0x70 ./Libraries/XMCLib/src/xmc1_flash.o
 .debug_line    0x00000000      0x395 ./Libraries/XMCLib/src/xmc1_flash.o
 .debug_str     0x00000000      0x60f ./Libraries/XMCLib/src/xmc1_flash.o
 .comment       0x00000000       0x71 ./Libraries/XMCLib/src/xmc1_flash.o
 .debug_frame   0x00000000      0x1a4 ./Libraries/XMCLib/src/xmc1_flash.o
 .ARM.attributes
                0x00000000       0x31 ./Libraries/XMCLib/src/xmc1_flash.o
 .text          0x00000000        0x0 ./Libraries/XMCLib/src/xmc1_gpio.o
 .data          0x00000000        0x0 ./Libraries/XMCLib/src/xmc1_gpio.o
 .bss           0x00000000        0x0 ./Libraries/XMCLib/src/xmc1_gpio.o
 .text.XMC_GPIO_SetInputHysteresis
                0x00000000       0x94 ./Libraries/XMCLib/src/xmc1_gpio.o
 .comment       0x00000000       0x71 ./Libraries/XMCLib/src/xmc1_gpio.o
 .text          0x00000000        0x0 ./Libraries/XMCLib/src/xmc1_rtc.o
 .data          0x00000000        0x0 ./Libraries/XMCLib/src/xmc1_rtc.o
 .bss           0x00000000        0x0 ./Libraries/XMCLib/src/xmc1_rtc.o
 .text.XMC_RTC_IsRunning
                0x00000000       0x1c ./Libraries/XMCLib/src/xmc1_rtc.o
 .text.XMC_SCU_GetMirrorStatus
                0x00000000       0x14 ./Libraries/XMCLib/src/xmc1_rtc.o
 .text.XMC_RTC_Init
                0x00000000       0x84 ./Libraries/XMCLib/src/xmc1_rtc.o
 .text.XMC_RTC_Enable
                0x00000000       0x14 ./Libraries/XMCLib/src/xmc1_rtc.o
 .text.XMC_RTC_Disable
                0x00000000       0x14 ./Libraries/XMCLib/src/xmc1_rtc.o
 .text.XMC_RTC_SetDebugMode
                0x00000000       0x2c ./Libraries/XMCLib/src/xmc1_rtc.o
 .text.XMC_RTC_EnableEvent
                0x00000000       0x20 ./Libraries/XMCLib/src/xmc1_rtc.o
 .text.XMC_RTC_DisableEvent
                0x00000000       0x20 ./Libraries/XMCLib/src/xmc1_rtc.o
 .text.XMC_RTC_ClearEvent
                0x00000000       0x18 ./Libraries/XMCLib/src/xmc1_rtc.o
 .text.XMC_RTC_IsEnabled
                0x00000000       0x2c ./Libraries/XMCLib/src/xmc1_rtc.o
 .debug_info    0x00000000      0x698 ./Libraries/XMCLib/src/xmc1_rtc.o
 .debug_abbrev  0x00000000      0x1da ./Libraries/XMCLib/src/xmc1_rtc.o
 .debug_loc     0x00000000      0x1f4 ./Libraries/XMCLib/src/xmc1_rtc.o
 .debug_aranges
                0x00000000       0x68 ./Libraries/XMCLib/src/xmc1_rtc.o
 .debug_ranges  0x00000000       0x58 ./Libraries/XMCLib/src/xmc1_rtc.o
 .debug_line    0x00000000      0x2c4 ./Libraries/XMCLib/src/xmc1_rtc.o
 .debug_str     0x00000000      0x575 ./Libraries/XMCLib/src/xmc1_rtc.o
 .comment       0x00000000       0x71 ./Libraries/XMCLib/src/xmc1_rtc.o
 .debug_frame   0x00000000      0x13c ./Libraries/XMCLib/src/xmc1_rtc.o
 .ARM.attributes
                0x00000000       0x31 ./Libraries/XMCLib/src/xmc1_rtc.o
 .text          0x00000000        0x0 ./Libraries/XMCLib/src/xmc1_scu.o
 .data          0x00000000        0x0 ./Libraries/XMCLib/src/xmc1_scu.o
 .bss           0x00000000        0x0 ./Libraries/XMCLib/src/xmc1_scu.o
 .bss.event_handler_list
                0x00000000       0x80 ./Libraries/XMCLib/src/xmc1_scu.o
 .data.event_masks
                0x00000000        0xc ./Libraries/XMCLib/src/xmc1_scu.o
 .text.XMC_SCU_CalcTSEVAR
                0x00000000       0x54 ./Libraries/XMCLib/src/xmc1_scu.o
 .text.XMC_SCU_INTERRUPT_EnableEvent
                0x00000000       0x20 ./Libraries/XMCLib/src/xmc1_scu.o
 .text.XMC_SCU_INTERRUPT_DisableEvent
                0x00000000       0x20 ./Libraries/XMCLib/src/xmc1_scu.o
 .text.XMC_SCU_INTERRUPT_TriggerEvent
                0x00000000       0x20 ./Libraries/XMCLib/src/xmc1_scu.o
 .text.XMC_SCU_INTERUPT_GetEventStatus
                0x00000000       0x1c ./Libraries/XMCLib/src/xmc1_scu.o
 .text.XMC_SCU_INTERRUPT_ClearEventStatus
                0x00000000       0x20 ./Libraries/XMCLib/src/xmc1_scu.o
 .text.XMC_SCU_LockProtectedBits
                0x00000000       0x14 ./Libraries/XMCLib/src/xmc1_scu.o
 .text.XMC_SCU_UnlockProtectedBits
                0x00000000       0x20 ./Libraries/XMCLib/src/xmc1_scu.o
 .text.XMC_SCU_SupplyMonitorInit
                0x00000000       0x8c ./Libraries/XMCLib/src/xmc1_scu.o
 .text.XMC_SCU_SetTempLowLimit
                0x00000000       0x48 ./Libraries/XMCLib/src/xmc1_scu.o
 .text.XMC_SCU_SetTempHighLimit
                0x00000000       0x48 ./Libraries/XMCLib/src/xmc1_scu.o
 .text.XMC_SCU_SetRawTempLimits
                0x00000000       0x24 ./Libraries/XMCLib/src/xmc1_scu.o
 .text.XMC_SCU_StartTempMeasurement
                0x00000000       0x1c ./Libraries/XMCLib/src/xmc1_scu.o
 .text.XMC_SCU_StopTempMeasurement
                0x00000000       0x1c ./Libraries/XMCLib/src/xmc1_scu.o
 .text.XMC_SCU_HighTemperature
                0x00000000       0x20 ./Libraries/XMCLib/src/xmc1_scu.o
 .text.XMC_SCU_LowTemperature
                0x00000000       0x18 ./Libraries/XMCLib/src/xmc1_scu.o
 .text.XMC_SCU_GetTemperature
                0x00000000       0x20 ./Libraries/XMCLib/src/xmc1_scu.o
 .text.XMC_SCU_CalcTemperature
                0x00000000       0x14 ./Libraries/XMCLib/src/xmc1_scu.o
 .text.XMC_SCU_CLOCK_Init
                0x00000000       0x48 ./Libraries/XMCLib/src/xmc1_scu.o
 .text.XMC_SCU_CLOCK_SetRtcClockSource
                0x00000000       0x30 ./Libraries/XMCLib/src/xmc1_scu.o
 .text.XMC_SCU_CLOCK_SetFastPeripheralClockSource
                0x00000000       0x30 ./Libraries/XMCLib/src/xmc1_scu.o
 .text.XMC_SCU_CLOCK_GatePeripheralClock
                0x00000000       0x2c ./Libraries/XMCLib/src/xmc1_scu.o
 .text.XMC_SCU_CLOCK_UngatePeripheralClock
                0x00000000       0x3c ./Libraries/XMCLib/src/xmc1_scu.o
 .text.XMC_SCU_CLOCK_IsPeripheralClockGated
                0x00000000       0x28 ./Libraries/XMCLib/src/xmc1_scu.o
 .text.XMC_SCU_CLOCK_SetMCLKFrequency
                0x00000000       0x48 ./Libraries/XMCLib/src/xmc1_scu.o
 .text.XMC_SCU_CLOCK_ScaleMCLKFrequency
                0x00000000       0xa4 ./Libraries/XMCLib/src/xmc1_scu.o
 .text.XMC_SCU_CLOCK_lFrequencyUpScaling
                0x00000000       0x54 ./Libraries/XMCLib/src/xmc1_scu.o
 .text.XMC_SCU_CLOCK_lFrequencyDownScaling
                0x00000000       0x5c ./Libraries/XMCLib/src/xmc1_scu.o
 .text.XMC_SCU_CLOCK_GetPeripheralClockFrequency
                0x00000000       0x14 ./Libraries/XMCLib/src/xmc1_scu.o
 .text.XMC_SCU_CLOCK_GetFastPeripheralClockFrequency
                0x00000000       0x28 ./Libraries/XMCLib/src/xmc1_scu.o
 .text.XMC_SCU_CLOCK_CalibrateOscillatorOnTemperature
                0x00000000       0x7c ./Libraries/XMCLib/src/xmc1_scu.o
 .text.XMC_SCU_INTERRUPT_SetEventHandler
                0x00000000       0x60 ./Libraries/XMCLib/src/xmc1_scu.o
 .text.XMC_SCU_IRQHandler
                0x00000000       0x7c ./Libraries/XMCLib/src/xmc1_scu.o
 .text.XMC_SCU_SetBMI
                0x00000000       0x3c ./Libraries/XMCLib/src/xmc1_scu.o
 .debug_info    0x00000000      0xcfd ./Libraries/XMCLib/src/xmc1_scu.o
 .debug_abbrev  0x00000000      0x22c ./Libraries/XMCLib/src/xmc1_scu.o
 .debug_loc     0x00000000      0x704 ./Libraries/XMCLib/src/xmc1_scu.o
 .debug_aranges
                0x00000000      0x128 ./Libraries/XMCLib/src/xmc1_scu.o
 .debug_ranges  0x00000000      0x118 ./Libraries/XMCLib/src/xmc1_scu.o
 .debug_line    0x00000000      0x4ec ./Libraries/XMCLib/src/xmc1_scu.o
 .debug_str     0x00000000      0xba8 ./Libraries/XMCLib/src/xmc1_scu.o
 .comment       0x00000000       0x71 ./Libraries/XMCLib/src/xmc1_scu.o
 .debug_frame   0x00000000      0x42c ./Libraries/XMCLib/src/xmc1_scu.o
 .ARM.attributes
                0x00000000       0x31 ./Libraries/XMCLib/src/xmc1_scu.o
 .text          0x00000000        0x0 ./Libraries/XMCLib/src/xmc_acmp.o
 .data          0x00000000        0x0 ./Libraries/XMCLib/src/xmc_acmp.o
 .bss           0x00000000        0x0 ./Libraries/XMCLib/src/xmc_acmp.o
 .debug_info    0x00000000       0x72 ./Libraries/XMCLib/src/xmc_acmp.o
 .debug_abbrev  0x00000000       0x26 ./Libraries/XMCLib/src/xmc_acmp.o
 .debug_aranges
                0x00000000       0x18 ./Libraries/XMCLib/src/xmc_acmp.o
 .debug_line    0x00000000       0x1d ./Libraries/XMCLib/src/xmc_acmp.o
 .debug_str     0x00000000      0x198 ./Libraries/XMCLib/src/xmc_acmp.o
 .comment       0x00000000       0x71 ./Libraries/XMCLib/src/xmc_acmp.o
 .ARM.attributes
                0x00000000       0x31 ./Libraries/XMCLib/src/xmc_acmp.o
 .text          0x00000000        0x0 ./Libraries/XMCLib/src/xmc_bccu.o
 .data          0x00000000        0x0 ./Libraries/XMCLib/src/xmc_bccu.o
 .bss           0x00000000        0x0 ./Libraries/XMCLib/src/xmc_bccu.o
 .debug_info    0x00000000       0x72 ./Libraries/XMCLib/src/xmc_bccu.o
 .debug_abbrev  0x00000000       0x26 ./Libraries/XMCLib/src/xmc_bccu.o
 .debug_aranges
                0x00000000       0x18 ./Libraries/XMCLib/src/xmc_bccu.o
 .debug_line    0x00000000       0x1d ./Libraries/XMCLib/src/xmc_bccu.o
 .debug_str     0x00000000      0x198 ./Libraries/XMCLib/src/xmc_bccu.o
 .comment       0x00000000       0x71 ./Libraries/XMCLib/src/xmc_bccu.o
 .ARM.attributes
                0x00000000       0x31 ./Libraries/XMCLib/src/xmc_bccu.o
 .text          0x00000000        0x0 ./Libraries/XMCLib/src/xmc_can.o
 .data          0x00000000        0x0 ./Libraries/XMCLib/src/xmc_can.o
 .bss           0x00000000        0x0 ./Libraries/XMCLib/src/xmc_can.o
 .debug_info    0x00000000       0x72 ./Libraries/XMCLib/src/xmc_can.o
 .debug_abbrev  0x00000000       0x26 ./Libraries/XMCLib/src/xmc_can.o
 .debug_aranges
                0x00000000       0x18 ./Libraries/XMCLib/src/xmc_can.o
 .debug_line    0x00000000       0x1d ./Libraries/XMCLib/src/xmc_can.o
 .debug_str     0x00000000      0x197 ./Libraries/XMCLib/src/xmc_can.o
 .comment       0x00000000       0x71 ./Libraries/XMCLib/src/xmc_can.o
 .ARM.attributes
                0x00000000       0x31 ./Libraries/XMCLib/src/xmc_can.o
 .text          0x00000000        0x0 ./Libraries/XMCLib/src/xmc_ccu4.o
 .data          0x00000000        0x0 ./Libraries/XMCLib/src/xmc_ccu4.o
 .bss           0x00000000        0x0 ./Libraries/XMCLib/src/xmc_ccu4.o
 .text.XMC_CCU4_StartPrescaler
                0x00000000       0x1c ./Libraries/XMCLib/src/xmc_ccu4.o
 .text.XMC_CCU4_SLICE_SetDitherCompareValue
                0x00000000       0x1c ./Libraries/XMCLib/src/xmc_ccu4.o
 .text.XMC_CCU4_lGateClock
                0x00000000       0x20 ./Libraries/XMCLib/src/xmc_ccu4.o
 .text.XMC_CCU4_lUngateClock
                0x00000000       0x20 ./Libraries/XMCLib/src/xmc_ccu4.o
 .text.XMC_CCU4_EnableModule
                0x00000000       0x18 ./Libraries/XMCLib/src/xmc_ccu4.o
 .text.XMC_CCU4_DisableModule
                0x00000000       0x18 ./Libraries/XMCLib/src/xmc_ccu4.o
 .text.XMC_CCU4_Init
                0x00000000       0x48 ./Libraries/XMCLib/src/xmc_ccu4.o
 .text.XMC_CCU4_SetModuleClock
                0x00000000       0x34 ./Libraries/XMCLib/src/xmc_ccu4.o
 .text.XMC_CCU4_SetMultiChannelShadowTransferMode
                0x00000000       0x34 ./Libraries/XMCLib/src/xmc_ccu4.o
 .text.XMC_CCU4_SLICE_CompareInit
                0x00000000       0x68 ./Libraries/XMCLib/src/xmc_ccu4.o
 .text.XMC_CCU4_SLICE_CaptureInit
                0x00000000       0x48 ./Libraries/XMCLib/src/xmc_ccu4.o
 .text.XMC_CCU4_SLICE_StartConfig
                0x00000000       0x68 ./Libraries/XMCLib/src/xmc_ccu4.o
 .text.XMC_CCU4_SLICE_StopConfig
                0x00000000       0x64 ./Libraries/XMCLib/src/xmc_ccu4.o
 .text.XMC_CCU4_SLICE_LoadConfig
                0x00000000       0x38 ./Libraries/XMCLib/src/xmc_ccu4.o
 .text.XMC_CCU4_SLICE_ModulationConfig
                0x00000000       0x98 ./Libraries/XMCLib/src/xmc_ccu4.o
 .text.XMC_CCU4_SLICE_CountConfig
                0x00000000       0x38 ./Libraries/XMCLib/src/xmc_ccu4.o
 .text.XMC_CCU4_SLICE_GateConfig
                0x00000000       0x38 ./Libraries/XMCLib/src/xmc_ccu4.o
 .text.XMC_CCU4_SLICE_Capture0Config
                0x00000000       0x34 ./Libraries/XMCLib/src/xmc_ccu4.o
 .text.XMC_CCU4_SLICE_Capture1Config
                0x00000000       0x34 ./Libraries/XMCLib/src/xmc_ccu4.o
 .text.XMC_CCU4_SLICE_DirectionConfig
                0x00000000       0x38 ./Libraries/XMCLib/src/xmc_ccu4.o
 .text.XMC_CCU4_SLICE_StatusBitOverrideConfig
                0x00000000       0x30 ./Libraries/XMCLib/src/xmc_ccu4.o
 .text.XMC_CCU4_SLICE_TrapConfig
                0x00000000       0x8c ./Libraries/XMCLib/src/xmc_ccu4.o
 .text.XMC_CCU4_SLICE_ConfigureStatusBitOverrideEvent
                0x00000000       0xdc ./Libraries/XMCLib/src/xmc_ccu4.o
 .text.XMC_CCU4_SLICE_ConfigureEvent
                0x00000000      0x11c ./Libraries/XMCLib/src/xmc_ccu4.o
 .text.XMC_CCU4_SLICE_SetInput
                0x00000000       0x6c ./Libraries/XMCLib/src/xmc_ccu4.o
 .text.XMC_CCU4_SLICE_SetTimerRepeatMode
                0x00000000       0x38 ./Libraries/XMCLib/src/xmc_ccu4.o
 .text.XMC_CCU4_SLICE_SetTimerCountingMode
                0x00000000       0x38 ./Libraries/XMCLib/src/xmc_ccu4.o
 .text.XMC_CCU4_SLICE_GetCaptureRegisterValue
                0x00000000       0x24 ./Libraries/XMCLib/src/xmc_ccu4.o
 .text.XMC_CCU4_SLICE_GetLastCapturedTimerValue
                0x00000000       0xd4 ./Libraries/XMCLib/src/xmc_ccu4.o
 .text.XMC_CCU4_SLICE_GetCapturedValueFromFifo
                0x00000000       0x34 ./Libraries/XMCLib/src/xmc_ccu4.o
 .text.XMC_CCU4_SLICE_EnableDithering
                0x00000000       0x70 ./Libraries/XMCLib/src/xmc_ccu4.o
 .text.XMC_CCU4_SLICE_SetPrescaler
                0x00000000       0x40 ./Libraries/XMCLib/src/xmc_ccu4.o
 .text.XMC_CCU4_SLICE_SetInterruptNode
                0x00000000       0x98 ./Libraries/XMCLib/src/xmc_ccu4.o
 .rodata.XMC_CCU4_SLICE_SetInterruptNode
                0x00000000       0x28 ./Libraries/XMCLib/src/xmc_ccu4.o
 .text.XMC_CCU4_SLICE_SetPassiveLevel
                0x00000000       0x34 ./Libraries/XMCLib/src/xmc_ccu4.o
 .debug_info    0x00000000     0x1490 ./Libraries/XMCLib/src/xmc_ccu4.o
 .debug_abbrev  0x00000000      0x1eb ./Libraries/XMCLib/src/xmc_ccu4.o
 .debug_loc     0x00000000      0x770 ./Libraries/XMCLib/src/xmc_ccu4.o
 .debug_aranges
                0x00000000      0x128 ./Libraries/XMCLib/src/xmc_ccu4.o
 .debug_ranges  0x00000000      0x118 ./Libraries/XMCLib/src/xmc_ccu4.o
 .debug_line    0x00000000      0x544 ./Libraries/XMCLib/src/xmc_ccu4.o
 .debug_str     0x00000000     0x17a1 ./Libraries/XMCLib/src/xmc_ccu4.o
 .comment       0x00000000       0x71 ./Libraries/XMCLib/src/xmc_ccu4.o
 .debug_frame   0x00000000      0x458 ./Libraries/XMCLib/src/xmc_ccu4.o
 .ARM.attributes
                0x00000000       0x31 ./Libraries/XMCLib/src/xmc_ccu4.o
 .text          0x00000000        0x0 ./Libraries/XMCLib/src/xmc_ccu8.o
 .data          0x00000000        0x0 ./Libraries/XMCLib/src/xmc_ccu8.o
 .bss           0x00000000        0x0 ./Libraries/XMCLib/src/xmc_ccu8.o
 .debug_info    0x00000000       0x72 ./Libraries/XMCLib/src/xmc_ccu8.o
 .debug_abbrev  0x00000000       0x26 ./Libraries/XMCLib/src/xmc_ccu8.o
 .debug_aranges
                0x00000000       0x18 ./Libraries/XMCLib/src/xmc_ccu8.o
 .debug_line    0x00000000       0x1d ./Libraries/XMCLib/src/xmc_ccu8.o
 .debug_str     0x00000000      0x198 ./Libraries/XMCLib/src/xmc_ccu8.o
 .comment       0x00000000       0x71 ./Libraries/XMCLib/src/xmc_ccu8.o
 .ARM.attributes
                0x00000000       0x31 ./Libraries/XMCLib/src/xmc_ccu8.o
 .text          0x00000000        0x0 ./Libraries/XMCLib/src/xmc_common.o
 .data          0x00000000        0x0 ./Libraries/XMCLib/src/xmc_common.o
 .bss           0x00000000        0x0 ./Libraries/XMCLib/src/xmc_common.o
 .text.XMC_PRIOARRAY_GetHead
                0x00000000       0x28 ./Libraries/XMCLib/src/xmc_common.o
 .text.XMC_PRIOARRAY_GetItemPriority
                0x00000000       0x24 ./Libraries/XMCLib/src/xmc_common.o
 .text.XMC_PRIOARRAY_GetItemNext
                0x00000000       0x24 ./Libraries/XMCLib/src/xmc_common.o
 .text.XMC_LIST_Init
                0x00000000       0x14 ./Libraries/XMCLib/src/xmc_common.o
 .text.XMC_LIST_GetHead
                0x00000000       0x14 ./Libraries/XMCLib/src/xmc_common.o
 .text.XMC_LIST_GetTail
                0x00000000       0x38 ./Libraries/XMCLib/src/xmc_common.o
 .text.XMC_LIST_Add
                0x00000000       0x38 ./Libraries/XMCLib/src/xmc_common.o
 .text.XMC_LIST_Remove
                0x00000000       0x5c ./Libraries/XMCLib/src/xmc_common.o
 .text.XMC_LIST_Insert
                0x00000000       0x38 ./Libraries/XMCLib/src/xmc_common.o
 .text.XMC_PRIOARRAY_Init
                0x00000000       0xb0 ./Libraries/XMCLib/src/xmc_common.o
 .text.XMC_PRIOARRAY_Add
                0x00000000       0xbc ./Libraries/XMCLib/src/xmc_common.o
 .text.XMC_PRIOARRAY_Remove
                0x00000000       0x60 ./Libraries/XMCLib/src/xmc_common.o
 .debug_info    0x00000000      0x439 ./Libraries/XMCLib/src/xmc_common.o
 .debug_abbrev  0x00000000      0x116 ./Libraries/XMCLib/src/xmc_common.o
 .debug_loc     0x00000000      0x2a0 ./Libraries/XMCLib/src/xmc_common.o
 .debug_aranges
                0x00000000       0x78 ./Libraries/XMCLib/src/xmc_common.o
 .debug_ranges  0x00000000       0x68 ./Libraries/XMCLib/src/xmc_common.o
 .debug_line    0x00000000      0x276 ./Libraries/XMCLib/src/xmc_common.o
 .debug_str     0x00000000      0x33b ./Libraries/XMCLib/src/xmc_common.o
 .comment       0x00000000       0x71 ./Libraries/XMCLib/src/xmc_common.o
 .debug_frame   0x00000000      0x190 ./Libraries/XMCLib/src/xmc_common.o
 .ARM.attributes
                0x00000000       0x31 ./Libraries/XMCLib/src/xmc_common.o
 .text          0x00000000        0x0 ./Libraries/XMCLib/src/xmc_eru.o
 .data          0x00000000        0x0 ./Libraries/XMCLib/src/xmc_eru.o
 .bss           0x00000000        0x0 ./Libraries/XMCLib/src/xmc_eru.o
 .text.XMC_ERU_ETL_Init
                0x00000000       0x5c ./Libraries/XMCLib/src/xmc_eru.o
 .text.XMC_ERU_OGU_Init
                0x00000000       0x34 ./Libraries/XMCLib/src/xmc_eru.o
 .text.XMC_ERU_ETL_SetInput
                0x00000000       0x54 ./Libraries/XMCLib/src/xmc_eru.o
 .text.XMC_ERU_ETL_SetSource
                0x00000000       0x48 ./Libraries/XMCLib/src/xmc_eru.o
 .text.XMC_ERU_ETL_SetEdgeDetection
                0x00000000       0x44 ./Libraries/XMCLib/src/xmc_eru.o
 .text.XMC_ERU_ETL_GetEdgeDetection
                0x00000000       0x2c ./Libraries/XMCLib/src/xmc_eru.o
 .text.XMC_ERU_ETL_SetStatusFlagMode
                0x00000000       0x44 ./Libraries/XMCLib/src/xmc_eru.o
 .text.XMC_ERU_ETL_EnableOutputTrigger
                0x00000000       0x54 ./Libraries/XMCLib/src/xmc_eru.o
 .text.XMC_ERU_ETL_DisableOutputTrigger
                0x00000000       0x28 ./Libraries/XMCLib/src/xmc_eru.o
 .text.XMC_ERU_OGU_EnablePatternDetection
                0x00000000       0x58 ./Libraries/XMCLib/src/xmc_eru.o
 .text.XMC_ERU_OGU_DisablePatternDetection
                0x00000000       0x28 ./Libraries/XMCLib/src/xmc_eru.o
 .text.XMC_ERU_OGU_EnablePeripheralTrigger
                0x00000000       0x40 ./Libraries/XMCLib/src/xmc_eru.o
 .text.XMC_ERU_OGU_DisablePeripheralTrigger
                0x00000000       0x28 ./Libraries/XMCLib/src/xmc_eru.o
 .text.XMC_ERU_OGU_SetServiceRequestMode
                0x00000000       0x44 ./Libraries/XMCLib/src/xmc_eru.o
 .debug_info    0x00000000      0xa86 ./Libraries/XMCLib/src/xmc_eru.o
 .debug_abbrev  0x00000000      0x1d7 ./Libraries/XMCLib/src/xmc_eru.o
 .debug_loc     0x00000000      0x310 ./Libraries/XMCLib/src/xmc_eru.o
 .debug_aranges
                0x00000000       0x88 ./Libraries/XMCLib/src/xmc_eru.o
 .debug_ranges  0x00000000       0x78 ./Libraries/XMCLib/src/xmc_eru.o
 .debug_line    0x00000000      0x250 ./Libraries/XMCLib/src/xmc_eru.o
 .debug_str     0x00000000      0xc1b ./Libraries/XMCLib/src/xmc_eru.o
 .comment       0x00000000       0x71 ./Libraries/XMCLib/src/xmc_eru.o
 .debug_frame   0x00000000      0x1f0 ./Libraries/XMCLib/src/xmc_eru.o
 .ARM.attributes
                0x00000000       0x31 ./Libraries/XMCLib/src/xmc_eru.o
 .text          0x00000000        0x0 ./Libraries/XMCLib/src/xmc_gpio.o
 .data          0x00000000        0x0 ./Libraries/XMCLib/src/xmc_gpio.o
 .bss           0x00000000        0x0 ./Libraries/XMCLib/src/xmc_gpio.o
 .text.XMC_GPIO_SetMode
                0x00000000       0x90 ./Libraries/XMCLib/src/xmc_gpio.o
 .comment       0x00000000       0x71 ./Libraries/XMCLib/src/xmc_gpio.o
 .text          0x00000000        0x0 ./Libraries/XMCLib/src/xmc_i2c.o
 .data          0x00000000        0x0 ./Libraries/XMCLib/src/xmc_i2c.o
 .bss           0x00000000        0x0 ./Libraries/XMCLib/src/xmc_i2c.o
 .text.XMC_USIC_CH_GetTransmitBufferStatus
                0x00000000       0x1c ./Libraries/XMCLib/src/xmc_i2c.o
 .text.XMC_USIC_CH_SetMode
                0x00000000       0x28 ./Libraries/XMCLib/src/xmc_i2c.o
 .text.XMC_I2C_CH_ClearStatusFlag
                0x00000000       0x1c ./Libraries/XMCLib/src/xmc_i2c.o
 .text.XMC_I2C_CH_Init
                0x00000000       0x54 ./Libraries/XMCLib/src/xmc_i2c.o
 .text.XMC_I2C_CH_SetSlaveAddress
                0x00000000       0x50 ./Libraries/XMCLib/src/xmc_i2c.o
 .text.XMC_I2C_CH_GetSlaveAddress
                0x00000000       0x44 ./Libraries/XMCLib/src/xmc_i2c.o
 .text.XMC_I2C_CH_SetBaudrate
                0x00000000       0x98 ./Libraries/XMCLib/src/xmc_i2c.o
 .text.XMC_I2C_CH_MasterStart
                0x00000000       0x80 ./Libraries/XMCLib/src/xmc_i2c.o
 .text.XMC_I2C_CH_MasterRepeatedStart
                0x00000000       0x80 ./Libraries/XMCLib/src/xmc_i2c.o
 .text.XMC_I2C_CH_MasterStop
                0x00000000       0x54 ./Libraries/XMCLib/src/xmc_i2c.o
 .text.XMC_I2C_CH_MasterTransmit
                0x00000000       0x5c ./Libraries/XMCLib/src/xmc_i2c.o
 .text.XMC_I2C_CH_SlaveTransmit
                0x00000000       0x68 ./Libraries/XMCLib/src/xmc_i2c.o
 .text.XMC_I2C_CH_MasterReceiveAck
                0x00000000       0x54 ./Libraries/XMCLib/src/xmc_i2c.o
 .text.XMC_I2C_CH_MasterReceiveNack
                0x00000000       0x54 ./Libraries/XMCLib/src/xmc_i2c.o
 .text.XMC_I2C_CH_GetReceivedData
                0x00000000       0x40 ./Libraries/XMCLib/src/xmc_i2c.o
 .text.XMC_I2C_CH_Stop
                0x00000000       0x44 ./Libraries/XMCLib/src/xmc_i2c.o
 .text.XMC_I2C_CH_EnableEvent
                0x00000000       0x38 ./Libraries/XMCLib/src/xmc_i2c.o
 .text.XMC_I2C_CH_DisableEvent
                0x00000000       0x3c ./Libraries/XMCLib/src/xmc_i2c.o
 .debug_info    0x00000000      0xa30 ./Libraries/XMCLib/src/xmc_i2c.o
 .debug_abbrev  0x00000000      0x26f ./Libraries/XMCLib/src/xmc_i2c.o
 .debug_loc     0x00000000      0x3f0 ./Libraries/XMCLib/src/xmc_i2c.o
 .debug_aranges
                0x00000000       0xa8 ./Libraries/XMCLib/src/xmc_i2c.o
 .debug_ranges  0x00000000       0x98 ./Libraries/XMCLib/src/xmc_i2c.o
 .debug_line    0x00000000      0x325 ./Libraries/XMCLib/src/xmc_i2c.o
 .debug_str     0x00000000      0xc2b ./Libraries/XMCLib/src/xmc_i2c.o
 .comment       0x00000000       0x71 ./Libraries/XMCLib/src/xmc_i2c.o
 .debug_frame   0x00000000      0x250 ./Libraries/XMCLib/src/xmc_i2c.o
 .ARM.attributes
                0x00000000       0x31 ./Libraries/XMCLib/src/xmc_i2c.o
 .text          0x00000000        0x0 ./Libraries/XMCLib/src/xmc_i2s.o
 .data          0x00000000        0x0 ./Libraries/XMCLib/src/xmc_i2s.o
 .bss           0x00000000        0x0 ./Libraries/XMCLib/src/xmc_i2s.o
 .text.XMC_USIC_CH_GetTransmitBufferStatus
                0x00000000       0x1c ./Libraries/XMCLib/src/xmc_i2s.o
 .text.XMC_USIC_CH_SetMode
                0x00000000       0x28 ./Libraries/XMCLib/src/xmc_i2s.o
 .text.XMC_I2S_CH_ClearStatusFlag
                0x00000000       0x1c ./Libraries/XMCLib/src/xmc_i2s.o
 .text.XMC_I2S_CH_Init
                0x00000000       0xa8 ./Libraries/XMCLib/src/xmc_i2s.o
 .text.XMC_I2S_CH_SetBaudrate
                0x00000000       0x58 ./Libraries/XMCLib/src/xmc_i2s.o
 .text.XMC_I2S_CH_SetSystemWordLength
                0x00000000      0x124 ./Libraries/XMCLib/src/xmc_i2s.o
 .text.XMC_I2S_CH_Transmit
                0x00000000       0x74 ./Libraries/XMCLib/src/xmc_i2s.o
 .text.XMC_I2S_CH_GetReceivedData
                0x00000000       0x40 ./Libraries/XMCLib/src/xmc_i2s.o
 .text.XMC_I2S_CH_Stop
                0x00000000       0x44 ./Libraries/XMCLib/src/xmc_i2s.o
 .text.XMC_I2S_CH_EnableEvent
                0x00000000       0x38 ./Libraries/XMCLib/src/xmc_i2s.o
 .text.XMC_I2S_CH_DisableEvent
                0x00000000       0x3c ./Libraries/XMCLib/src/xmc_i2s.o
 .debug_info    0x00000000      0x8ee ./Libraries/XMCLib/src/xmc_i2s.o
 .debug_abbrev  0x00000000      0x207 ./Libraries/XMCLib/src/xmc_i2s.o
 .debug_loc     0x00000000      0x268 ./Libraries/XMCLib/src/xmc_i2s.o
 .debug_aranges
                0x00000000       0x70 ./Libraries/XMCLib/src/xmc_i2s.o
 .debug_ranges  0x00000000       0x60 ./Libraries/XMCLib/src/xmc_i2s.o
 .debug_line    0x00000000      0x2f4 ./Libraries/XMCLib/src/xmc_i2s.o
 .debug_str     0x00000000      0xacd ./Libraries/XMCLib/src/xmc_i2s.o
 .comment       0x00000000       0x71 ./Libraries/XMCLib/src/xmc_i2s.o
 .debug_frame   0x00000000      0x170 ./Libraries/XMCLib/src/xmc_i2s.o
 .ARM.attributes
                0x00000000       0x31 ./Libraries/XMCLib/src/xmc_i2s.o
 .text          0x00000000        0x0 ./Libraries/XMCLib/src/xmc_ledts.o
 .data          0x00000000        0x0 ./Libraries/XMCLib/src/xmc_ledts.o
 .bss           0x00000000        0x0 ./Libraries/XMCLib/src/xmc_ledts.o
 .debug_info    0x00000000       0x72 ./Libraries/XMCLib/src/xmc_ledts.o
 .debug_abbrev  0x00000000       0x26 ./Libraries/XMCLib/src/xmc_ledts.o
 .debug_aranges
                0x00000000       0x18 ./Libraries/XMCLib/src/xmc_ledts.o
 .debug_line    0x00000000       0x1d ./Libraries/XMCLib/src/xmc_ledts.o
 .debug_str     0x00000000      0x199 ./Libraries/XMCLib/src/xmc_ledts.o
 .comment       0x00000000       0x71 ./Libraries/XMCLib/src/xmc_ledts.o
 .ARM.attributes
                0x00000000       0x31 ./Libraries/XMCLib/src/xmc_ledts.o
 .text          0x00000000        0x0 ./Libraries/XMCLib/src/xmc_math.o
 .data          0x00000000        0x0 ./Libraries/XMCLib/src/xmc_math.o
 .bss           0x00000000        0x0 ./Libraries/XMCLib/src/xmc_math.o
 .debug_info    0x00000000       0x72 ./Libraries/XMCLib/src/xmc_math.o
 .debug_abbrev  0x00000000       0x26 ./Libraries/XMCLib/src/xmc_math.o
 .debug_aranges
                0x00000000       0x18 ./Libraries/XMCLib/src/xmc_math.o
 .debug_line    0x00000000       0x1d ./Libraries/XMCLib/src/xmc_math.o
 .debug_str     0x00000000      0x198 ./Libraries/XMCLib/src/xmc_math.o
 .comment       0x00000000       0x71 ./Libraries/XMCLib/src/xmc_math.o
 .ARM.attributes
                0x00000000       0x31 ./Libraries/XMCLib/src/xmc_math.o
 .text          0x00000000        0x0 ./Libraries/XMCLib/src/xmc_pau.o
 .data          0x00000000        0x0 ./Libraries/XMCLib/src/xmc_pau.o
 .bss           0x00000000        0x0 ./Libraries/XMCLib/src/xmc_pau.o
 .text.XMC_PAU_EnablePeripheralAccess
                0x00000000       0x38 ./Libraries/XMCLib/src/xmc_pau.o
 .text.XMC_PAU_DisablePeripheralAccess
                0x00000000       0x34 ./Libraries/XMCLib/src/xmc_pau.o
 .text.XMC_PAU_IsPeripheralAccessEnabled
                0x00000000       0x30 ./Libraries/XMCLib/src/xmc_pau.o
 .text.XMC_PAU_IsPeripheralAvailable
                0x00000000       0x30 ./Libraries/XMCLib/src/xmc_pau.o
 .debug_info    0x00000000      0x35f ./Libraries/XMCLib/src/xmc_pau.o
 .debug_abbrev  0x00000000      0x108 ./Libraries/XMCLib/src/xmc_pau.o
 .debug_loc     0x00000000       0xe0 ./Libraries/XMCLib/src/xmc_pau.o
 .debug_aranges
                0x00000000       0x38 ./Libraries/XMCLib/src/xmc_pau.o
 .debug_ranges  0x00000000       0x28 ./Libraries/XMCLib/src/xmc_pau.o
 .debug_line    0x00000000      0x18e ./Libraries/XMCLib/src/xmc_pau.o
 .debug_str     0x00000000      0x4a9 ./Libraries/XMCLib/src/xmc_pau.o
 .comment       0x00000000       0x71 ./Libraries/XMCLib/src/xmc_pau.o
 .debug_frame   0x00000000       0x90 ./Libraries/XMCLib/src/xmc_pau.o
 .ARM.attributes
                0x00000000       0x31 ./Libraries/XMCLib/src/xmc_pau.o
 .text          0x00000000        0x0 ./Libraries/XMCLib/src/xmc_posif.o
 .data          0x00000000        0x0 ./Libraries/XMCLib/src/xmc_posif.o
 .bss           0x00000000        0x0 ./Libraries/XMCLib/src/xmc_posif.o
 .debug_info    0x00000000       0x72 ./Libraries/XMCLib/src/xmc_posif.o
 .debug_abbrev  0x00000000       0x26 ./Libraries/XMCLib/src/xmc_posif.o
 .debug_aranges
                0x00000000       0x18 ./Libraries/XMCLib/src/xmc_posif.o
 .debug_line    0x00000000       0x1d ./Libraries/XMCLib/src/xmc_posif.o
 .debug_str     0x00000000      0x199 ./Libraries/XMCLib/src/xmc_posif.o
 .comment       0x00000000       0x71 ./Libraries/XMCLib/src/xmc_posif.o
 .ARM.attributes
                0x00000000       0x31 ./Libraries/XMCLib/src/xmc_posif.o
 .text          0x00000000        0x0 ./Libraries/XMCLib/src/xmc_prng.o
 .data          0x00000000        0x0 ./Libraries/XMCLib/src/xmc_prng.o
 .bss           0x00000000        0x0 ./Libraries/XMCLib/src/xmc_prng.o
 .text.XMC_PRNG_SetRandomDataBlockSize
                0x00000000       0x34 ./Libraries/XMCLib/src/xmc_prng.o
 .text.XMC_PRNG_CheckValidStatus
                0x00000000       0x1c ./Libraries/XMCLib/src/xmc_prng.o
 .text.XMC_PRNG_EnableKeyLoadingMode
                0x00000000       0x1c ./Libraries/XMCLib/src/xmc_prng.o
 .text.XMC_PRNG_EnableStreamingMode
                0x00000000       0x1c ./Libraries/XMCLib/src/xmc_prng.o
 .text.XMC_PRNG_LoadKeyWords
                0x00000000       0x20 ./Libraries/XMCLib/src/xmc_prng.o
 .text.XMC_PRNG_Init
                0x00000000       0xd8 ./Libraries/XMCLib/src/xmc_prng.o
 .debug_info    0x00000000      0x2c4 ./Libraries/XMCLib/src/xmc_prng.o
 .debug_abbrev  0x00000000      0x15f ./Libraries/XMCLib/src/xmc_prng.o
 .debug_loc     0x00000000      0x12c ./Libraries/XMCLib/src/xmc_prng.o
 .debug_aranges
                0x00000000       0x48 ./Libraries/XMCLib/src/xmc_prng.o
 .debug_ranges  0x00000000       0x38 ./Libraries/XMCLib/src/xmc_prng.o
 .debug_line    0x00000000      0x238 ./Libraries/XMCLib/src/xmc_prng.o
 .debug_str     0x00000000      0x3a1 ./Libraries/XMCLib/src/xmc_prng.o
 .comment       0x00000000       0x71 ./Libraries/XMCLib/src/xmc_prng.o
 .debug_frame   0x00000000       0xc4 ./Libraries/XMCLib/src/xmc_prng.o
 .ARM.attributes
                0x00000000       0x31 ./Libraries/XMCLib/src/xmc_prng.o
 .text          0x00000000        0x0 ./Libraries/XMCLib/src/xmc_rtc.o
 .data          0x00000000        0x0 ./Libraries/XMCLib/src/xmc_rtc.o
 .bss           0x00000000        0x0 ./Libraries/XMCLib/src/xmc_rtc.o
 .text.XMC_SCU_GetMirrorStatus
                0x00000000       0x14 ./Libraries/XMCLib/src/xmc_rtc.o
 .text.XMC_RTC_Start
                0x00000000       0x28 ./Libraries/XMCLib/src/xmc_rtc.o
 .text.XMC_RTC_Stop
                0x00000000       0x28 ./Libraries/XMCLib/src/xmc_rtc.o
 .text.XMC_RTC_SetPrescaler
                0x00000000       0x38 ./Libraries/XMCLib/src/xmc_rtc.o
 .text.XMC_RTC_SetTime
                0x00000000       0x30 ./Libraries/XMCLib/src/xmc_rtc.o
 .text.XMC_RTC_GetTime
                0x00000000       0x24 ./Libraries/XMCLib/src/xmc_rtc.o
 .text.XMC_RTC_SetTimeStdFormat
                0x00000000      0x118 ./Libraries/XMCLib/src/xmc_rtc.o
 .text.XMC_RTC_GetTimeStdFormat
                0x00000000       0xa4 ./Libraries/XMCLib/src/xmc_rtc.o
 .text.XMC_RTC_SetAlarm
                0x00000000       0x30 ./Libraries/XMCLib/src/xmc_rtc.o
 .text.XMC_RTC_GetAlarm
                0x00000000       0x24 ./Libraries/XMCLib/src/xmc_rtc.o
 .text.XMC_RTC_SetAlarmStdFormat
                0x00000000       0xf4 ./Libraries/XMCLib/src/xmc_rtc.o
 .text.XMC_RTC_GetAlarmStdFormat
                0x00000000       0x94 ./Libraries/XMCLib/src/xmc_rtc.o
 .text.XMC_RTC_GetEventStatus
                0x00000000       0x14 ./Libraries/XMCLib/src/xmc_rtc.o
 .debug_info    0x00000000      0x779 ./Libraries/XMCLib/src/xmc_rtc.o
 .debug_abbrev  0x00000000      0x212 ./Libraries/XMCLib/src/xmc_rtc.o
 .debug_loc     0x00000000      0x2a8 ./Libraries/XMCLib/src/xmc_rtc.o
 .debug_aranges
                0x00000000       0x80 ./Libraries/XMCLib/src/xmc_rtc.o
 .debug_ranges  0x00000000       0x70 ./Libraries/XMCLib/src/xmc_rtc.o
 .debug_line    0x00000000      0x32d ./Libraries/XMCLib/src/xmc_rtc.o
 .debug_str     0x00000000      0x48c ./Libraries/XMCLib/src/xmc_rtc.o
 .comment       0x00000000       0x71 ./Libraries/XMCLib/src/xmc_rtc.o
 .debug_frame   0x00000000      0x1a0 ./Libraries/XMCLib/src/xmc_rtc.o
 .ARM.attributes
                0x00000000       0x31 ./Libraries/XMCLib/src/xmc_rtc.o
 .text          0x00000000        0x0 ./Libraries/XMCLib/src/xmc_spi.o
 .data          0x00000000        0x0 ./Libraries/XMCLib/src/xmc_spi.o
 .bss           0x00000000        0x0 ./Libraries/XMCLib/src/xmc_spi.o
 .text.XMC_USIC_CH_GetTransmitBufferStatus
                0x00000000       0x1c ./Libraries/XMCLib/src/xmc_spi.o
 .text.XMC_USIC_CH_SetMode
                0x00000000       0x28 ./Libraries/XMCLib/src/xmc_spi.o
 .text.XMC_SPI_CH_ClearStatusFlag
                0x00000000       0x1c ./Libraries/XMCLib/src/xmc_spi.o
 .text.XMC_SPI_CH_Init
                0x00000000       0x6c ./Libraries/XMCLib/src/xmc_spi.o
 .text.XMC_SPI_CH_SetBaudrate
                0x00000000       0x48 ./Libraries/XMCLib/src/xmc_spi.o
 .text.XMC_SPI_CH_EnableSlaveSelect
                0x00000000       0x2c ./Libraries/XMCLib/src/xmc_spi.o
 .text.XMC_SPI_CH_DisableSlaveSelect
                0x00000000       0x28 ./Libraries/XMCLib/src/xmc_spi.o
 .text.XMC_SPI_CH_Transmit
                0x00000000       0x88 ./Libraries/XMCLib/src/xmc_spi.o
 .text.XMC_SPI_CH_GetReceivedData
                0x00000000       0x40 ./Libraries/XMCLib/src/xmc_spi.o
 .text.XMC_SPI_CH_SetInterwordDelay
                0x00000000      0x138 ./Libraries/XMCLib/src/xmc_spi.o
 .text.XMC_SPI_CH_Stop
                0x00000000       0x44 ./Libraries/XMCLib/src/xmc_spi.o
 .text.XMC_SPI_CH_EnableEvent
                0x00000000       0x34 ./Libraries/XMCLib/src/xmc_spi.o
 .text.XMC_SPI_CH_DisableEvent
                0x00000000       0x38 ./Libraries/XMCLib/src/xmc_spi.o
 .debug_info    0x00000000      0x9fe ./Libraries/XMCLib/src/xmc_spi.o
 .debug_abbrev  0x00000000      0x207 ./Libraries/XMCLib/src/xmc_spi.o
 .debug_loc     0x00000000      0x2da ./Libraries/XMCLib/src/xmc_spi.o
 .debug_aranges
                0x00000000       0x80 ./Libraries/XMCLib/src/xmc_spi.o
 .debug_ranges  0x00000000       0x70 ./Libraries/XMCLib/src/xmc_spi.o
 .debug_line    0x00000000      0x31b ./Libraries/XMCLib/src/xmc_spi.o
 .debug_str     0x00000000      0xcb7 ./Libraries/XMCLib/src/xmc_spi.o
 .comment       0x00000000       0x71 ./Libraries/XMCLib/src/xmc_spi.o
 .debug_frame   0x00000000      0x1b0 ./Libraries/XMCLib/src/xmc_spi.o
 .ARM.attributes
                0x00000000       0x31 ./Libraries/XMCLib/src/xmc_spi.o
 .text          0x00000000        0x0 ./Libraries/XMCLib/src/xmc_uart.o
 .data          0x00000000        0x0 ./Libraries/XMCLib/src/xmc_uart.o
 .bss           0x00000000        0x0 ./Libraries/XMCLib/src/xmc_uart.o
 .text.XMC_USIC_CH_GetTransmitBufferStatus
                0x00000000       0x1c ./Libraries/XMCLib/src/xmc_uart.o
 .text.XMC_USIC_CH_SetMode
                0x00000000       0x28 ./Libraries/XMCLib/src/xmc_uart.o
 .text.XMC_UART_CH_GetStatusFlag
                0x00000000       0x14 ./Libraries/XMCLib/src/xmc_uart.o
 .text.XMC_UART_CH_ClearStatusFlag
                0x00000000       0x18 ./Libraries/XMCLib/src/xmc_uart.o
 .text.XMC_UART_CH_Init
                0x00000000       0xb4 ./Libraries/XMCLib/src/xmc_uart.o
 .text.XMC_UART_CH_SetBaudrate
                0x00000000       0x54 ./Libraries/XMCLib/src/xmc_uart.o
 .text.XMC_UART_CH_Transmit
                0x00000000       0x5c ./Libraries/XMCLib/src/xmc_uart.o
 .text.XMC_UART_CH_GetReceivedData
                0x00000000       0x40 ./Libraries/XMCLib/src/xmc_uart.o
 .text.XMC_UART_CH_Stop
                0x00000000       0x58 ./Libraries/XMCLib/src/xmc_uart.o
 .text.XMC_UART_CH_EnableEvent
                0x00000000       0x34 ./Libraries/XMCLib/src/xmc_uart.o
 .text.XMC_UART_CH_DisableEvent
                0x00000000       0x38 ./Libraries/XMCLib/src/xmc_uart.o
 .debug_info    0x00000000      0x863 ./Libraries/XMCLib/src/xmc_uart.o
 .debug_abbrev  0x00000000      0x1ed ./Libraries/XMCLib/src/xmc_uart.o
 .debug_loc     0x00000000      0x268 ./Libraries/XMCLib/src/xmc_uart.o
 .debug_aranges
                0x00000000       0x70 ./Libraries/XMCLib/src/xmc_uart.o
 .debug_ranges  0x00000000       0x60 ./Libraries/XMCLib/src/xmc_uart.o
 .debug_line    0x00000000      0x2d1 ./Libraries/XMCLib/src/xmc_uart.o
 .debug_str     0x00000000      0xa9b ./Libraries/XMCLib/src/xmc_uart.o
 .comment       0x00000000       0x71 ./Libraries/XMCLib/src/xmc_uart.o
 .debug_frame   0x00000000      0x170 ./Libraries/XMCLib/src/xmc_uart.o
 .ARM.attributes
                0x00000000       0x31 ./Libraries/XMCLib/src/xmc_uart.o
 .text          0x00000000        0x0 ./Libraries/XMCLib/src/xmc_usic.o
 .data          0x00000000        0x0 ./Libraries/XMCLib/src/xmc_usic.o
 .bss           0x00000000        0x0 ./Libraries/XMCLib/src/xmc_usic.o
 .text.XMC_USIC_CH_SetInputTriggerCombinationMode
                0x00000000       0x4c ./Libraries/XMCLib/src/xmc_usic.o
 .text.XMC_USIC_CH_SetBRGInputClockSource
                0x00000000       0x28 ./Libraries/XMCLib/src/xmc_usic.o
 .text.XMC_USIC_CH_Enable
                0x00000000       0x50 ./Libraries/XMCLib/src/xmc_usic.o
 .text.XMC_USIC_CH_Disable
                0x00000000       0x20 ./Libraries/XMCLib/src/xmc_usic.o
 .text.XMC_USIC_CH_SetBaudrate
                0x00000000       0xec ./Libraries/XMCLib/src/xmc_usic.o
 .text.XMC_USIC_CH_ConfigExternalInputSignalToBRG
                0x00000000       0x64 ./Libraries/XMCLib/src/xmc_usic.o
 .text.XMC_USIC_CH_TXFIFO_Configure
                0x00000000       0x5c ./Libraries/XMCLib/src/xmc_usic.o
 .text.XMC_USIC_CH_RXFIFO_Configure
                0x00000000       0x64 ./Libraries/XMCLib/src/xmc_usic.o
 .text.XMC_USIC_CH_TXFIFO_SetSizeTriggerLimit
                0x00000000       0x5c ./Libraries/XMCLib/src/xmc_usic.o
 .text.XMC_USIC_CH_RXFIFO_SetSizeTriggerLimit
                0x00000000       0x5c ./Libraries/XMCLib/src/xmc_usic.o
 .text.XMC_USIC_CH_SetInterruptNodePointer
                0x00000000       0x40 ./Libraries/XMCLib/src/xmc_usic.o
 .text.XMC_USIC_CH_TXFIFO_SetInterruptNodePointer
                0x00000000       0x48 ./Libraries/XMCLib/src/xmc_usic.o
 .text.XMC_USIC_CH_RXFIFO_SetInterruptNodePointer
                0x00000000       0x48 ./Libraries/XMCLib/src/xmc_usic.o
 .text.XMC_USIC_Enable
                0x00000000       0x20 ./Libraries/XMCLib/src/xmc_usic.o
 .text.XMC_USIC_Disable
                0x00000000       0x20 ./Libraries/XMCLib/src/xmc_usic.o
 .debug_info    0x00000000      0xa76 ./Libraries/XMCLib/src/xmc_usic.o
 .debug_abbrev  0x00000000      0x1da ./Libraries/XMCLib/src/xmc_usic.o
 .debug_loc     0x00000000      0x34a ./Libraries/XMCLib/src/xmc_usic.o
 .debug_aranges
                0x00000000       0x90 ./Libraries/XMCLib/src/xmc_usic.o
 .debug_ranges  0x00000000       0x80 ./Libraries/XMCLib/src/xmc_usic.o
 .debug_line    0x00000000      0x368 ./Libraries/XMCLib/src/xmc_usic.o
 .debug_str     0x00000000      0xd84 ./Libraries/XMCLib/src/xmc_usic.o
 .comment       0x00000000       0x71 ./Libraries/XMCLib/src/xmc_usic.o
 .debug_frame   0x00000000      0x1f0 ./Libraries/XMCLib/src/xmc_usic.o
 .ARM.attributes
                0x00000000       0x31 ./Libraries/XMCLib/src/xmc_usic.o
 .text          0x00000000        0x0 ./Libraries/XMCLib/src/xmc_vadc.o
 .data          0x00000000        0x0 ./Libraries/XMCLib/src/xmc_vadc.o
 .bss           0x00000000        0x0 ./Libraries/XMCLib/src/xmc_vadc.o
 .text.XMC_VADC_GLOBAL_EnableModule
                0x00000000       0x10 ./Libraries/XMCLib/src/xmc_vadc.o
 .text.XMC_VADC_GLOBAL_DisableModule
                0x00000000       0x10 ./Libraries/XMCLib/src/xmc_vadc.o
 .text.XMC_VADC_GLOBAL_Init
                0x00000000       0x68 ./Libraries/XMCLib/src/xmc_vadc.o
 .text.XMC_VADC_GLOBAL_InputClassInit
                0x00000000       0x2c ./Libraries/XMCLib/src/xmc_vadc.o
 .text.XMC_VADC_GLOBAL_StartupCalibration
                0x00000000       0x30 ./Libraries/XMCLib/src/xmc_vadc.o
 .text.XMC_VADC_GLOBAL_SetCompareValue
                0x00000000       0x44 ./Libraries/XMCLib/src/xmc_vadc.o
 .text.XMC_VADC_GLOBAL_GetCompareResult
                0x00000000       0x40 ./Libraries/XMCLib/src/xmc_vadc.o
 .text.XMC_VADC_GLOBAL_SetResultEventInterruptNode
                0x00000000       0x60 ./Libraries/XMCLib/src/xmc_vadc.o
 .text.XMC_VADC_GLOBAL_BackgroundSetReqSrcEventInterruptNode
                0x00000000       0x58 ./Libraries/XMCLib/src/xmc_vadc.o
 .text.XMC_VADC_GLOBAL_SHS_Init
                0x00000000       0x20 ./Libraries/XMCLib/src/xmc_vadc.o
 .text.XMC_VADC_GLOBAL_SHS_SetGainFactor
                0x00000000       0xb8 ./Libraries/XMCLib/src/xmc_vadc.o
 .text.XMC_VADC_GLOBAL_SHS_SetSigmaDeltaLoop
                0x00000000       0x60 ./Libraries/XMCLib/src/xmc_vadc.o
 .text.XMC_VADC_GLOBAL_BackgroundInit
                0x00000000       0x38 ./Libraries/XMCLib/src/xmc_vadc.o
 .text.XMC_VADC_GLOBAL_BackgroundSelectTrigger
                0x00000000       0x44 ./Libraries/XMCLib/src/xmc_vadc.o
 .text.XMC_VADC_GLOBAL_BackgroundSelectTriggerEdge
                0x00000000       0x4c ./Libraries/XMCLib/src/xmc_vadc.o
 .text.XMC_VADC_GLOBAL_BackgroundSelectGating
                0x00000000       0x44 ./Libraries/XMCLib/src/xmc_vadc.o
 .text.XMC_VADC_GLOBAL_BackgroundAbortSequence
                0x00000000       0x50 ./Libraries/XMCLib/src/xmc_vadc.o
 .text.XMC_VADC_GLOBAL_BackgroundGetNumChannelsPending
                0x00000000       0x68 ./Libraries/XMCLib/src/xmc_vadc.o
 .debug_info    0x00000000      0xf0b ./Libraries/XMCLib/src/xmc_vadc.o
 .debug_abbrev  0x00000000      0x207 ./Libraries/XMCLib/src/xmc_vadc.o
 .debug_loc     0x00000000      0x3d8 ./Libraries/XMCLib/src/xmc_vadc.o
 .debug_aranges
                0x00000000       0xa8 ./Libraries/XMCLib/src/xmc_vadc.o
 .debug_ranges  0x00000000       0x98 ./Libraries/XMCLib/src/xmc_vadc.o
 .debug_line    0x00000000      0x387 ./Libraries/XMCLib/src/xmc_vadc.o
 .debug_str     0x00000000      0xd13 ./Libraries/XMCLib/src/xmc_vadc.o
 .comment       0x00000000       0x71 ./Libraries/XMCLib/src/xmc_vadc.o
 .debug_frame   0x00000000      0x250 ./Libraries/XMCLib/src/xmc_vadc.o
 .ARM.attributes
                0x00000000       0x31 ./Libraries/XMCLib/src/xmc_vadc.o
 .text          0x00000000        0x0 ./Libraries/XMCLib/src/xmc_wdt.o
 .data          0x00000000        0x0 ./Libraries/XMCLib/src/xmc_wdt.o
 .bss           0x00000000        0x0 ./Libraries/XMCLib/src/xmc_wdt.o
 .text.XMC_WDT_Enable
                0x00000000       0x14 ./Libraries/XMCLib/src/xmc_wdt.o
 .text.XMC_WDT_Disable
                0x00000000       0x14 ./Libraries/XMCLib/src/xmc_wdt.o
 .text.XMC_WDT_Init
                0x00000000       0x30 ./Libraries/XMCLib/src/xmc_wdt.o
 .debug_info    0x00000000      0x263 ./Libraries/XMCLib/src/xmc_wdt.o
 .debug_abbrev  0x00000000      0x15c ./Libraries/XMCLib/src/xmc_wdt.o
 .debug_loc     0x00000000       0x90 ./Libraries/XMCLib/src/xmc_wdt.o
 .debug_aranges
                0x00000000       0x30 ./Libraries/XMCLib/src/xmc_wdt.o
 .debug_ranges  0x00000000       0x20 ./Libraries/XMCLib/src/xmc_wdt.o
 .debug_line    0x00000000      0x201 ./Libraries/XMCLib/src/xmc_wdt.o
 .debug_str     0x00000000      0x345 ./Libraries/XMCLib/src/xmc_wdt.o
 .comment       0x00000000       0x71 ./Libraries/XMCLib/src/xmc_wdt.o
 .debug_frame   0x00000000       0x68 ./Libraries/XMCLib/src/xmc_wdt.o
 .ARM.attributes
                0x00000000       0x31 ./Libraries/XMCLib/src/xmc_wdt.o
 .text          0x00000000        0x0 ./Libraries/Newlib/syscalls.o
 .data          0x00000000        0x0 ./Libraries/Newlib/syscalls.o
 .bss           0x00000000        0x0 ./Libraries/Newlib/syscalls.o
 .bss.__dso_handle
                0x00000000        0x4 ./Libraries/Newlib/syscalls.o
 .text._sbrk    0x00000000       0x68 ./Libraries/Newlib/syscalls.o
 .bss.heap_ptr.4331
                0x00000000        0x4 ./Libraries/Newlib/syscalls.o
 .comment       0x00000000       0x71 ./Libraries/Newlib/syscalls.o
 .text          0x00000000        0x0 ./Dave/Generated/DIGITAL_IO/digital_io.o
 .data          0x00000000        0x0 ./Dave/Generated/DIGITAL_IO/digital_io.o
 .bss           0x00000000        0x0 ./Dave/Generated/DIGITAL_IO/digital_io.o
 .text.DIGITAL_IO_GetAppVersion
                0x00000000       0x60 ./Dave/Generated/DIGITAL_IO/digital_io.o
 .comment       0x00000000       0x71 ./Dave/Generated/DIGITAL_IO/digital_io.o
 .text          0x00000000        0x0 ./Dave/Generated/DIGITAL_IO/digital_io_conf.o
 .data          0x00000000        0x0 ./Dave/Generated/DIGITAL_IO/digital_io_conf.o
 .bss           0x00000000        0x0 ./Dave/Generated/DIGITAL_IO/digital_io_conf.o
 .comment       0x00000000       0x71 ./Dave/Generated/DIGITAL_IO/digital_io_conf.o
 .text          0x00000000        0x0 ./Dave/Generated/DAVE.o
 .data          0x00000000        0x0 ./Dave/Generated/DAVE.o
 .bss           0x00000000        0x0 ./Dave/Generated/DAVE.o
 .comment       0x00000000       0x71 ./Dave/Generated/DAVE.o
 .text          0x00000000        0x0 ./main.o
 .data          0x00000000        0x0 ./main.o
 .bss           0x00000000        0x0 ./main.o
 .comment       0x00000000       0x71 ./main.o
 .data          0x00000000        0x0 c:/dave/dave-ide-4.4.2-64bit/eclipse/arm-gcc-49/bin/../lib/gcc/arm-none-eabi/4.9.3/armv6-m\libgcc.a(_udivsi3.o)
 .bss           0x00000000        0x0 c:/dave/dave-ide-4.4.2-64bit/eclipse/arm-gcc-49/bin/../lib/gcc/arm-none-eabi/4.9.3/armv6-m\libgcc.a(_udivsi3.o)
 .text          0x00000000      0x1e0 c:/dave/dave-ide-4.4.2-64bit/eclipse/arm-gcc-49/bin/../lib/gcc/arm-none-eabi/4.9.3/armv6-m\libgcc.a(_divsi3.o)
 .data          0x00000000        0x0 c:/dave/dave-ide-4.4.2-64bit/eclipse/arm-gcc-49/bin/../lib/gcc/arm-none-eabi/4.9.3/armv6-m\libgcc.a(_divsi3.o)
 .bss           0x00000000        0x0 c:/dave/dave-ide-4.4.2-64bit/eclipse/arm-gcc-49/bin/../lib/gcc/arm-none-eabi/4.9.3/armv6-m\libgcc.a(_divsi3.o)
 .debug_frame   0x00000000       0x20 c:/dave/dave-ide-4.4.2-64bit/eclipse/arm-gcc-49/bin/../lib/gcc/arm-none-eabi/4.9.3/armv6-m\libgcc.a(_divsi3.o)
 .ARM.attributes
                0x00000000       0x1e c:/dave/dave-ide-4.4.2-64bit/eclipse/arm-gcc-49/bin/../lib/gcc/arm-none-eabi/4.9.3/armv6-m\libgcc.a(_divsi3.o)
 .data          0x00000000        0x0 c:/dave/dave-ide-4.4.2-64bit/eclipse/arm-gcc-49/bin/../lib/gcc/arm-none-eabi/4.9.3/armv6-m\libgcc.a(_dvmd_tls.o)
 .bss           0x00000000        0x0 c:/dave/dave-ide-4.4.2-64bit/eclipse/arm-gcc-49/bin/../lib/gcc/arm-none-eabi/4.9.3/armv6-m\libgcc.a(_dvmd_tls.o)
 .text          0x00000000        0x0 c:/dave/dave-ide-4.4.2-64bit/eclipse/arm-gcc-49/bin/../lib/gcc/arm-none-eabi/4.9.3/../../../../arm-none-eabi/lib/armv6-m\libg_nano.a(lib_a-errno.o)
 .data          0x00000000        0x0 c:/dave/dave-ide-4.4.2-64bit/eclipse/arm-gcc-49/bin/../lib/gcc/arm-none-eabi/4.9.3/../../../../arm-none-eabi/lib/armv6-m\libg_nano.a(lib_a-errno.o)
 .bss           0x00000000        0x0 c:/dave/dave-ide-4.4.2-64bit/eclipse/arm-gcc-49/bin/../lib/gcc/arm-none-eabi/4.9.3/../../../../arm-none-eabi/lib/armv6-m\libg_nano.a(lib_a-errno.o)
 .text.__errno  0x00000000        0xc c:/dave/dave-ide-4.4.2-64bit/eclipse/arm-gcc-49/bin/../lib/gcc/arm-none-eabi/4.9.3/../../../../arm-none-eabi/lib/armv6-m\libg_nano.a(lib_a-errno.o)
 .debug_frame   0x00000000       0x20 c:/dave/dave-ide-4.4.2-64bit/eclipse/arm-gcc-49/bin/../lib/gcc/arm-none-eabi/4.9.3/../../../../arm-none-eabi/lib/armv6-m\libg_nano.a(lib_a-errno.o)
 .ARM.attributes
                0x00000000       0x2c c:/dave/dave-ide-4.4.2-64bit/eclipse/arm-gcc-49/bin/../lib/gcc/arm-none-eabi/4.9.3/../../../../arm-none-eabi/lib/armv6-m\libg_nano.a(lib_a-errno.o)
 .text          0x00000000        0x0 c:/dave/dave-ide-4.4.2-64bit/eclipse/arm-gcc-49/bin/../lib/gcc/arm-none-eabi/4.9.3/../../../../arm-none-eabi/lib/armv6-m\libg_nano.a(lib_a-impure.o)
 .data          0x00000000        0x0 c:/dave/dave-ide-4.4.2-64bit/eclipse/arm-gcc-49/bin/../lib/gcc/arm-none-eabi/4.9.3/../../../../arm-none-eabi/lib/armv6-m\libg_nano.a(lib_a-impure.o)
 .bss           0x00000000        0x0 c:/dave/dave-ide-4.4.2-64bit/eclipse/arm-gcc-49/bin/../lib/gcc/arm-none-eabi/4.9.3/../../../../arm-none-eabi/lib/armv6-m\libg_nano.a(lib_a-impure.o)
 .data.impure_data
                0x00000000       0x60 c:/dave/dave-ide-4.4.2-64bit/eclipse/arm-gcc-49/bin/../lib/gcc/arm-none-eabi/4.9.3/../../../../arm-none-eabi/lib/armv6-m\libg_nano.a(lib_a-impure.o)
 .data._impure_ptr
                0x00000000        0x4 c:/dave/dave-ide-4.4.2-64bit/eclipse/arm-gcc-49/bin/../lib/gcc/arm-none-eabi/4.9.3/../../../../arm-none-eabi/lib/armv6-m\libg_nano.a(lib_a-impure.o)
 .rodata.str1.1
                0x00000000        0x2 c:/dave/dave-ide-4.4.2-64bit/eclipse/arm-gcc-49/bin/../lib/gcc/arm-none-eabi/4.9.3/../../../../arm-none-eabi/lib/armv6-m\libg_nano.a(lib_a-impure.o)
 .rodata._global_impure_ptr
                0x00000000        0x4 c:/dave/dave-ide-4.4.2-64bit/eclipse/arm-gcc-49/bin/../lib/gcc/arm-none-eabi/4.9.3/../../../../arm-none-eabi/lib/armv6-m\libg_nano.a(lib_a-impure.o)
 .ARM.attributes
                0x00000000       0x2c c:/dave/dave-ide-4.4.2-64bit/eclipse/arm-gcc-49/bin/../lib/gcc/arm-none-eabi/4.9.3/../../../../arm-none-eabi/lib/armv6-m\libg_nano.a(lib_a-impure.o)
 .text          0x00000000        0x0 c:/dave/dave-ide-4.4.2-64bit/eclipse/arm-gcc-49/bin/../lib/gcc/arm-none-eabi/4.9.3/../../../../arm-none-eabi/lib/armv6-m\libg_nano.a(lib_a-init.o)
 .data          0x00000000        0x0 c:/dave/dave-ide-4.4.2-64bit/eclipse/arm-gcc-49/bin/../lib/gcc/arm-none-eabi/4.9.3/../../../../arm-none-eabi/lib/armv6-m\libg_nano.a(lib_a-init.o)
 .bss           0x00000000        0x0 c:/dave/dave-ide-4.4.2-64bit/eclipse/arm-gcc-49/bin/../lib/gcc/arm-none-eabi/4.9.3/../../../../arm-none-eabi/lib/armv6-m\libg_nano.a(lib_a-init.o)

Memory Configuration

Name             Origin             Length             Attributes
FLASH            0x10001000         0x00004000         xr
SRAM             0x20000000         0x00004000         !xr
*default*        0x00000000         0xffffffff

Linker script and memory map

LOAD ./Startup/startup_XMC1100.o
LOAD ./Startup/system_XMC1100.o
LOAD ./Libraries/XMCLib/src/xmc1_eru.o
LOAD ./Libraries/XMCLib/src/xmc1_flash.o
LOAD ./Libraries/XMCLib/src/xmc1_gpio.o
LOAD ./Libraries/XMCLib/src/xmc1_rtc.o
LOAD ./Libraries/XMCLib/src/xmc1_scu.o
LOAD ./Libraries/XMCLib/src/xmc_acmp.o
LOAD ./Libraries/XMCLib/src/xmc_bccu.o
LOAD ./Libraries/XMCLib/src/xmc_can.o
LOAD ./Libraries/XMCLib/src/xmc_ccu4.o
LOAD ./Libraries/XMCLib/src/xmc_ccu8.o
LOAD ./Libraries/XMCLib/src/xmc_common.o
LOAD ./Libraries/XMCLib/src/xmc_eru.o
LOAD ./Libraries/XMCLib/src/xmc_gpio.o
LOAD ./Libraries/XMCLib/src/xmc_i2c.o
LOAD ./Libraries/XMCLib/src/xmc_i2s.o
LOAD ./Libraries/XMCLib/src/xmc_ledts.o
LOAD ./Libraries/XMCLib/src/xmc_math.o
LOAD ./Libraries/XMCLib/src/xmc_pau.o
LOAD ./Libraries/XMCLib/src/xmc_posif.o
LOAD ./Libraries/XMCLib/src/xmc_prng.o
LOAD ./Libraries/XMCLib/src/xmc_rtc.o
LOAD ./Libraries/XMCLib/src/xmc_spi.o
LOAD ./Libraries/XMCLib/src/xmc_uart.o
LOAD ./Libraries/XMCLib/src/xmc_usic.o
LOAD ./Libraries/XMCLib/src/xmc_vadc.o
LOAD ./Libraries/XMCLib/src/xmc_wdt.o
LOAD ./Libraries/Newlib/syscalls.o
LOAD ./Dave/Generated/DIGITAL_IO/digital_io.o
LOAD ./Dave/Generated/DIGITAL_IO/digital_io_conf.o
LOAD ./Dave/Generated/DAVE.o
LOAD ./main.o
LOAD c:/dave/dave-ide-4.4.2-64bit/eclipse/arm-gcc-49/bin/../lib/gcc/arm-none-eabi/4.9.3/../../../../arm-none-eabi/lib/armv6-m\libm.a
START GROUP
LOAD c:/dave/dave-ide-4.4.2-64bit/eclipse/arm-gcc-49/bin/../lib/gcc/arm-none-eabi/4.9.3/armv6-m\libgcc.a
LOAD c:/dave/dave-ide-4.4.2-64bit/eclipse/arm-gcc-49/bin/../lib/gcc/arm-none-eabi/4.9.3/../../../../arm-none-eabi/lib/armv6-m\libg_nano.a
LOAD c:/dave/dave-ide-4.4.2-64bit/eclipse/arm-gcc-49/bin/../lib/gcc/arm-none-eabi/4.9.3/../../../../arm-none-eabi/lib/armv6-m\libc_nano.a
END GROUP
START GROUP
LOAD c:/dave/dave-ide-4.4.2-64bit/eclipse/arm-gcc-49/bin/../lib/gcc/arm-none-eabi/4.9.3/armv6-m\libgcc.a
LOAD c:/dave/dave-ide-4.4.2-64bit/eclipse/arm-gcc-49/bin/../lib/gcc/arm-none-eabi/4.9.3/../../../../arm-none-eabi/lib/armv6-m\libc_nano.a
LOAD c:/dave/dave-ide-4.4.2-64bit/eclipse/arm-gcc-49/bin/../lib/gcc/arm-none-eabi/4.9.3/../../../../arm-none-eabi/lib/armv6-m\libnosys.a
END GROUP
START GROUP
LOAD c:/dave/dave-ide-4.4.2-64bit/eclipse/arm-gcc-49/bin/../lib/gcc/arm-none-eabi/4.9.3/armv6-m\libgcc.a
LOAD c:/dave/dave-ide-4.4.2-64bit/eclipse/arm-gcc-49/bin/../lib/gcc/arm-none-eabi/4.9.3/../../../../arm-none-eabi/lib/armv6-m\libc_nano.a
LOAD c:/dave/dave-ide-4.4.2-64bit/eclipse/arm-gcc-49/bin/../lib/gcc/arm-none-eabi/4.9.3/../../../../arm-none-eabi/lib/armv6-m\libnosys.a
END GROUP
                0x00000400                stack_size = DEFINED (stack_size)?stack_size:0x400
                0x00000004                no_init_size = 0x4

.text           0x10001000      0x5c4
                0x10001000                sText = .
 *(.reset)
 .reset         0x10001000       0x9c ./Startup/startup_XMC1100.o
                0x10001000                __Vectors
                0x10001018                Reset_Handler
                0x10001098                USIC0_5_IRQHandler
                0x10001098                HardFault_Handler
                0x10001098                SysTick_Handler
                0x10001098                PendSV_Handler
                0x10001098                VADC0_C0_0_IRQHandler
                0x10001098                SCU_0_IRQHandler
                0x10001098                ERU0_0_IRQHandler
                0x10001098                USIC0_0_IRQHandler
                0x10001098                ERU0_2_IRQHandler
                0x10001098                ERU0_3_IRQHandler
                0x10001098                CCU40_2_IRQHandler
                0x10001098                CCU40_0_IRQHandler
                0x10001098                VADC0_C0_1_IRQHandler
                0x10001098                SVC_Handler
                0x10001098                USIC0_3_IRQHandler
                0x10001098                CCU40_1_IRQHandler
                0x10001098                SCU_2_IRQHandler
                0x10001098                USIC0_1_IRQHandler
                0x10001098                CCU40_3_IRQHandler
                0x10001098                USIC0_4_IRQHandler
                0x10001098                SCU_1_IRQHandler
                0x10001098                ERU0_1_IRQHandler
                0x10001098                USIC0_2_IRQHandler
                0x10001098                Default_handler
 *(.text .text.* .gnu.linkonce.t.*)
 .text.SystemInit
                0x1000109c       0x10 ./Startup/system_XMC1100.o
                0x1000109c                SystemInit
 .text.SystemCoreSetup
                0x100010ac       0x34 ./Startup/system_XMC1100.o
                0x100010ac                SystemCoreSetup
 .text.SystemCoreClockSetup
                0x100010e0       0x38 ./Startup/system_XMC1100.o
                0x100010e0                SystemCoreClockSetup
 .text.SystemCoreClockUpdate
                0x10001118       0x68 ./Startup/system_XMC1100.o
                0x10001118                SystemCoreClockUpdate
 .text.XMC_GPIO_Init
                0x10001180      0x17c ./Libraries/XMCLib/src/xmc1_gpio.o
                0x10001180                XMC_GPIO_Init
 .text.XMC_GPIO_SetHardwareControl
                0x100012fc       0x4c ./Libraries/XMCLib/src/xmc_gpio.o
                0x100012fc                XMC_GPIO_SetHardwareControl
 .text._init    0x10001348        0x8 ./Libraries/Newlib/syscalls.o
                0x10001348                _init
 .text.DIGITAL_IO_Init
                0x10001350       0x40 ./Dave/Generated/DIGITAL_IO/digital_io.o
                0x10001350                DIGITAL_IO_Init
 .text.DAVE_Init
                0x10001390       0x34 ./Dave/Generated/DAVE.o
                0x10001390                DAVE_Init
 .text.XMC_GPIO_ToggleOutput
                0x100013c4       0x24 ./main.o
 .text.DIGITAL_IO_ToggleOutput
                0x100013e8       0x20 ./main.o
 .text.main     0x10001408       0x3c ./main.o
                0x10001408                main
 .text          0x10001444      0x120 c:/dave/dave-ide-4.4.2-64bit/eclipse/arm-gcc-49/bin/../lib/gcc/arm-none-eabi/4.9.3/armv6-m\libgcc.a(_udivsi3.o)
                0x10001444                __aeabi_uidiv
                0x10001444                __udivsi3
                0x10001550                __aeabi_uidivmod
 .text          0x10001564        0x4 c:/dave/dave-ide-4.4.2-64bit/eclipse/arm-gcc-49/bin/../lib/gcc/arm-none-eabi/4.9.3/armv6-m\libgcc.a(_dvmd_tls.o)
                0x10001564                __aeabi_idiv0
                0x10001564                __aeabi_ldiv0
 .text.__libc_init_array
                0x10001568       0x4c c:/dave/dave-ide-4.4.2-64bit/eclipse/arm-gcc-49/bin/../lib/gcc/arm-none-eabi/4.9.3/../../../../arm-none-eabi/lib/armv6-m\libg_nano.a(lib_a-init.o)
                0x10001568                __libc_init_array
 *(.init)
 *(.fini)
 *crtbegin.o(.ctors)
 *crtbegin?.o(.ctors)
 *(EXCLUDE_FILE(*crtend.o *crtend?.o) .ctors)
 *(SORT(.ctors.*))
 *(.ctors)
 *crtbegin.o(.dtors)
 *crtbegin?.o(.dtors)
 *(EXCLUDE_FILE(*crtend.o *crtend?.o) .dtors)
 *(SORT(.dtors.*))
 *(.dtors)
 *(.rodata .rodata.*)
 .rodata.LED1   0x100015b4       0x10 ./Dave/Generated/DIGITAL_IO/digital_io_conf.o
                0x100015b4                LED1
 *(.gnu.linkonce.r*)
 *(vtable)
                0x100015c4                . = ALIGN (0x4)

.glue_7         0x100015c4        0x0
 .glue_7        0x00000000        0x0 linker stubs

.glue_7t        0x100015c4        0x0
 .glue_7t       0x00000000        0x0 linker stubs

.vfp11_veneer   0x100015c4        0x0
 .vfp11_veneer  0x00000000        0x0 linker stubs

.v4_bx          0x100015c4        0x0
 .v4_bx         0x00000000        0x0 linker stubs

.iplt           0x100015c4        0x0
 .iplt          0x00000000        0x0 ./Startup/startup_XMC1100.o

.eh_frame_hdr
 *(.eh_frame_hdr)

.eh_frame
 *(.eh_frame)

.ARM.extab
 *(.ARM.extab* .gnu.linkonce.armextab.*)
                0x100015c4                . = ALIGN (0x4)
                0x100015c4                __exidx_start = .

.ARM.exidx
 *(.ARM.exidx* .gnu.linkonce.armexidx.*)
                0x100015c4                __exidx_end = .
                0x100015c4                . = ALIGN (0x4)

.VENEER_Code    0x2000000c      0x110 load address 0x100015c4
                0x2000000c                . = ALIGN (0x4)
                0x2000000c                VeneerStart = .
 *(.XmcVeneerCode)
 .XmcVeneerCode
                0x2000000c      0x110 ./Startup/startup_XMC1100.o
                0x2000000c                HardFault_Veneer
                0x2000002c                SVC_Veneer
                0x20000038                PendSV_Veneer
                0x2000003c                SysTick_Veneer
                0x20000040                SCU_0_Veneer
                0x20000044                SCU_1_Veneer
                0x20000048                SCU_2_Veneer
                0x2000004c                SCU_3_Veneer
                0x20000050                SCU_4_Veneer
                0x20000054                SCU_5_Veneer
                0x20000058                SCU_6_Veneer
                0x20000064                USIC0_0_Veneer
                0x20000068                USIC0_1_Veneer
                0x2000006c                USIC0_2_Veneer
                0x20000070                USIC0_3_Veneer
                0x20000074                USIC0_4_Veneer
                0x20000078                USIC0_5_Veneer
                0x2000007c                VADC0_C0_0_Veneer
                0x20000080                VADC0_C0_1_Veneer
                0x20000094                CCU40_0_Veneer
                0x20000098                CCU40_1_Veneer
                0x2000009c                CCU40_2_Veneer
                0x200000a0                CCU40_3_Veneer
                0x2000011c                . = ALIGN (0x4)
                0x2000011c                VeneerEnd = .
                0x100015c4                eROData = LOADADDR (.VENEER_Code)
                0x00000110                VeneerSize = (ABSOLUTE (VeneerEnd) - ABSOLUTE (VeneerStart))

.rel.dyn        0x2000011c        0x0 load address 0x100016d4
 .rel.iplt      0x00000000        0x0 ./Startup/startup_XMC1100.o

Stack           0x2000011c      0x404 load address 0x00000000
                0x20000120                . = ALIGN (0x8)
 *fill*         0x2000011c        0x4 
                0x20000520                . = (. + stack_size)
 *fill*         0x20000120      0x400 
                0x20000520                __initial_sp = .

.data           0x20000520        0x0 load address 0x100016d4
                0x20000520                . = ALIGN (0x4)
                0x20000520                __data_start = .
 *(.data)
 *(.data*)
 *(*.data)
 *(.gnu.linkonce.d*)
                0x20000520                . = ALIGN (0x4)
                0x20000520                PROVIDE (__preinit_array_start, .)
 *(.preinit_array)
                0x20000520                PROVIDE (__preinit_array_end, .)
                0x20000520                . = ALIGN (0x4)
                0x20000520                PROVIDE (__init_array_start, .)
 *(SORT(.init_array.*))
 *(.init_array)
                0x20000520                PROVIDE (__init_array_end, .)
                0x20000520                . = ALIGN (0x4)
                0x20000520                PROVIDE (__fini_array_start, .)
 *(SORT(.fini_array.*))
 *(.fini_array)
                0x20000520                PROVIDE (__fini_array_end, .)
                0x20000520                . = ALIGN (0x4)
                0x20000520                __data_end = .
                0x100016d4                DataLoadAddr = LOADADDR (.data)
                0x00000000                __data_size = (__data_end - __data_start)

.igot.plt       0x20000520        0x0 load address 0x100016d4
 .igot.plt      0x00000000        0x0 ./Startup/startup_XMC1100.o

.ram_code       0x20000520        0x0 load address 0x100016d4
                0x20000520                . = ALIGN (0x4)
                0x20000520                __ram_code_start = .
 *(.ram_code)
                0x20000520                . = ALIGN (0x4)
                0x20000520                __ram_code_end = .
                0x100016d4                __ram_code_load = LOADADDR (.ram_code)
                0x00000000                __ram_code_size = (__ram_code_end - __ram_code_start)
                0x000006d4                __text_size = ((((__exidx_end - sText) + VeneerSize) + __data_size) + __ram_code_size)
                0x100016d4                eText = (sText + __text_size)

.bss            0x20000520        0x8 load address 0x100016d4
                0x20000520                . = ALIGN (0x4)
                0x20000520                __bss_start = .
 *(.bss)
 *(.bss*)
 .bss.IDIV.4730
                0x20000520        0x4 ./Startup/system_XMC1100.o
 .bss.FDIV.4731
                0x20000524        0x4 ./Startup/system_XMC1100.o
 *(COMMON)
 *(.gnu.linkonce.b*)
                0x20000528                . = ALIGN (0x4)
                0x20000528                __bss_end = .
                0x20000528                . = ALIGN (0x8)
                0x20000528                Heap_Bank1_Start = .
                0x00000008                __bss_size = (__bss_end - __bss_start)

.no_init        0x20003ffc        0x4 load address 0x00003ee0
                0x20003ffc                Heap_Bank1_End = .
 *(.no_init)
 .no_init       0x20003ffc        0x4 ./Startup/system_XMC1100.o
                0x20003ffc                SystemCoreClock
                0x00003ad4                Heap_Bank1_Size = (Heap_Bank1_End - Heap_Bank1_Start)
                0x00000001                ASSERT ((Heap_Bank1_Start <= Heap_Bank1_End), region SRAM overflowed no_init section)

/DISCARD/
 *(.comment)

.stab
 *(.stab)

.stabstr
 *(.stabstr)

.debug
 *(.debug)

.line
 *(.line)

.debug_srcinfo
 *(.debug_srcinfo)

.debug_sfnames
 *(.debug_sfnames)

.debug_aranges  0x00000000      0x168
 *(.debug_aranges)
 .debug_aranges
                0x00000000       0x28 ./Startup/startup_XMC1100.o
 .debug_aranges
                0x00000028       0x38 ./Startup/system_XMC1100.o
 .debug_aranges
                0x00000060       0x28 ./Libraries/XMCLib/src/xmc1_gpio.o
 .debug_aranges
                0x00000088       0x28 ./Libraries/XMCLib/src/xmc_gpio.o
 .debug_aranges
                0x000000b0       0x28 ./Libraries/Newlib/syscalls.o
 .debug_aranges
                0x000000d8       0x28 ./Dave/Generated/DIGITAL_IO/digital_io.o
 .debug_aranges
                0x00000100       0x18 ./Dave/Generated/DIGITAL_IO/digital_io_conf.o
 .debug_aranges
                0x00000118       0x20 ./Dave/Generated/DAVE.o
 .debug_aranges
                0x00000138       0x30 ./main.o

.debug_pubnames
 *(.debug_pubnames)

.debug_pubtypes
 *(.debug_pubtypes)

.debug_info     0x00000000     0x1ec6
 *(.debug_info .gnu.linkonce.wi.*)
 .debug_info    0x00000000       0x70 ./Startup/startup_XMC1100.o
 .debug_info    0x00000070      0x38b ./Startup/system_XMC1100.o
 .debug_info    0x000003fb      0x410 ./Libraries/XMCLib/src/xmc1_gpio.o
 .debug_info    0x0000080b      0x3a3 ./Libraries/XMCLib/src/xmc_gpio.o
 .debug_info    0x00000bae      0x11f ./Libraries/Newlib/syscalls.o
 .debug_info    0x00000ccd      0x4c5 ./Dave/Generated/DIGITAL_IO/digital_io.o
 .debug_info    0x00001192      0x400 ./Dave/Generated/DIGITAL_IO/digital_io_conf.o
 .debug_info    0x00001592      0x458 ./Dave/Generated/DAVE.o
 .debug_info    0x000019ea      0x4dc ./main.o

.debug_abbrev   0x00000000      0x763
 *(.debug_abbrev)
 .debug_abbrev  0x00000000       0x12 ./Startup/startup_XMC1100.o
 .debug_abbrev  0x00000012       0xfb ./Startup/system_XMC1100.o
 .debug_abbrev  0x0000010d       0xdf ./Libraries/XMCLib/src/xmc1_gpio.o
 .debug_abbrev  0x000001ec       0xdf ./Libraries/XMCLib/src/xmc_gpio.o
 .debug_abbrev  0x000002cb       0xbd ./Libraries/Newlib/syscalls.o
 .debug_abbrev  0x00000388       0xfd ./Dave/Generated/DIGITAL_IO/digital_io.o
 .debug_abbrev  0x00000485       0xb2 ./Dave/Generated/DIGITAL_IO/digital_io_conf.o
 .debug_abbrev  0x00000537       0xe3 ./Dave/Generated/DAVE.o
 .debug_abbrev  0x0000061a      0x149 ./main.o

.debug_line     0x00000000      0xd7b
 *(.debug_line)
 .debug_line    0x00000000       0xe6 ./Startup/startup_XMC1100.o
 .debug_line    0x000000e6      0x1af ./Startup/system_XMC1100.o
 .debug_line    0x00000295      0x187 ./Libraries/XMCLib/src/xmc1_gpio.o
 .debug_line    0x0000041c      0x17a ./Libraries/XMCLib/src/xmc_gpio.o
 .debug_line    0x00000596       0xbf ./Libraries/Newlib/syscalls.o
 .debug_line    0x00000655      0x1dc ./Dave/Generated/DIGITAL_IO/digital_io.o
 .debug_line    0x00000831      0x16e ./Dave/Generated/DIGITAL_IO/digital_io_conf.o
 .debug_line    0x0000099f      0x1aa ./Dave/Generated/DAVE.o
 .debug_line    0x00000b49      0x232 ./main.o

.debug_frame    0x00000000      0x2bc
 *(.debug_frame)
 .debug_frame   0x00000000       0x80 ./Startup/system_XMC1100.o
 .debug_frame   0x00000080       0x58 ./Libraries/XMCLib/src/xmc1_gpio.o
 .debug_frame   0x000000d8       0x54 ./Libraries/XMCLib/src/xmc_gpio.o
 .debug_frame   0x0000012c       0x4c ./Libraries/Newlib/syscalls.o
 .debug_frame   0x00000178       0x50 ./Dave/Generated/DIGITAL_IO/digital_io.o
 .debug_frame   0x000001c8       0x34 ./Dave/Generated/DAVE.o
 .debug_frame   0x000001fc       0x74 ./main.o
 .debug_frame   0x00000270       0x20 c:/dave/dave-ide-4.4.2-64bit/eclipse/arm-gcc-49/bin/../lib/gcc/arm-none-eabi/4.9.3/armv6-m\libgcc.a(_udivsi3.o)
 .debug_frame   0x00000290       0x2c c:/dave/dave-ide-4.4.2-64bit/eclipse/arm-gcc-49/bin/../lib/gcc/arm-none-eabi/4.9.3/../../../../arm-none-eabi/lib/armv6-m\libg_nano.a(lib_a-init.o)

.debug_str      0x00000000      0xbc8
 *(.debug_str)
 .debug_str     0x00000000      0x2ad ./Startup/system_XMC1100.o
                                0x2f3 (size before relaxing)
 .debug_str     0x000002ad      0x5d5 ./Libraries/XMCLib/src/xmc1_gpio.o
                                0x7a5 (size before relaxing)
 .debug_str     0x00000882       0xca ./Libraries/XMCLib/src/xmc_gpio.o
                                0x6f3 (size before relaxing)
 .debug_str     0x0000094c       0x75 ./Libraries/Newlib/syscalls.o
                                0x1ea (size before relaxing)
 .debug_str     0x000009c1      0x125 ./Dave/Generated/DIGITAL_IO/digital_io.o
                                0x8df (size before relaxing)
 .debug_str     0x00000ae6       0x34 ./Dave/Generated/DIGITAL_IO/digital_io_conf.o
                                0x825 (size before relaxing)
 .debug_str     0x00000b1a       0x71 ./Dave/Generated/DAVE.o
                                0x867 (size before relaxing)
 .debug_str     0x00000b8b       0x3d ./main.o
                                0x889 (size before relaxing)

.debug_loc      0x00000000      0x344
 *(.debug_loc)
 .debug_loc     0x00000000       0xb0 ./Startup/system_XMC1100.o
 .debug_loc     0x000000b0       0x70 ./Libraries/XMCLib/src/xmc1_gpio.o
 .debug_loc     0x00000120       0x70 ./Libraries/XMCLib/src/xmc_gpio.o
 .debug_loc     0x00000190       0x64 ./Libraries/Newlib/syscalls.o
 .debug_loc     0x000001f4       0x70 ./Dave/Generated/DIGITAL_IO/digital_io.o
 .debug_loc     0x00000264       0x38 ./Dave/Generated/DAVE.o
 .debug_loc     0x0000029c       0xa8 ./main.o

.debug_macinfo
 *(.debug_macinfo)

.debug_ranges   0x00000000       0xd8
 *(.debug_ranges)
 .debug_ranges  0x00000000       0x20 ./Startup/startup_XMC1100.o
 .debug_ranges  0x00000020       0x28 ./Startup/system_XMC1100.o
 .debug_ranges  0x00000048       0x18 ./Libraries/XMCLib/src/xmc1_gpio.o
 .debug_ranges  0x00000060       0x18 ./Libraries/XMCLib/src/xmc_gpio.o
 .debug_ranges  0x00000078       0x18 ./Libraries/Newlib/syscalls.o
 .debug_ranges  0x00000090       0x18 ./Dave/Generated/DIGITAL_IO/digital_io.o
 .debug_ranges  0x000000a8       0x10 ./Dave/Generated/DAVE.o
 .debug_ranges  0x000000b8       0x20 ./main.o

.debug_weaknames
 *(.debug_weaknames)

.debug_funcnames
 *(.debug_funcnames)

.debug_typenames
 *(.debug_typenames)

.debug_varnames
 *(.debug_varnames)

.build_attributes
                0x00000000      0x211
 *(.ARM.attributes)
 .ARM.attributes
                0x00000000       0x21 ./Startup/startup_XMC1100.o
 .ARM.attributes
                0x00000021       0x31 ./Startup/system_XMC1100.o
 .ARM.attributes
                0x00000052       0x31 ./Libraries/XMCLib/src/xmc1_gpio.o
 .ARM.attributes
                0x00000083       0x31 ./Libraries/XMCLib/src/xmc_gpio.o
 .ARM.attributes
                0x000000b4       0x31 ./Libraries/Newlib/syscalls.o
 .ARM.attributes
                0x000000e5       0x31 ./Dave/Generated/DIGITAL_IO/digital_io.o
 .ARM.attributes
                0x00000116       0x31 ./Dave/Generated/DIGITAL_IO/digital_io_conf.o
 .ARM.attributes
                0x00000147       0x31 ./Dave/Generated/DAVE.o
 .ARM.attributes
                0x00000178       0x31 ./main.o
 .ARM.attributes
                0x000001a9       0x1e c:/dave/dave-ide-4.4.2-64bit/eclipse/arm-gcc-49/bin/../lib/gcc/arm-none-eabi/4.9.3/armv6-m\libgcc.a(_udivsi3.o)
 .ARM.attributes
                0x000001c7       0x1e c:/dave/dave-ide-4.4.2-64bit/eclipse/arm-gcc-49/bin/../lib/gcc/arm-none-eabi/4.9.3/armv6-m\libgcc.a(_dvmd_tls.o)
 .ARM.attributes
                0x000001e5       0x2c c:/dave/dave-ide-4.4.2-64bit/eclipse/arm-gcc-49/bin/../lib/gcc/arm-none-eabi/4.9.3/../../../../arm-none-eabi/lib/armv6-m\libg_nano.a(lib_a-init.o)
OUTPUT(Blinky_v2.elf elf32-littlearm)
