Archive member included to satisfy reference by file (symbol)

/opt/gcc-arm/bin/../lib/gcc/arm-none-eabi/8.3.1/../../../../arm-none-eabi/lib/thumb/v6-m/nofp/libc_nano.a(lib_a-exit.o)
                              /opt/gcc-arm/bin/../lib/gcc/arm-none-eabi/8.3.1/../../../../arm-none-eabi/lib/thumb/v6-m/nofp/crt0.o (exit)
/opt/gcc-arm/bin/../lib/gcc/arm-none-eabi/8.3.1/../../../../arm-none-eabi/lib/thumb/v6-m/nofp/libc_nano.a(lib_a-impure.o)
                              /opt/gcc-arm/bin/../lib/gcc/arm-none-eabi/8.3.1/../../../../arm-none-eabi/lib/thumb/v6-m/nofp/libc_nano.a(lib_a-exit.o) (_global_impure_ptr)
/opt/gcc-arm/bin/../lib/gcc/arm-none-eabi/8.3.1/../../../../arm-none-eabi/lib/thumb/v6-m/nofp/libc_nano.a(lib_a-init.o)
                              /opt/gcc-arm/bin/../lib/gcc/arm-none-eabi/8.3.1/../../../../arm-none-eabi/lib/thumb/v6-m/nofp/crt0.o (__libc_init_array)
/opt/gcc-arm/bin/../lib/gcc/arm-none-eabi/8.3.1/../../../../arm-none-eabi/lib/thumb/v6-m/nofp/libc_nano.a(lib_a-memset.o)
                              /opt/gcc-arm/bin/../lib/gcc/arm-none-eabi/8.3.1/../../../../arm-none-eabi/lib/thumb/v6-m/nofp/crt0.o (memset)
/opt/gcc-arm/bin/../lib/gcc/arm-none-eabi/8.3.1/../../../../arm-none-eabi/lib/thumb/v6-m/nofp/libnosys.a(_exit.o)
                              /opt/gcc-arm/bin/../lib/gcc/arm-none-eabi/8.3.1/../../../../arm-none-eabi/lib/thumb/v6-m/nofp/libc_nano.a(lib_a-exit.o) (_exit)
/opt/gcc-arm/bin/../lib/gcc/arm-none-eabi/8.3.1/thumb/v6-m/nofp/libgcc.a(_udivsi3.o)
                              ./fsl_clock.o (__aeabi_uidiv)
/opt/gcc-arm/bin/../lib/gcc/arm-none-eabi/8.3.1/thumb/v6-m/nofp/libgcc.a(_dvmd_tls.o)
                              /opt/gcc-arm/bin/../lib/gcc/arm-none-eabi/8.3.1/thumb/v6-m/nofp/libgcc.a(_udivsi3.o) (__aeabi_idiv0)
/opt/gcc-arm/bin/../lib/gcc/arm-none-eabi/8.3.1/thumb/v6-m/nofp/libgcc.a(_aeabi_uldivmod.o)
                              ./fsl_clock.o (__aeabi_uldivmod)
/opt/gcc-arm/bin/../lib/gcc/arm-none-eabi/8.3.1/thumb/v6-m/nofp/libgcc.a(_muldi3.o)
                              ./fsl_clock.o (__aeabi_lmul)
/opt/gcc-arm/bin/../lib/gcc/arm-none-eabi/8.3.1/thumb/v6-m/nofp/libgcc.a(_udivmoddi4.o)
                              /opt/gcc-arm/bin/../lib/gcc/arm-none-eabi/8.3.1/thumb/v6-m/nofp/libgcc.a(_aeabi_uldivmod.o) (__udivmoddi4)
/opt/gcc-arm/bin/../lib/gcc/arm-none-eabi/8.3.1/thumb/v6-m/nofp/libgcc.a(_clzdi2.o)
                              /opt/gcc-arm/bin/../lib/gcc/arm-none-eabi/8.3.1/thumb/v6-m/nofp/libgcc.a(_udivmoddi4.o) (__clzdi2)
/opt/gcc-arm/bin/../lib/gcc/arm-none-eabi/8.3.1/thumb/v6-m/nofp/libgcc.a(_clzsi2.o)
                              /opt/gcc-arm/bin/../lib/gcc/arm-none-eabi/8.3.1/thumb/v6-m/nofp/libgcc.a(_clzdi2.o) (__clzsi2)
/opt/gcc-arm/bin/../lib/gcc/arm-none-eabi/8.3.1/../../../../arm-none-eabi/lib/thumb/v6-m/nofp/libc_nano.a(lib_a-assert.o)
                              ./fsl_clock.o (__assert_func)
/opt/gcc-arm/bin/../lib/gcc/arm-none-eabi/8.3.1/../../../../arm-none-eabi/lib/thumb/v6-m/nofp/libc_nano.a(lib_a-fprintf.o)
                              /opt/gcc-arm/bin/../lib/gcc/arm-none-eabi/8.3.1/../../../../arm-none-eabi/lib/thumb/v6-m/nofp/libc_nano.a(lib_a-assert.o) (fiprintf)
/opt/gcc-arm/bin/../lib/gcc/arm-none-eabi/8.3.1/../../../../arm-none-eabi/lib/thumb/v6-m/nofp/libc_nano.a(lib_a-malloc.o)
                              ./fsl_common.o (malloc)
/opt/gcc-arm/bin/../lib/gcc/arm-none-eabi/8.3.1/../../../../arm-none-eabi/lib/thumb/v6-m/nofp/libc_nano.a(lib_a-nano-freer.o)
                              /opt/gcc-arm/bin/../lib/gcc/arm-none-eabi/8.3.1/../../../../arm-none-eabi/lib/thumb/v6-m/nofp/libc_nano.a(lib_a-malloc.o) (_free_r)
/opt/gcc-arm/bin/../lib/gcc/arm-none-eabi/8.3.1/../../../../arm-none-eabi/lib/thumb/v6-m/nofp/libc_nano.a(lib_a-nano-mallocr.o)
                              /opt/gcc-arm/bin/../lib/gcc/arm-none-eabi/8.3.1/../../../../arm-none-eabi/lib/thumb/v6-m/nofp/libc_nano.a(lib_a-malloc.o) (_malloc_r)
/opt/gcc-arm/bin/../lib/gcc/arm-none-eabi/8.3.1/../../../../arm-none-eabi/lib/thumb/v6-m/nofp/libc_nano.a(lib_a-nano-vfprintf.o)
                              /opt/gcc-arm/bin/../lib/gcc/arm-none-eabi/8.3.1/../../../../arm-none-eabi/lib/thumb/v6-m/nofp/libc_nano.a(lib_a-fprintf.o) (_vfprintf_r)
/opt/gcc-arm/bin/../lib/gcc/arm-none-eabi/8.3.1/../../../../arm-none-eabi/lib/thumb/v6-m/nofp/libc_nano.a(lib_a-nano-vfprintf_i.o)
                              /opt/gcc-arm/bin/../lib/gcc/arm-none-eabi/8.3.1/../../../../arm-none-eabi/lib/thumb/v6-m/nofp/libc_nano.a(lib_a-nano-vfprintf.o) (_printf_i)
/opt/gcc-arm/bin/../lib/gcc/arm-none-eabi/8.3.1/../../../../arm-none-eabi/lib/thumb/v6-m/nofp/libc_nano.a(lib_a-sbrkr.o)
                              /opt/gcc-arm/bin/../lib/gcc/arm-none-eabi/8.3.1/../../../../arm-none-eabi/lib/thumb/v6-m/nofp/libc_nano.a(lib_a-nano-mallocr.o) (_sbrk_r)
/opt/gcc-arm/bin/../lib/gcc/arm-none-eabi/8.3.1/../../../../arm-none-eabi/lib/thumb/v6-m/nofp/libc_nano.a(lib_a-wbuf.o)
[...]
Memory Configuration

Name             Origin             Length             Attributes
m_interrupts     0x0000000000000000 0x0000000000000140 xr
m_text           0x0000000000000140 0x000000000000fec0 xr
m_data           0x0000000010000000 0x0000000000004000 rw
*default*        0x0000000000000000 0xffffffffffffffff

Linker script and memory map

LOAD /opt/gcc-arm/bin/../lib/gcc/arm-none-eabi/8.3.1/thumb/v6-m/nofp/crti.o
LOAD /opt/gcc-arm/bin/../lib/gcc/arm-none-eabi/8.3.1/thumb/v6-m/nofp/crtbegin.o
LOAD /opt/gcc-arm/bin/../lib/gcc/arm-none-eabi/8.3.1/../../../../arm-none-eabi/lib/thumb/v6-m/nofp/crt0.o
LOAD /opt/gcc-arm/bin/../lib/gcc/arm-none-eabi/8.3.1/../../../../arm-none-eabi/lib/thumb/v6-m/nofp/libc_nano.a
LOAD /opt/gcc-arm/bin/../lib/gcc/arm-none-eabi/8.3.1/../../../../arm-none-eabi/lib/thumb/v6-m/nofp/libm.a
LOAD /opt/gcc-arm/bin/../lib/gcc/arm-none-eabi/8.3.1/../../../../arm-none-eabi/lib/thumb/v6-m/nofp/libnosys.a
LOAD ./main.o
LOAD ./clock_config.o
LOAD ./fsl_clock.o
LOAD ./fsl_reset.o
LOAD ./fsl_gpio.o
LOAD ./system_LPC845.o
LOAD ./fsl_common.o
LOAD ./fsl_power.o
LOAD ./startup_LPC845.o
START GROUP
LOAD /opt/gcc-arm/bin/../lib/gcc/arm-none-eabi/8.3.1/thumb/v6-m/nofp/libgcc.a
LOAD /opt/gcc-arm/bin/../lib/gcc/arm-none-eabi/8.3.1/../../../../arm-none-eabi/lib/thumb/v6-m/nofp/libc_nano.a
END GROUP
START GROUP
LOAD /opt/gcc-arm/bin/../lib/gcc/arm-none-eabi/8.3.1/thumb/v6-m/nofp/libgcc.a
LOAD /opt/gcc-arm/bin/../lib/gcc/arm-none-eabi/8.3.1/../../../../arm-none-eabi/lib/thumb/v6-m/nofp/libc_nano.a
END GROUP
LOAD /opt/gcc-arm/bin/../lib/gcc/arm-none-eabi/8.3.1/thumb/v6-m/nofp/crtend.o
LOAD /opt/gcc-arm/bin/../lib/gcc/arm-none-eabi/8.3.1/thumb/v6-m/nofp/crtn.o
                0x0000000000000400                HEAP_SIZE = DEFINED (__heap_size__)?__heap_size__:0x400
                0x0000000000000800                STACK_SIZE = DEFINED (__stack_size__)?__stack_size__:0x800

.interrupts     0x0000000000000000       0xc0
                0x0000000000000000                . = ALIGN (0x4)
 *(.isr_vector)
 .isr_vector    0x0000000000000000       0xc0 ./startup_LPC845.o
                0x0000000000000000                __Vectors
                0x00000000000000c0                . = ALIGN (0x4)

.text           0x0000000000000140     0x1718
                0x0000000000000140                . = ALIGN (0x4)
 *(.text)
 .text          0x0000000000000140       0x48 /opt/gcc-arm/bin/../lib/gcc/arm-none-eabi/8.3.1/thumb/v6-m/nofp/crtbegin.o
 .text          0x0000000000000188       0x78 /opt/gcc-arm/bin/../lib/gcc/arm-none-eabi/8.3.1/../../../../arm-none-eabi/lib/thumb/v6-m/nofp/crt0.o
                0x0000000000000188                _mainCRTStartup
                0x0000000000000188                _start
 .text          0x0000000000000200      0x164 ./startup_LPC845.o
                0x0000000000000200                Reset_Handler
                0x0000000000000234                PIN_INT6_USART3_DriverIRQHandler
                0x0000000000000234                ADC0_OVR_DriverIRQHandler
                0x0000000000000234                DMA0_DriverIRQHandler
                0x0000000000000234                SPI1_DriverIRQHandler
                0x0000000000000234                USART2_DriverIRQHandler
                0x0000000000000234                I2C3_DriverIRQHandler
                0x0000000000000234                USART0_DriverIRQHandler
                0x0000000000000234                PIN_INT3_DriverIRQHandler
                0x0000000000000234                PIN_INT5_DAC1_DriverIRQHandler
                0x0000000000000234                PIN_INT2_DriverIRQHandler
                0x0000000000000234                I2C2_DriverIRQHandler
                0x0000000000000234                PIN_INT0_DriverIRQHandler
                0x0000000000000234                DefaultISR
                0x0000000000000234                WKT_DriverIRQHandler
                0x0000000000000234                DAC0_DriverIRQHandler
                0x0000000000000234                MRT0_DriverIRQHandler
                0x0000000000000234                PIN_INT4_DriverIRQHandler
                0x0000000000000234                CMP_CAPT_DriverIRQHandler
                0x0000000000000234                ADC0_THCMP_DriverIRQHandler
                0x0000000000000234                Reserved22_DriverIRQHandler
                0x0000000000000234                FLASH_DriverIRQHandler
                0x0000000000000234                ADC0_SEQB_DriverIRQHandler
                0x0000000000000234                CTIMER0_DriverIRQHandler
                0x0000000000000234                WDT_DriverIRQHandler
                0x0000000000000234                PIN_INT1_DriverIRQHandler
                0x0000000000000234                USART1_DriverIRQHandler
                0x0000000000000234                BOD_DriverIRQHandler
                0x0000000000000234                I2C1_DriverIRQHandler
                0x0000000000000234                ADC0_SEQA_DriverIRQHandler
                0x0000000000000234                SPI0_DriverIRQHandler
                0x0000000000000234                I2C0_DriverIRQHandler
                0x0000000000000234                SCT0_DriverIRQHandler
                0x0000000000000234                PIN_INT7_USART4_DriverIRQHandler
                0x0000000000000238                NMI_Handler
                0x000000000000023c                HardFault_Handler
                0x0000000000000240                SVC_Handler
                0x0000000000000244                PendSV_Handler
                0x0000000000000248                SysTick_Handler
                0x000000000000024c                SPI0_IRQHandler
                0x0000000000000250                SPI1_IRQHandler
                0x0000000000000254                DAC0_IRQHandler
                0x0000000000000258                USART0_IRQHandler
                0x000000000000025c                USART1_IRQHandler
                0x0000000000000260                USART2_IRQHandler
                0x0000000000000264                Reserved22_IRQHandler
                0x0000000000000268                I2C1_IRQHandler
                0x000000000000026c                I2C0_IRQHandler
                0x0000000000000270                SCT0_IRQHandler
                0x0000000000000274                MRT0_IRQHandler
                0x0000000000000278                CMP_CAPT_IRQHandler
                0x000000000000027c                WDT_IRQHandler
                0x0000000000000280                BOD_IRQHandler
                0x0000000000000284                FLASH_IRQHandler
                0x0000000000000288                WKT_IRQHandler
                0x000000000000028c                ADC0_SEQA_IRQHandler
                0x0000000000000290                ADC0_SEQB_IRQHandler
                0x0000000000000294                ADC0_THCMP_IRQHandler
                0x0000000000000298                ADC0_OVR_IRQHandler
                0x000000000000029c                DMA0_IRQHandler
                0x00000000000002a0                I2C2_IRQHandler
                0x00000000000002a4                I2C3_IRQHandler
                0x00000000000002a8                CTIMER0_IRQHandler
                0x00000000000002ac                PIN_INT0_IRQHandler
                0x00000000000002b0                PIN_INT1_IRQHandler
                0x00000000000002b4                PIN_INT2_IRQHandler
                0x00000000000002b8                PIN_INT3_IRQHandler
                0x00000000000002bc                PIN_INT4_IRQHandler
                0x00000000000002c0                PIN_INT5_DAC1_IRQHandler
                0x00000000000002c4                PIN_INT6_USART3_IRQHandler
                0x00000000000002c8                PIN_INT7_USART4_IRQHandler
 .text          0x0000000000000364      0x114 /opt/gcc-arm/bin/../lib/gcc/arm-none-eabi/8.3.1/thumb/v6-m/nofp/libgcc.a(_udivsi3.o)
                0x0000000000000364                __udivsi3
                0x0000000000000364                __aeabi_uidiv
                0x0000000000000470                __aeabi_uidivmod
 .text          0x0000000000000478        0x4 /opt/gcc-arm/bin/../lib/gcc/arm-none-eabi/8.3.1/thumb/v6-m/nofp/libgcc.a(_dvmd_tls.o)
                0x0000000000000478                __aeabi_ldiv0
                0x0000000000000478                __aeabi_idiv0
 *(.text*)
 .text.exit     0x000000000000047c       0x2c /opt/gcc-arm/bin/../lib/gcc/arm-none-eabi/8.3.1/../../../../arm-none-eabi/lib/thumb/v6-m/nofp/libc_nano.a(lib_a-exit.o)
                0x000000000000047c                exit
 .text.__libc_init_array
                0x00000000000004a8       0x48 /opt/gcc-arm/bin/../lib/gcc/arm-none-eabi/8.3.1/../../../../arm-none-eabi/lib/thumb/v6-m/nofp/libc_nano.a(lib_a-init.o)
                0x00000000000004a8                __libc_init_array
 .text.memset   0x00000000000004f0       0x10 /opt/gcc-arm/bin/../lib/gcc/arm-none-eabi/8.3.1/../../../../arm-none-eabi/lib/thumb/v6-m/nofp/libc_nano.a(lib_a-memset.o)
                0x00000000000004f0                memset
 .text._exit    0x0000000000000500        0x4 /opt/gcc-arm/bin/../lib/gcc/arm-none-eabi/8.3.1/../../../../arm-none-eabi/lib/thumb/v6-m/nofp/libnosys.a(_exit.o)
                0x0000000000000500                _exit
 .text.main     0x0000000000000504       0x44 ./main.o
                0x0000000000000504                main
 .text.RESET_SetPeripheralReset
                0x0000000000000548       0x54 ./fsl_reset.o
 .text.RESET_ClearPeripheralReset
                0x000000000000059c       0x54 ./fsl_reset.o
 .text.RESET_PeripheralReset
                0x00000000000005f0       0x10 ./fsl_reset.o
                0x00000000000005f0                RESET_PeripheralReset
 .text.GPIO_PortInit
                0x0000000000000600       0x54 ./fsl_gpio.o
                0x0000000000000600                GPIO_PortInit
 .text.GPIO_PinInit
                0x0000000000000654       0x58 ./fsl_gpio.o
                0x0000000000000654                GPIO_PinInit
 .text.SystemInitHook
                0x00000000000006ac        0x2 ./system_LPC845.o
                0x00000000000006ac                SystemInitHook
 *fill*         0x00000000000006ae        0x2 
 .text.SystemInit
                0x00000000000006b0       0x24 ./system_LPC845.o
                0x00000000000006b0                SystemInit
 .text.__assert_func
                0x00000000000006d4       0x3c /opt/gcc-arm/bin/../lib/gcc/arm-none-eabi/8.3.1/../../../../arm-none-eabi/lib/thumb/v6-m/nofp/libc_nano.a(lib_a-assert.o)
                0x00000000000006d4                __assert_func
 .text.fprintf  0x0000000000000710       0x20 /opt/gcc-arm/bin/../lib/gcc/arm-none-eabi/8.3.1/../../../../arm-none-eabi/lib/thumb/v6-m/nofp/libc_nano.a(lib_a-fprintf.o)
                0x0000000000000710                fprintf
                0x0000000000000710                fiprintf
 .text._free_r  0x0000000000000730       0x94 /opt/gcc-arm/bin/../lib/gcc/arm-none-eabi/8.3.1/../../../../arm-none-eabi/lib/thumb/v6-m/nofp/libc_nano.a(lib_a-nano-freer.o)
                0x0000000000000730                _free_r
 .text._malloc_r
                0x00000000000007c4       0xbc /opt/gcc-arm/bin/../lib/gcc/arm-none-eabi/8.3.1/../../../../arm-none-eabi/lib/thumb/v6-m/nofp/libc_nano.a(lib_a-nano-mallocr.o)
                0x00000000000007c4                _malloc_r
 .text.__sfputc_r
                0x0000000000000880       0x2a /opt/gcc-arm/bin/../lib/gcc/arm-none-eabi/8.3.1/../../../../arm-none-eabi/lib/thumb/v6-m/nofp/libc_nano.a(lib_a-nano-vfprintf.o)
 .text.__sfputs_r
                0x00000000000008aa       0x24 /opt/gcc-arm/bin/../lib/gcc/arm-none-eabi/8.3.1/../../../../arm-none-eabi/lib/thumb/v6-m/nofp/libc_nano.a(lib_a-nano-vfprintf.o)
                0x00000000000008aa                __sfputs_r
 *fill*         0x00000000000008ce        0x2 
 .text._vfprintf_r
                0x00000000000008d0      0x26c /opt/gcc-arm/bin/../lib/gcc/arm-none-eabi/8.3.1/../../../../arm-none-eabi/lib/thumb/v6-m/nofp/libc_nano.a(lib_a-nano-vfprintf.o)
                0x00000000000008d0                _vfiprintf_r
                0x00000000000008d0                _vfprintf_r
 .text._printf_common
                0x0000000000000b3c       0xda /opt/gcc-arm/bin/../lib/gcc/arm-none-eabi/8.3.1/../../../../arm-none-eabi/lib/thumb/v6-m/nofp/libc_nano.a(lib_a-nano-vfprintf_i.o)
                0x0000000000000b3c                _printf_common
 *fill*         0x0000000000000c16        0x2 
 .text._printf_i
                0x0000000000000c18      0x214 /opt/gcc-arm/bin/../lib/gcc/arm-none-eabi/8.3.1/../../../../arm-none-eabi/lib/thumb/v6-m/nofp/libc_nano.a(lib_a-nano-vfprintf_i.o)
                0x0000000000000c18                _printf_i
 .text._sbrk_r  0x0000000000000e2c       0x24 /opt/gcc-arm/bin/../lib/gcc/arm-none-eabi/8.3.1/../../../../arm-none-eabi/lib/thumb/v6-m/nofp/libc_nano.a(lib_a-sbrkr.o)
                0x0000000000000e2c                _sbrk_r
 .text.__swbuf_r
                0x0000000000000e50       0xac /opt/gcc-arm/bin/../lib/gcc/arm-none-eabi/8.3.1/../../../../arm-none-eabi/lib/thumb/v6-m/nofp/libc_nano.a(lib_a-wbuf.o)
                0x0000000000000e50                __swbuf_r
 .text.__swsetup_r
                0x0000000000000efc       0xec /opt/gcc-arm/bin/../lib/gcc/arm-none-eabi/8.3.1/../../../../arm-none-eabi/lib/thumb/v6-m/nofp/libc_nano.a(lib_a-wsetup.o)
                0x0000000000000efc                __swsetup_r
 .text.abort    0x0000000000000fe8        0xe /opt/gcc-arm/bin/../lib/gcc/arm-none-eabi/8.3.1/../../../../arm-none-eabi/lib/thumb/v6-m/nofp/libc_nano.a(lib_a-abort.o)
                0x0000000000000fe8                abort
 *fill*         0x0000000000000ff6        0x2 
 .text.__sflush_r
                0x0000000000000ff8      0x114 /opt/gcc-arm/bin/../lib/gcc/arm-none-eabi/8.3.1/../../../../arm-none-eabi/lib/thumb/v6-m/nofp/libc_nano.a(lib_a-fflush.o)
                0x0000000000000ff8                __sflush_r
 .text._fflush_r
                0x000000000000110c       0x80 /opt/gcc-arm/bin/../lib/gcc/arm-none-eabi/8.3.1/../../../../arm-none-eabi/lib/thumb/v6-m/nofp/libc_nano.a(lib_a-fflush.o)
                0x000000000000110c                _fflush_r
 .text.std      0x000000000000118c       0x48 /opt/gcc-arm/bin/../lib/gcc/arm-none-eabi/8.3.1/../../../../arm-none-eabi/lib/thumb/v6-m/nofp/libc_nano.a(lib_a-findfp.o)
 .text._cleanup_r
                0x00000000000011d4       0x10 /opt/gcc-arm/bin/../lib/gcc/arm-none-eabi/8.3.1/../../../../arm-none-eabi/lib/thumb/v6-m/nofp/libc_nano.a(lib_a-findfp.o)
                0x00000000000011d4                _cleanup_r
 .text.__sfmoreglue
                0x00000000000011e4       0x2c /opt/gcc-arm/bin/../lib/gcc/arm-none-eabi/8.3.1/../../../../arm-none-eabi/lib/thumb/v6-m/nofp/libc_nano.a(lib_a-findfp.o)
                0x00000000000011e4                __sfmoreglue
 .text.__sfp_lock_acquire
                0x0000000000001210       0x10 /opt/gcc-arm/bin/../lib/gcc/arm-none-eabi/8.3.1/../../../../arm-none-eabi/lib/thumb/v6-m/nofp/libc_nano.a(lib_a-findfp.o)
                0x0000000000001210                __sfp_lock_acquire
 .text.__sfp_lock_release
                0x0000000000001220       0x10 /opt/gcc-arm/bin/../lib/gcc/arm-none-eabi/8.3.1/../../../../arm-none-eabi/lib/thumb/v6-m/nofp/libc_nano.a(lib_a-findfp.o)
                0x0000000000001220                __sfp_lock_release
 .text.__sinit_lock_acquire
                0x0000000000001230       0x10 /opt/gcc-arm/bin/../lib/gcc/arm-none-eabi/8.3.1/../../../../arm-none-eabi/lib/thumb/v6-m/nofp/libc_nano.a(lib_a-findfp.o)
                0x0000000000001230                __sinit_lock_acquire
 .text.__sinit_lock_release
                0x0000000000001240       0x10 /opt/gcc-arm/bin/../lib/gcc/arm-none-eabi/8.3.1/../../../../arm-none-eabi/lib/thumb/v6-m/nofp/libc_nano.a(lib_a-findfp.o)
                0x0000000000001240                __sinit_lock_release
 .text.__sinit  0x0000000000001250       0x70 /opt/gcc-arm/bin/../lib/gcc/arm-none-eabi/8.3.1/../../../../arm-none-eabi/lib/thumb/v6-m/nofp/libc_nano.a(lib_a-findfp.o)
                0x0000000000001250                __sinit
 .text.__sfp    0x00000000000012c0       0x90 /opt/gcc-arm/bin/../lib/gcc/arm-none-eabi/8.3.1/../../../../arm-none-eabi/lib/thumb/v6-m/nofp/libc_nano.a(lib_a-findfp.o)
                0x00000000000012c0                __sfp
 .text._fwalk_reent
                0x0000000000001350       0x42 /opt/gcc-arm/bin/../lib/gcc/arm-none-eabi/8.3.1/../../../../arm-none-eabi/lib/thumb/v6-m/nofp/libc_nano.a(lib_a-fwalk.o)
                0x0000000000001350                _fwalk_reent
 .text.__retarget_lock_init_recursive
                0x0000000000001392        0x2 /opt/gcc-arm/bin/../lib/gcc/arm-none-eabi/8.3.1/../../../../arm-none-eabi/lib/thumb/v6-m/nofp/libc_nano.a(lib_a-lock.o)
                0x0000000000001392                __retarget_lock_init_recursive
 .text.__retarget_lock_acquire_recursive
                0x0000000000001394        0x2 /opt/gcc-arm/bin/../lib/gcc/arm-none-eabi/8.3.1/../../../../arm-none-eabi/lib/thumb/v6-m/nofp/libc_nano.a(lib_a-lock.o)
                0x0000000000001394                __retarget_lock_acquire_recursive
 .text.__retarget_lock_release_recursive
                0x0000000000001396        0x2 /opt/gcc-arm/bin/../lib/gcc/arm-none-eabi/8.3.1/../../../../arm-none-eabi/lib/thumb/v6-m/nofp/libc_nano.a(lib_a-lock.o)
                0x0000000000001396                __retarget_lock_release_recursive
 .text.__swhatbuf_r
                0x0000000000001398       0x50 /opt/gcc-arm/bin/../lib/gcc/arm-none-eabi/8.3.1/../../../../arm-none-eabi/lib/thumb/v6-m/nofp/libc_nano.a(lib_a-makebuf.o)
                0x0000000000001398                __swhatbuf_r
 .text.__smakebuf_r
                0x00000000000013e8       0x88 /opt/gcc-arm/bin/../lib/gcc/arm-none-eabi/8.3.1/../../../../arm-none-eabi/lib/thumb/v6-m/nofp/libc_nano.a(lib_a-makebuf.o)
                0x00000000000013e8                __smakebuf_r
 .text.memchr   0x0000000000001470       0x16 /opt/gcc-arm/bin/../lib/gcc/arm-none-eabi/8.3.1/../../../../arm-none-eabi/lib/thumb/v6-m/nofp/libc_nano.a(lib_a-memchr-stub.o)
                0x0000000000001470                memchr
 *fill*         0x0000000000001486        0x2 
 .text.__malloc_lock
                0x0000000000001488       0x10 /opt/gcc-arm/bin/../lib/gcc/arm-none-eabi/8.3.1/../../../../arm-none-eabi/lib/thumb/v6-m/nofp/libc_nano.a(lib_a-mlock.o)
                0x0000000000001488                __malloc_lock
 .text.__malloc_unlock
                0x0000000000001498       0x10 /opt/gcc-arm/bin/../lib/gcc/arm-none-eabi/8.3.1/../../../../arm-none-eabi/lib/thumb/v6-m/nofp/libc_nano.a(lib_a-mlock.o)
                0x0000000000001498                __malloc_unlock
 .text._raise_r
                0x00000000000014a8       0x54 /opt/gcc-arm/bin/../lib/gcc/arm-none-eabi/8.3.1/../../../../arm-none-eabi/lib/thumb/v6-m/nofp/libc_nano.a(lib_a-signal.o)
                0x00000000000014a8                _raise_r
 .text.raise    0x00000000000014fc       0x14 /opt/gcc-arm/bin/../lib/gcc/arm-none-eabi/8.3.1/../../../../arm-none-eabi/lib/thumb/v6-m/nofp/libc_nano.a(lib_a-signal.o)
                0x00000000000014fc                raise
 .text._kill_r  0x0000000000001510       0x24 /opt/gcc-arm/bin/../lib/gcc/arm-none-eabi/8.3.1/../../../../arm-none-eabi/lib/thumb/v6-m/nofp/libc_nano.a(lib_a-signalr.o)
                0x0000000000001510                _kill_r
 .text._getpid_r
                0x0000000000001534        0x8 /opt/gcc-arm/bin/../lib/gcc/arm-none-eabi/8.3.1/../../../../arm-none-eabi/lib/thumb/v6-m/nofp/libc_nano.a(lib_a-signalr.o)
                0x0000000000001534                _getpid_r
 .text.__sread  0x000000000000153c       0x28 /opt/gcc-arm/bin/../lib/gcc/arm-none-eabi/8.3.1/../../../../arm-none-eabi/lib/thumb/v6-m/nofp/libc_nano.a(lib_a-stdio.o)
                0x000000000000153c                __sread
 .text.__swrite
                0x0000000000001564       0x38 /opt/gcc-arm/bin/../lib/gcc/arm-none-eabi/8.3.1/../../../../arm-none-eabi/lib/thumb/v6-m/nofp/libc_nano.a(lib_a-stdio.o)
                0x0000000000001564                __swrite
 .text.__sseek  0x000000000000159c       0x2c /opt/gcc-arm/bin/../lib/gcc/arm-none-eabi/8.3.1/../../../../arm-none-eabi/lib/thumb/v6-m/nofp/libc_nano.a(lib_a-stdio.o)
                0x000000000000159c                __sseek
 .text.__sclose
                0x00000000000015c8        0xc /opt/gcc-arm/bin/../lib/gcc/arm-none-eabi/8.3.1/../../../../arm-none-eabi/lib/thumb/v6-m/nofp/libc_nano.a(lib_a-stdio.o)
                0x00000000000015c8                __sclose
 .text._write_r
                0x00000000000015d4       0x28 /opt/gcc-arm/bin/../lib/gcc/arm-none-eabi/8.3.1/../../../../arm-none-eabi/lib/thumb/v6-m/nofp/libc_nano.a(lib_a-writer.o)
                0x00000000000015d4                _write_r
 .text._close_r
                0x00000000000015fc       0x24 /opt/gcc-arm/bin/../lib/gcc/arm-none-eabi/8.3.1/../../../../arm-none-eabi/lib/thumb/v6-m/nofp/libc_nano.a(lib_a-closer.o)
                0x00000000000015fc                _close_r
 .text._fstat_r
                0x0000000000001620       0x24 /opt/gcc-arm/bin/../lib/gcc/arm-none-eabi/8.3.1/../../../../arm-none-eabi/lib/thumb/v6-m/nofp/libc_nano.a(lib_a-fstatr.o)
                0x0000000000001620                _fstat_r
 .text._isatty_r
                0x0000000000001644       0x24 /opt/gcc-arm/bin/../lib/gcc/arm-none-eabi/8.3.1/../../../../arm-none-eabi/lib/thumb/v6-m/nofp/libc_nano.a(lib_a-isattyr.o)
                0x0000000000001644                _isatty_r
 .text._lseek_r
                0x0000000000001668       0x28 /opt/gcc-arm/bin/../lib/gcc/arm-none-eabi/8.3.1/../../../../arm-none-eabi/lib/thumb/v6-m/nofp/libc_nano.a(lib_a-lseekr.o)
                0x0000000000001668                _lseek_r
 .text._read_r  0x0000000000001690       0x28 /opt/gcc-arm/bin/../lib/gcc/arm-none-eabi/8.3.1/../../../../arm-none-eabi/lib/thumb/v6-m/nofp/libc_nano.a(lib_a-readr.o)
                0x0000000000001690                _read_r
 *(.rodata)
 *(.rodata*)
 .rodata._global_impure_ptr
                0x00000000000016b8        0x4 /opt/gcc-arm/bin/../lib/gcc/arm-none-eabi/8.3.1/../../../../arm-none-eabi/lib/thumb/v6-m/nofp/libc_nano.a(lib_a-impure.o)
                0x00000000000016b8                _global_impure_ptr
 .rodata.RESET_SetPeripheralReset.str1.4
                0x00000000000016bc       0x25 ./fsl_reset.o
 *fill*         0x00000000000016e1        0x3 
 .rodata.__func__.6196
                0x00000000000016e4       0x19 ./fsl_reset.o
 *fill*         0x00000000000016fd        0x3 
 .rodata.__func__.6203
                0x0000000000001700       0x1b ./fsl_reset.o
 *fill*         0x000000000000171b        0x1 
 .rodata.GPIO_PortInit.str1.4
                0x000000000000171c       0x38 ./fsl_gpio.o
 .rodata.__func__.6252
                0x0000000000001754        0xe ./fsl_gpio.o
 *fill*         0x0000000000001762        0x2 
 .rodata.s_gpioClockName
                0x0000000000001764        0x4 ./fsl_gpio.o
 .rodata.s_gpioResets
                0x0000000000001768        0x8 ./fsl_gpio.o
 .rodata.__assert_func.str1.1
                0x0000000000001770       0x3c /opt/gcc-arm/bin/../lib/gcc/arm-none-eabi/8.3.1/../../../../arm-none-eabi/lib/thumb/v6-m/nofp/libc_nano.a(lib_a-assert.o)
                                         0x3d (size before relaxing)
 .rodata._vfprintf_r.str1.1
                0x00000000000017ac       0x11 /opt/gcc-arm/bin/../lib/gcc/arm-none-eabi/8.3.1/../../../../arm-none-eabi/lib/thumb/v6-m/nofp/libc_nano.a(lib_a-nano-vfprintf.o)
 .rodata._printf_i.str1.1
                0x00000000000017bd       0x22 /opt/gcc-arm/bin/../lib/gcc/arm-none-eabi/8.3.1/../../../../arm-none-eabi/lib/thumb/v6-m/nofp/libc_nano.a(lib_a-nano-vfprintf_i.o)
 *fill*         0x00000000000017df        0x1 
 .rodata.__sf_fake_stderr
                0x00000000000017e0       0x20 /opt/gcc-arm/bin/../lib/gcc/arm-none-eabi/8.3.1/../../../../arm-none-eabi/lib/thumb/v6-m/nofp/libc_nano.a(lib_a-findfp.o)
                0x00000000000017e0                __sf_fake_stderr
 .rodata.__sf_fake_stdin
                0x0000000000001800       0x20 /opt/gcc-arm/bin/../lib/gcc/arm-none-eabi/8.3.1/../../../../arm-none-eabi/lib/thumb/v6-m/nofp/libc_nano.a(lib_a-findfp.o)
                0x0000000000001800                __sf_fake_stdin
 .rodata.__sf_fake_stdout
                0x0000000000001820       0x20 /opt/gcc-arm/bin/../lib/gcc/arm-none-eabi/8.3.1/../../../../arm-none-eabi/lib/thumb/v6-m/nofp/libc_nano.a(lib_a-findfp.o)
                0x0000000000001820                __sf_fake_stdout
 *(.glue_7)
 .glue_7        0x0000000000001840        0x0 linker stubs
 *(.glue_7t)
 .glue_7t       0x0000000000001840        0x0 linker stubs
 *(.eh_frame)
 .eh_frame      0x0000000000001840        0x0 /opt/gcc-arm/bin/../lib/gcc/arm-none-eabi/8.3.1/thumb/v6-m/nofp/crtbegin.o
 *(.init)
 .init          0x0000000000001840        0x4 /opt/gcc-arm/bin/../lib/gcc/arm-none-eabi/8.3.1/thumb/v6-m/nofp/crti.o
                0x0000000000001840                _init
 .init          0x0000000000001844        0x8 /opt/gcc-arm/bin/../lib/gcc/arm-none-eabi/8.3.1/thumb/v6-m/nofp/crtn.o
 *(.fini)
 .fini          0x000000000000184c        0x4 /opt/gcc-arm/bin/../lib/gcc/arm-none-eabi/8.3.1/thumb/v6-m/nofp/crti.o
                0x000000000000184c                _fini
 .fini          0x0000000000001850        0x8 /opt/gcc-arm/bin/../lib/gcc/arm-none-eabi/8.3.1/thumb/v6-m/nofp/crtn.o
                0x0000000000001858                . = ALIGN (0x4)

.vfp11_veneer   0x0000000000001858        0x0
 .vfp11_veneer  0x0000000000001858        0x0 linker stubs

.v4_bx          0x0000000000001858        0x0
 .v4_bx         0x0000000000001858        0x0 linker stubs

.iplt           0x0000000000001858        0x0
 .iplt          0x0000000000001858        0x0 /opt/gcc-arm/bin/../lib/gcc/arm-none-eabi/8.3.1/thumb/v6-m/nofp/crtbegin.o

.ARM.extab
 *(.ARM.extab* .gnu.linkonce.armextab.*)

.ARM            0x0000000000001858        0x8
                0x0000000000001858                __exidx_start = .
 *(.ARM.exidx*)
 .ARM.exidx     0x0000000000001858        0x8 /opt/gcc-arm/bin/../lib/gcc/arm-none-eabi/8.3.1/../../../../arm-none-eabi/lib/thumb/v6-m/nofp/crt0.o
                0x0000000000001860                __exidx_end = .

.rel.dyn        0x0000000000001860        0x0
 .rel.iplt      0x0000000000001860        0x0 /opt/gcc-arm/bin/../lib/gcc/arm-none-eabi/8.3.1/thumb/v6-m/nofp/crtbegin.o

.ctors          0x0000000000001860        0x0
                0x0000000000001860                __CTOR_LIST__ = .
 *crtbegin.o(.ctors)
 *crtbegin?.o(.ctors)
 *(EXCLUDE_FILE(*crtend.o *crtend?.o) .ctors)
 *(SORT_BY_NAME(.ctors.*))
 *(.ctors)
                0x0000000000001860                __CTOR_END__ = .

.dtors          0x0000000000001860        0x0
                0x0000000000001860                __DTOR_LIST__ = .
 *crtbegin.o(.dtors)
 *crtbegin?.o(.dtors)
 *(EXCLUDE_FILE(*crtend.o *crtend?.o) .dtors)
 *(SORT_BY_NAME(.dtors.*))
 *(.dtors)
                0x0000000000001860                __DTOR_END__ = .

.preinit_array  0x0000000000001860        0x0
                0x0000000000001860                PROVIDE (__preinit_array_start = .)
 *(.preinit_array*)
                0x0000000000001860                PROVIDE (__preinit_array_end = .)

.init_array     0x0000000000001860        0x4
                0x0000000000001860                PROVIDE (__init_array_start = .)
 *(SORT_BY_NAME(.init_array.*))
 *(.init_array*)
 .init_array    0x0000000000001860        0x4 /opt/gcc-arm/bin/../lib/gcc/arm-none-eabi/8.3.1/thumb/v6-m/nofp/crtbegin.o
                0x0000000000001864                PROVIDE (__init_array_end = .)

.fini_array     0x0000000000001864        0x4
                [!provide]                        PROVIDE (__fini_array_start = .)
 *(SORT_BY_NAME(.fini_array.*))
 *(.fini_array*)
 .fini_array    0x0000000000001864        0x4 /opt/gcc-arm/bin/../lib/gcc/arm-none-eabi/8.3.1/thumb/v6-m/nofp/crtbegin.o
                [!provide]                        PROVIDE (__fini_array_end = .)
                0x0000000000001868                __etext = .
                0x0000000000001868                __DATA_ROM = .

.data           0x0000000010000000       0x68 load address 0x0000000000001868
                0x0000000010000000                . = ALIGN (0x4)
                0x0000000010000000                __DATA_RAM = .
                0x0000000010000000                __data_start__ = .
 *(.ramfunc*)
 *(.data)
 *(.data*)
 .data._impure_ptr
                0x0000000010000000        0x4 /opt/gcc-arm/bin/../lib/gcc/arm-none-eabi/8.3.1/../../../../arm-none-eabi/lib/thumb/v6-m/nofp/libc_nano.a(lib_a-impure.o)
                0x0000000010000000                _impure_ptr
 .data.impure_data
                0x0000000010000004       0x60 /opt/gcc-arm/bin/../lib/gcc/arm-none-eabi/8.3.1/../../../../arm-none-eabi/lib/thumb/v6-m/nofp/libc_nano.a(lib_a-impure.o)
 .data.SystemCoreClock
                0x0000000010000064        0x4 ./system_LPC845.o
                0x0000000010000064                SystemCoreClock
 *(.jcr*)
                0x0000000010000068                . = ALIGN (0x4)
                0x0000000010000068                __data_end__ = .
                0x00000000000018d0                __DATA_END = (__DATA_ROM + (__data_end__ - __data_start__))
                0x0000000000010000                text_end = (ORIGIN (m_text) + LENGTH (m_text))
                0x0000000000000001                ASSERT ((__DATA_END <= text_end), region m_text overflowed with text and data)

.igot.plt       0x0000000010000068        0x0 load address 0x00000000000018d0
 .igot.plt      0x0000000010000068        0x0 /opt/gcc-arm/bin/../lib/gcc/arm-none-eabi/8.3.1/thumb/v6-m/nofp/crtbegin.o

.bss            0x0000000010000068       0x34 load address 0x00000000000018d0
                0x0000000010000068                . = ALIGN (0x4)
                0x0000000010000068                __START_BSS = .
                0x0000000010000068                __bss_start__ = .
 *(.bss)
 .bss           0x0000000010000068       0x1c /opt/gcc-arm/bin/../lib/gcc/arm-none-eabi/8.3.1/thumb/v6-m/nofp/crtbegin.o
 *(.bss*)
 .bss.__malloc_free_list
                0x0000000010000084        0x4 /opt/gcc-arm/bin/../lib/gcc/arm-none-eabi/8.3.1/../../../../arm-none-eabi/lib/thumb/v6-m/nofp/libc_nano.a(lib_a-nano-mallocr.o)
                0x0000000010000084                __malloc_free_list
 .bss.__malloc_sbrk_start
                0x0000000010000088        0x4 /opt/gcc-arm/bin/../lib/gcc/arm-none-eabi/8.3.1/../../../../arm-none-eabi/lib/thumb/v6-m/nofp/libc_nano.a(lib_a-nano-mallocr.o)
                0x0000000010000088                __malloc_sbrk_start
 *(COMMON)
 COMMON         0x000000001000008c        0x9 /opt/gcc-arm/bin/../lib/gcc/arm-none-eabi/8.3.1/../../../../arm-none-eabi/lib/thumb/v6-m/nofp/libc_nano.a(lib_a-lock.o)
                0x000000001000008c                __lock___atexit_recursive_mutex
                0x000000001000008d                __lock___arc4random_mutex
                0x000000001000008e                __lock___env_recursive_mutex
                0x000000001000008f                __lock___sinit_recursive_mutex
                0x0000000010000090                __lock___malloc_recursive_mutex
                0x0000000010000091                __lock___at_quick_exit_mutex
                0x0000000010000092                __lock___dd_hash_mutex
                0x0000000010000093                __lock___tz_mutex
                0x0000000010000094                __lock___sfp_recursive_mutex
 *fill*         0x0000000010000095        0x3 
 COMMON         0x0000000010000098        0x4 /opt/gcc-arm/bin/../lib/gcc/arm-none-eabi/8.3.1/../../../../arm-none-eabi/lib/thumb/v6-m/nofp/libc_nano.a(lib_a-reent.o)
                0x0000000010000098                errno
                0x000000001000009c                . = ALIGN (0x4)
                0x000000001000009c                __bss_end__ = .
                0x000000001000009c                __END_BSS = .

.heap           0x000000001000009c      0x404 load address 0x0000000000001904
                0x00000000100000a0                . = ALIGN (0x8)
 *fill*         0x000000001000009c        0x4 
                0x00000000100000a0                __end__ = .
                [!provide]                        PROVIDE (end = .)
                0x00000000100000a0                __HeapBase = .
                0x00000000100004a0                . = (. + HEAP_SIZE)
 *fill*         0x00000000100000a0      0x400 
                0x00000000100004a0                __HeapLimit = .
                0x00000000100004a0                __heap_limit = .

.stack          0x00000000100004a0      0x800 load address 0x0000000000001d08
                0x00000000100004a0                . = ALIGN (0x8)
                0x0000000010000ca0                . = (. + STACK_SIZE)
 *fill*         0x00000000100004a0      0x800 
                0x0000000010004000                __StackTop = (ORIGIN (m_data) + LENGTH (m_data))
                0x0000000010003800                __StackLimit = (__StackTop - STACK_SIZE)
                0x0000000010004000                PROVIDE (__stack = __StackTop)

.ARM.attributes
                0x0000000000000000       0x28
 *(.ARM.attributes)
 .ARM.attributes
                0x0000000000000000       0x1e /opt/gcc-arm/bin/../lib/gcc/arm-none-eabi/8.3.1/thumb/v6-m/nofp/crti.o
 .ARM.attributes
                0x000000000000001e       0x2c /opt/gcc-arm/bin/../lib/gcc/arm-none-eabi/8.3.1/thumb/v6-m/nofp/crtbegin.o
 .ARM.attributes
                0x000000000000004a       0x1b /opt/gcc-arm/bin/../lib/gcc/arm-none-eabi/8.3.1/../../../../arm-none-eabi/lib/thumb/v6-m/nofp/crt0.o
 .ARM.attributes
                0x0000000000000065       0x2c /opt/gcc-arm/bin/../lib/gcc/arm-none-eabi/8.3.1/../../../../arm-none-eabi/lib/thumb/v6-m/nofp/libc_nano.a(lib_a-exit.o)
 .ARM.attributes
                0x0000000000000091       0x2c /opt/gcc-arm/bin/../lib/gcc/arm-none-eabi/8.3.1/../../../../arm-none-eabi/lib/thumb/v6-m/nofp/libc_nano.a(lib_a-impure.o)
 .ARM.attributes
                0x00000000000000bd       0x2c /opt/gcc-arm/bin/../lib/gcc/arm-none-eabi/8.3.1/../../../../arm-none-eabi/lib/thumb/v6-m/nofp/libc_nano.a(lib_a-init.o)
 .ARM.attributes
                0x00000000000000e9       0x2c /opt/gcc-arm/bin/../lib/gcc/arm-none-eabi/8.3.1/../../../../arm-none-eabi/lib/thumb/v6-m/nofp/libc_nano.a(lib_a-memset.o)
 .ARM.attributes
                0x0000000000000115       0x2c /opt/gcc-arm/bin/../lib/gcc/arm-none-eabi/8.3.1/../../../../arm-none-eabi/lib/thumb/v6-m/nofp/libnosys.a(_exit.o)
 .ARM.attributes
                0x0000000000000141       0x2c ./main.o
 .ARM.attributes
                0x000000000000016d       0x2c ./fsl_reset.o
 .ARM.attributes
                0x0000000000000199       0x2c ./fsl_gpio.o
 .ARM.attributes
                0x00000000000001c5       0x2c ./system_LPC845.o
 .ARM.attributes
                0x00000000000001f1       0x1b ./startup_LPC845.o
 .ARM.attributes
                0x000000000000020c       0x1e /opt/gcc-arm/bin/../lib/gcc/arm-none-eabi/8.3.1/thumb/v6-m/nofp/libgcc.a(_udivsi3.o)
 .ARM.attributes
                0x000000000000022a       0x1e /opt/gcc-arm/bin/../lib/gcc/arm-none-eabi/8.3.1/thumb/v6-m/nofp/libgcc.a(_dvmd_tls.o)
 .ARM.attributes
                0x0000000000000248       0x2c /opt/gcc-arm/bin/../lib/gcc/arm-none-eabi/8.3.1/../../../../arm-none-eabi/lib/thumb/v6-m/nofp/libc_nano.a(lib_a-assert.o)
 .ARM.attributes
                0x0000000000000274       0x2c /opt/gcc-arm/bin/../lib/gcc/arm-none-eabi/8.3.1/../../../../arm-none-eabi/lib/thumb/v6-m/nofp/libc_nano.a(lib_a-fprintf.o)
 .ARM.attributes
                0x00000000000002a0       0x2c /opt/gcc-arm/bin/../lib/gcc/arm-none-eabi/8.3.1/../../../../arm-none-eabi/lib/thumb/v6-m/nofp/libc_nano.a(lib_a-nano-freer.o)
 .ARM.attributes
                0x00000000000002cc       0x2c /opt/gcc-arm/bin/../lib/gcc/arm-none-eabi/8.3.1/../../../../arm-none-eabi/lib/thumb/v6-m/nofp/libc_nano.a(lib_a-nano-mallocr.o)
 .ARM.attributes
                0x00000000000002f8       0x2c /opt/gcc-arm/bin/../lib/gcc/arm-none-eabi/8.3.1/../../../../arm-none-eabi/lib/thumb/v6-m/nofp/libc_nano.a(lib_a-nano-vfprintf.o)
 .ARM.attributes
                0x0000000000000324       0x2c /opt/gcc-arm/bin/../lib/gcc/arm-none-eabi/8.3.1/../../../../arm-none-eabi/lib/thumb/v6-m/nofp/libc_nano.a(lib_a-nano-vfprintf_i.o)
 .ARM.attributes
                0x0000000000000350       0x2c /opt/gcc-arm/bin/../lib/gcc/arm-none-eabi/8.3.1/../../../../arm-none-eabi/lib/thumb/v6-m/nofp/libc_nano.a(lib_a-sbrkr.o)
 .ARM.attributes
                0x000000000000037c       0x2c /opt/gcc-arm/bin/../lib/gcc/arm-none-eabi/8.3.1/../../../../arm-none-eabi/lib/thumb/v6-m/nofp/libc_nano.a(lib_a-wbuf.o)
 .ARM.attributes
                0x00000000000003a8       0x2c /opt/gcc-arm/bin/../lib/gcc/arm-none-eabi/8.3.1/../../../../arm-none-eabi/lib/thumb/v6-m/nofp/libc_nano.a(lib_a-wsetup.o)
 .ARM.attributes
                0x00000000000003d4       0x2c /opt/gcc-arm/bin/../lib/gcc/arm-none-eabi/8.3.1/../../../../arm-none-eabi/lib/thumb/v6-m/nofp/libc_nano.a(lib_a-abort.o)
 .ARM.attributes
                0x0000000000000400       0x2c /opt/gcc-arm/bin/../lib/gcc/arm-none-eabi/8.3.1/../../../../arm-none-eabi/lib/thumb/v6-m/nofp/libc_nano.a(lib_a-fflush.o)
 .ARM.attributes
                0x000000000000042c       0x2c /opt/gcc-arm/bin/../lib/gcc/arm-none-eabi/8.3.1/../../../../arm-none-eabi/lib/thumb/v6-m/nofp/libc_nano.a(lib_a-findfp.o)
 .ARM.attributes
                0x0000000000000458       0x2c /opt/gcc-arm/bin/../lib/gcc/arm-none-eabi/8.3.1/../../../../arm-none-eabi/lib/thumb/v6-m/nofp/libc_nano.a(lib_a-fwalk.o)
 .ARM.attributes
                0x0000000000000484       0x2c /opt/gcc-arm/bin/../lib/gcc/arm-none-eabi/8.3.1/../../../../arm-none-eabi/lib/thumb/v6-m/nofp/libc_nano.a(lib_a-lock.o)
 .ARM.attributes
                0x00000000000004b0       0x2c /opt/gcc-arm/bin/../lib/gcc/arm-none-eabi/8.3.1/../../../../arm-none-eabi/lib/thumb/v6-m/nofp/libc_nano.a(lib_a-makebuf.o)
 .ARM.attributes
                0x00000000000004dc       0x2c /opt/gcc-arm/bin/../lib/gcc/arm-none-eabi/8.3.1/../../../../arm-none-eabi/lib/thumb/v6-m/nofp/libc_nano.a(lib_a-memchr-stub.o)
 .ARM.attributes
                0x0000000000000508       0x2c /opt/gcc-arm/bin/../lib/gcc/arm-none-eabi/8.3.1/../../../../arm-none-eabi/lib/thumb/v6-m/nofp/libc_nano.a(lib_a-mlock.o)
 .ARM.attributes
                0x0000000000000534       0x2c /opt/gcc-arm/bin/../lib/gcc/arm-none-eabi/8.3.1/../../../../arm-none-eabi/lib/thumb/v6-m/nofp/libc_nano.a(lib_a-reent.o)
 .ARM.attributes
                0x0000000000000560       0x2c /opt/gcc-arm/bin/../lib/gcc/arm-none-eabi/8.3.1/../../../../arm-none-eabi/lib/thumb/v6-m/nofp/libc_nano.a(lib_a-signal.o)
 .ARM.attributes
                0x000000000000058c       0x2c /opt/gcc-arm/bin/../lib/gcc/arm-none-eabi/8.3.1/../../../../arm-none-eabi/lib/thumb/v6-m/nofp/libc_nano.a(lib_a-signalr.o)
 .ARM.attributes
                0x00000000000005b8       0x2c /opt/gcc-arm/bin/../lib/gcc/arm-none-eabi/8.3.1/../../../../arm-none-eabi/lib/thumb/v6-m/nofp/libc_nano.a(lib_a-stdio.o)
 .ARM.attributes
                0x00000000000005e4       0x2c /opt/gcc-arm/bin/../lib/gcc/arm-none-eabi/8.3.1/../../../../arm-none-eabi/lib/thumb/v6-m/nofp/libc_nano.a(lib_a-writer.o)
 .ARM.attributes
                0x0000000000000610       0x2c /opt/gcc-arm/bin/../lib/gcc/arm-none-eabi/8.3.1/../../../../arm-none-eabi/lib/thumb/v6-m/nofp/libc_nano.a(lib_a-closer.o)
 .ARM.attributes
                0x000000000000063c       0x2c /opt/gcc-arm/bin/../lib/gcc/arm-none-eabi/8.3.1/../../../../arm-none-eabi/lib/thumb/v6-m/nofp/libc_nano.a(lib_a-fstatr.o)
 .ARM.attributes
                0x0000000000000668       0x2c /opt/gcc-arm/bin/../lib/gcc/arm-none-eabi/8.3.1/../../../../arm-none-eabi/lib/thumb/v6-m/nofp/libc_nano.a(lib_a-isattyr.o)
 .ARM.attributes
                0x0000000000000694       0x2c /opt/gcc-arm/bin/../lib/gcc/arm-none-eabi/8.3.1/../../../../arm-none-eabi/lib/thumb/v6-m/nofp/libc_nano.a(lib_a-lseekr.o)
 .ARM.attributes
                0x00000000000006c0       0x2c /opt/gcc-arm/bin/../lib/gcc/arm-none-eabi/8.3.1/../../../../arm-none-eabi/lib/thumb/v6-m/nofp/libc_nano.a(lib_a-readr.o)
 .ARM.attributes
                0x00000000000006ec       0x1e /opt/gcc-arm/bin/../lib/gcc/arm-none-eabi/8.3.1/thumb/v6-m/nofp/crtn.o
                0x0000000000000001                ASSERT ((__StackLimit >= __HeapLimit), region m_data overflowed with stack and heap)
OUTPUT(main.elf elf32-littlearm)

.debug_frame    0x0000000000000000      0x9f0
 .debug_frame   0x0000000000000000       0x28 /opt/gcc-arm/bin/../lib/gcc/arm-none-eabi/8.3.1/../../../../arm-none-eabi/lib/thumb/v6-m/nofp/libc_nano.a(lib_a-exit.o)
 .debug_frame   0x0000000000000028       0x2c /opt/gcc-arm/bin/../lib/gcc/arm-none-eabi/8.3.1/../../../../arm-none-eabi/lib/thumb/v6-m/nofp/libc_nano.a(lib_a-init.o)
 .debug_frame   0x0000000000000054       0x20 /opt/gcc-arm/bin/../lib/gcc/arm-none-eabi/8.3.1/../../../../arm-none-eabi/lib/thumb/v6-m/nofp/libc_nano.a(lib_a-memset.o)
 .debug_frame   0x0000000000000074       0x20 /opt/gcc-arm/bin/../lib/gcc/arm-none-eabi/8.3.1/../../../../arm-none-eabi/lib/thumb/v6-m/nofp/libnosys.a(_exit.o)
 .debug_frame   0x0000000000000094       0x20 /opt/gcc-arm/bin/../lib/gcc/arm-none-eabi/8.3.1/thumb/v6-m/nofp/libgcc.a(_udivsi3.o)
 .debug_frame   0x00000000000000b4       0x44 /opt/gcc-arm/bin/../lib/gcc/arm-none-eabi/8.3.1/../../../../arm-none-eabi/lib/thumb/v6-m/nofp/libc_nano.a(lib_a-assert.o)
 .debug_frame   0x00000000000000f8       0x4c /opt/gcc-arm/bin/../lib/gcc/arm-none-eabi/8.3.1/../../../../arm-none-eabi/lib/thumb/v6-m/nofp/libc_nano.a(lib_a-fprintf.o)
 .debug_frame   0x0000000000000144       0x2c /opt/gcc-arm/bin/../lib/gcc/arm-none-eabi/8.3.1/../../../../arm-none-eabi/lib/thumb/v6-m/nofp/libc_nano.a(lib_a-nano-freer.o)
 .debug_frame   0x0000000000000170       0x30 /opt/gcc-arm/bin/../lib/gcc/arm-none-eabi/8.3.1/../../../../arm-none-eabi/lib/thumb/v6-m/nofp/libc_nano.a(lib_a-nano-mallocr.o)
 .debug_frame   0x00000000000001a0       0x9c /opt/gcc-arm/bin/../lib/gcc/arm-none-eabi/8.3.1/../../../../arm-none-eabi/lib/thumb/v6-m/nofp/libc_nano.a(lib_a-nano-vfprintf.o)
 .debug_frame   0x000000000000023c       0x54 /opt/gcc-arm/bin/../lib/gcc/arm-none-eabi/8.3.1/../../../../arm-none-eabi/lib/thumb/v6-m/nofp/libc_nano.a(lib_a-nano-vfprintf_i.o)
 .debug_frame   0x0000000000000290       0x2c /opt/gcc-arm/bin/../lib/gcc/arm-none-eabi/8.3.1/../../../../arm-none-eabi/lib/thumb/v6-m/nofp/libc_nano.a(lib_a-sbrkr.o)
 .debug_frame   0x00000000000002bc       0x48 /opt/gcc-arm/bin/../lib/gcc/arm-none-eabi/8.3.1/../../../../arm-none-eabi/lib/thumb/v6-m/nofp/libc_nano.a(lib_a-wbuf.o)
 .debug_frame   0x0000000000000304       0x2c /opt/gcc-arm/bin/../lib/gcc/arm-none-eabi/8.3.1/../../../../arm-none-eabi/lib/thumb/v6-m/nofp/libc_nano.a(lib_a-wsetup.o)
 .debug_frame   0x0000000000000330       0x28 /opt/gcc-arm/bin/../lib/gcc/arm-none-eabi/8.3.1/../../../../arm-none-eabi/lib/thumb/v6-m/nofp/libc_nano.a(lib_a-abort.o)
 .debug_frame   0x0000000000000358       0x68 /opt/gcc-arm/bin/../lib/gcc/arm-none-eabi/8.3.1/../../../../arm-none-eabi/lib/thumb/v6-m/nofp/libc_nano.a(lib_a-fflush.o)
 .debug_frame   0x00000000000003c0      0x170 /opt/gcc-arm/bin/../lib/gcc/arm-none-eabi/8.3.1/../../../../arm-none-eabi/lib/thumb/v6-m/nofp/libc_nano.a(lib_a-findfp.o)
 .debug_frame   0x0000000000000530       0x58 /opt/gcc-arm/bin/../lib/gcc/arm-none-eabi/8.3.1/../../../../arm-none-eabi/lib/thumb/v6-m/nofp/libc_nano.a(lib_a-fwalk.o)
 .debug_frame   0x0000000000000588       0xb0 /opt/gcc-arm/bin/../lib/gcc/arm-none-eabi/8.3.1/../../../../arm-none-eabi/lib/thumb/v6-m/nofp/libc_nano.a(lib_a-lock.o)
 .debug_frame   0x0000000000000638       0x54 /opt/gcc-arm/bin/../lib/gcc/arm-none-eabi/8.3.1/../../../../arm-none-eabi/lib/thumb/v6-m/nofp/libc_nano.a(lib_a-makebuf.o)
 .debug_frame   0x000000000000068c       0x20 /opt/gcc-arm/bin/../lib/gcc/arm-none-eabi/8.3.1/../../../../arm-none-eabi/lib/thumb/v6-m/nofp/libc_nano.a(lib_a-memchr-stub.o)
 .debug_frame   0x00000000000006ac       0x40 /opt/gcc-arm/bin/../lib/gcc/arm-none-eabi/8.3.1/../../../../arm-none-eabi/lib/thumb/v6-m/nofp/libc_nano.a(lib_a-mlock.o)
 .debug_frame   0x00000000000006ec       0x48 /opt/gcc-arm/bin/../lib/gcc/arm-none-eabi/8.3.1/../../../../arm-none-eabi/lib/thumb/v6-m/nofp/libc_nano.a(lib_a-reent.o)
 .debug_frame   0x0000000000000734       0xe0 /opt/gcc-arm/bin/../lib/gcc/arm-none-eabi/8.3.1/../../../../arm-none-eabi/lib/thumb/v6-m/nofp/libc_nano.a(lib_a-signal.o)
 .debug_frame   0x0000000000000814       0x44 /opt/gcc-arm/bin/../lib/gcc/arm-none-eabi/8.3.1/../../../../arm-none-eabi/lib/thumb/v6-m/nofp/libc_nano.a(lib_a-signalr.o)
 .debug_frame   0x0000000000000858       0x90 /opt/gcc-arm/bin/../lib/gcc/arm-none-eabi/8.3.1/../../../../arm-none-eabi/lib/thumb/v6-m/nofp/libc_nano.a(lib_a-stdio.o)
 .debug_frame   0x00000000000008e8       0x2c /opt/gcc-arm/bin/../lib/gcc/arm-none-eabi/8.3.1/../../../../arm-none-eabi/lib/thumb/v6-m/nofp/libc_nano.a(lib_a-writer.o)
 .debug_frame   0x0000000000000914       0x2c /opt/gcc-arm/bin/../lib/gcc/arm-none-eabi/8.3.1/../../../../arm-none-eabi/lib/thumb/v6-m/nofp/libc_nano.a(lib_a-closer.o)
 .debug_frame   0x0000000000000940       0x2c /opt/gcc-arm/bin/../lib/gcc/arm-none-eabi/8.3.1/../../../../arm-none-eabi/lib/thumb/v6-m/nofp/libc_nano.a(lib_a-fstatr.o)
 .debug_frame   0x000000000000096c       0x2c /opt/gcc-arm/bin/../lib/gcc/arm-none-eabi/8.3.1/../../../../arm-none-eabi/lib/thumb/v6-m/nofp/libc_nano.a(lib_a-isattyr.o)
 .debug_frame   0x0000000000000998       0x2c /opt/gcc-arm/bin/../lib/gcc/arm-none-eabi/8.3.1/../../../../arm-none-eabi/lib/thumb/v6-m/nofp/libc_nano.a(lib_a-lseekr.o)
 .debug_frame   0x00000000000009c4       0x2c /opt/gcc-arm/bin/../lib/gcc/arm-none-eabi/8.3.1/../../../../arm-none-eabi/lib/thumb/v6-m/nofp/libc_nano.a(lib_a-readr.o)

.comment        0x0000000000000000       0x76
 .comment       0x0000000000000000       0x76 ./main.o
                                         0x77 (size before relaxing)
 .comment       0x0000000000000076       0x77 ./fsl_reset.o
 .comment       0x0000000000000076       0x77 ./fsl_gpio.o
 .comment       0x0000000000000076       0x77 ./system_LPC845.o
