startup_lpc845.c:246:6:data_init	8	static
startup_lpc845.c:255:6:bss_init	0	static
startup_lpc845.c:280:6:ResetISR	8	static
startup_lpc845.c:371:14:NMI_Handler	0	static
startup_lpc845.c:375:14:HardFault_Handler	0	static
startup_lpc845.c:379:14:SVC_Handler	0	static
startup_lpc845.c:383:14:PendSV_Handler	0	static
startup_lpc845.c:387:14:SysTick_Handler	0	static
startup_lpc845.c:395:14:IntDefaultHandler	0	static
startup_lpc845.c:405:14:SPI0_IRQHandler	8	static
startup_lpc845.c:409:14:SPI1_IRQHandler	8	static
startup_lpc845.c:413:14:DAC0_IRQHandler	8	static
startup_lpc845.c:417:14:USART0_IRQHandler	8	static
startup_lpc845.c:421:14:USART1_IRQHandler	8	static
startup_lpc845.c:425:14:USART2_IRQHandler	8	static
startup_lpc845.c:429:14:Reserved22_IRQHandler	8	static
startup_lpc845.c:433:14:I2C1_IRQHandler	8	static
startup_lpc845.c:437:14:I2C0_IRQHandler	8	static
startup_lpc845.c:441:14:SCT0_IRQHandler	8	static
startup_lpc845.c:445:14:MRT0_IRQHandler	8	static
startup_lpc845.c:449:14:CMP_CAPT_IRQHandler	8	static
startup_lpc845.c:453:14:WDT_IRQHandler	8	static
startup_lpc845.c:457:14:BOD_IRQHandler	8	static
startup_lpc845.c:461:14:FLASH_IRQHandler	8	static
startup_lpc845.c:465:14:WKT_IRQHandler	8	static
startup_lpc845.c:469:14:ADC0_SEQA_IRQHandler	8	static
startup_lpc845.c:473:14:ADC0_SEQB_IRQHandler	8	static
startup_lpc845.c:477:14:ADC0_THCMP_IRQHandler	8	static
startup_lpc845.c:481:14:ADC0_OVR_IRQHandler	8	static
startup_lpc845.c:485:14:DMA0_IRQHandler	8	static
startup_lpc845.c:489:14:I2C2_IRQHandler	8	static
startup_lpc845.c:493:14:I2C3_IRQHandler	8	static
startup_lpc845.c:497:14:CTIMER0_IRQHandler	8	static
startup_lpc845.c:501:14:PIN_INT0_IRQHandler	8	static
startup_lpc845.c:505:14:PIN_INT1_IRQHandler	8	static
startup_lpc845.c:509:14:PIN_INT2_IRQHandler	8	static
startup_lpc845.c:513:14:PIN_INT3_IRQHandler	8	static
startup_lpc845.c:517:14:PIN_INT4_IRQHandler	8	static
startup_lpc845.c:521:14:PIN_INT5_DAC1_IRQHandler	8	static
startup_lpc845.c:525:14:PIN_INT6_USART3_IRQHandler	8	static
startup_lpc845.c:529:14:PIN_INT7_USART4_IRQHandler	8	static
