Archive member included to satisfy reference by file (symbol)

/opt/gcc-arm/bin/../lib/gcc/arm-none-eabi/8.3.1/thumb/v6-m/nofp/libgcc.a(_thumb1_case_uqi.o)
                              fsl_clock.o (__gnu_thumb1_case_uqi)
/opt/gcc-arm/bin/../lib/gcc/arm-none-eabi/8.3.1/thumb/v6-m/nofp/libgcc.a(_udivsi3.o)
                              fsl_clock.o (__aeabi_uidiv)
/opt/gcc-arm/bin/../lib/gcc/arm-none-eabi/8.3.1/thumb/v6-m/nofp/libgcc.a(_divsi3.o)
                              fsl_clock.o (__aeabi_idiv)
/opt/gcc-arm/bin/../lib/gcc/arm-none-eabi/8.3.1/thumb/v6-m/nofp/libgcc.a(_dvmd_tls.o)
                              /opt/gcc-arm/bin/../lib/gcc/arm-none-eabi/8.3.1/thumb/v6-m/nofp/libgcc.a(_udivsi3.o) (__aeabi_idiv0)
/opt/gcc-arm/bin/../lib/gcc/arm-none-eabi/8.3.1/thumb/v6-m/nofp/libgcc.a(_aeabi_ldivmod.o)
                              fsl_clock.o (__aeabi_ldivmod)
/opt/gcc-arm/bin/../lib/gcc/arm-none-eabi/8.3.1/thumb/v6-m/nofp/libgcc.a(_aeabi_uldivmod.o)
                              fsl_clock.o (__aeabi_uldivmod)
/opt/gcc-arm/bin/../lib/gcc/arm-none-eabi/8.3.1/thumb/v6-m/nofp/libgcc.a(_muldi3.o)
                              fsl_clock.o (__aeabi_lmul)
/opt/gcc-arm/bin/../lib/gcc/arm-none-eabi/8.3.1/thumb/v6-m/nofp/libgcc.a(_udivmoddi4.o)
                              /opt/gcc-arm/bin/../lib/gcc/arm-none-eabi/8.3.1/thumb/v6-m/nofp/libgcc.a(_aeabi_uldivmod.o) (__udivmoddi4)
/opt/gcc-arm/bin/../lib/gcc/arm-none-eabi/8.3.1/thumb/v6-m/nofp/libgcc.a(bpabi.o)
                              /opt/gcc-arm/bin/../lib/gcc/arm-none-eabi/8.3.1/thumb/v6-m/nofp/libgcc.a(_aeabi_ldivmod.o) (__gnu_ldivmod_helper)
/opt/gcc-arm/bin/../lib/gcc/arm-none-eabi/8.3.1/thumb/v6-m/nofp/libgcc.a(_clzdi2.o)
                              /opt/gcc-arm/bin/../lib/gcc/arm-none-eabi/8.3.1/thumb/v6-m/nofp/libgcc.a(_udivmoddi4.o) (__clzdi2)
/opt/gcc-arm/bin/../lib/gcc/arm-none-eabi/8.3.1/thumb/v6-m/nofp/libgcc.a(_divdi3.o)
                              /opt/gcc-arm/bin/../lib/gcc/arm-none-eabi/8.3.1/thumb/v6-m/nofp/libgcc.a(bpabi.o) (__divdi3)
/opt/gcc-arm/bin/../lib/gcc/arm-none-eabi/8.3.1/thumb/v6-m/nofp/libgcc.a(_clzsi2.o)
                              /opt/gcc-arm/bin/../lib/gcc/arm-none-eabi/8.3.1/thumb/v6-m/nofp/libgcc.a(_clzdi2.o) (__clzsi2)
/opt/gcc-arm/bin/../lib/gcc/arm-none-eabi/8.3.1/../../../../arm-none-eabi/lib/thumb/v6-m/nofp/libc.a(lib_a-assert.o)
                              fsl_clock.o (__assert_func)
/opt/gcc-arm/bin/../lib/gcc/arm-none-eabi/8.3.1/../../../../arm-none-eabi/lib/thumb/v6-m/nofp/libc.a(lib_a-exit.o)
                              /opt/gcc-arm/bin/../lib/gcc/arm-none-eabi/8.3.1/../../../../arm-none-eabi/lib/thumb/v6-m/nofp/crt0.o (exit)
/opt/gcc-arm/bin/../lib/gcc/arm-none-eabi/8.3.1/../../../../arm-none-eabi/lib/thumb/v6-m/nofp/libc.a(lib_a-fiprintf.o)
                              /opt/gcc-arm/bin/../lib/gcc/arm-none-eabi/8.3.1/../../../../arm-none-eabi/lib/thumb/v6-m/nofp/libc.a(lib_a-assert.o) (fiprintf)
/opt/gcc-arm/bin/../lib/gcc/arm-none-eabi/8.3.1/../../../../arm-none-eabi/lib/thumb/v6-m/nofp/libc.a(lib_a-impure.o)
                              /opt/gcc-arm/bin/../lib/gcc/arm-none-eabi/8.3.1/../../../../arm-none-eabi/lib/thumb/v6-m/nofp/libc.a(lib_a-exit.o) (_global_impure_ptr)
/opt/gcc-arm/bin/../lib/gcc/arm-none-eabi/8.3.1/../../../../arm-none-eabi/lib/thumb/v6-m/nofp/libc.a(lib_a-init.o)
                              /opt/gcc-arm/bin/../lib/gcc/arm-none-eabi/8.3.1/../../../../arm-none-eabi/lib/thumb/v6-m/nofp/crt0.o (__libc_init_array)
/opt/gcc-arm/bin/../lib/gcc/arm-none-eabi/8.3.1/../../../../arm-none-eabi/lib/thumb/v6-m/nofp/libc.a(lib_a-malloc.o)
                              fsl_common.o (malloc)
/opt/gcc-arm/bin/../lib/gcc/arm-none-eabi/8.3.1/../../../../arm-none-eabi/lib/thumb/v6-m/nofp/libc.a(lib_a-mallocr.o)
                              /opt/gcc-arm/bin/../lib/gcc/arm-none-eabi/8.3.1/../../../../arm-none-eabi/lib/thumb/v6-m/nofp/libc.a(lib_a-malloc.o) (_malloc_r)
/opt/gcc-arm/bin/../lib/gcc/arm-none-eabi/8.3.1/../../../../arm-none-eabi/lib/thumb/v6-m/nofp/libc.a(lib_a-memset.o)
                              /opt/gcc-arm/bin/../lib/gcc/arm-none-eabi/8.3.1/../../../../arm-none-eabi/lib/thumb/v6-m/nofp/crt0.o (memset)
/opt/gcc-arm/bin/../lib/gcc/arm-none-eabi/8.3.1/../../../../arm-none-eabi/lib/thumb/v6-m/nofp/libc.a(lib_a-mlock.o)
                              /opt/gcc-arm/bin/../lib/gcc/arm-none-eabi/8.3.1/../../../../arm-none-eabi/lib/thumb/v6-m/nofp/libc.a(lib_a-mallocr.o) (__malloc_lock)
/opt/gcc-arm/bin/../lib/gcc/arm-none-eabi/8.3.1/../../../../arm-none-eabi/lib/thumb/v6-m/nofp/libc.a(lib_a-sbrkr.o)
                              /opt/gcc-arm/bin/../lib/gcc/arm-none-eabi/8.3.1/../../../../arm-none-eabi/lib/thumb/v6-m/nofp/libc.a(lib_a-mallocr.o) (_sbrk_r)
/opt/gcc-arm/bin/../lib/gcc/arm-none-eabi/8.3.1/../../../../arm-none-eabi/lib/thumb/v6-m/nofp/libc.a(lib_a-vfiprintf.o)
[...]
Memory Configuration

Name             Origin             Length             Attributes
m_interrupts     0x0000000000000000 0x0000000000000140 xr
m_text           0x0000000000000140 0x000000000000fec0 xr
m_data           0x0000000010000000 0x0000000000004000 rw
*default*        0x0000000000000000 0xffffffffffffffff

Linker script and memory map

LOAD /opt/gcc-arm/bin/../lib/gcc/arm-none-eabi/8.3.1/thumb/v6-m/nofp/crti.o
LOAD /opt/gcc-arm/bin/../lib/gcc/arm-none-eabi/8.3.1/thumb/v6-m/nofp/crtbegin.o
LOAD /opt/gcc-arm/bin/../lib/gcc/arm-none-eabi/8.3.1/../../../../arm-none-eabi/lib/thumb/v6-m/nofp/crt0.o
LOAD main.o
LOAD clock_config.o
LOAD fsl_clock.o
LOAD fsl_reset.o
LOAD fsl_gpio.o
LOAD system_LPC845.o
LOAD fsl_common.o
LOAD fsl_power.o
LOAD startup_LPC845.o
START GROUP
LOAD /opt/gcc-arm/bin/../lib/gcc/arm-none-eabi/8.3.1/thumb/v6-m/nofp/libgcc.a
LOAD /opt/gcc-arm/bin/../lib/gcc/arm-none-eabi/8.3.1/../../../../arm-none-eabi/lib/thumb/v6-m/nofp/libc.a
END GROUP
START GROUP
LOAD /opt/gcc-arm/bin/../lib/gcc/arm-none-eabi/8.3.1/thumb/v6-m/nofp/libgcc.a
LOAD /opt/gcc-arm/bin/../lib/gcc/arm-none-eabi/8.3.1/../../../../arm-none-eabi/lib/thumb/v6-m/nofp/libc.a
LOAD /opt/gcc-arm/bin/../lib/gcc/arm-none-eabi/8.3.1/../../../../arm-none-eabi/lib/thumb/v6-m/nofp/libnosys.a
END GROUP
LOAD /opt/gcc-arm/bin/../lib/gcc/arm-none-eabi/8.3.1/thumb/v6-m/nofp/crtend.o
LOAD /opt/gcc-arm/bin/../lib/gcc/arm-none-eabi/8.3.1/thumb/v6-m/nofp/crtn.o
                0x0000000000000400                HEAP_SIZE = DEFINED (__heap_size__)?__heap_size__:0x400
                0x0000000000000800                STACK_SIZE = DEFINED (__stack_size__)?__stack_size__:0x800

.interrupts     0x0000000000000000       0xc0
                0x0000000000000000                . = ALIGN (0x4)
 *(.isr_vector)
 .isr_vector    0x0000000000000000       0xc0 startup_LPC845.o
                0x0000000000000000                __Vectors
                0x00000000000000c0                . = ALIGN (0x4)

.text           0x0000000000000140     0x50b4
                0x0000000000000140                . = ALIGN (0x4)
 *(.text)
 .text          0x0000000000000140        0x0 /opt/gcc-arm/bin/../lib/gcc/arm-none-eabi/8.3.1/thumb/v6-m/nofp/crti.o
 .text          0x0000000000000140       0x48 /opt/gcc-arm/bin/../lib/gcc/arm-none-eabi/8.3.1/thumb/v6-m/nofp/crtbegin.o
 .text          0x0000000000000188       0x78 /opt/gcc-arm/bin/../lib/gcc/arm-none-eabi/8.3.1/../../../../arm-none-eabi/lib/thumb/v6-m/nofp/crt0.o
                0x0000000000000188                _mainCRTStartup
                0x0000000000000188                _start
 .text          0x0000000000000200        0x0 main.o
 .text          0x0000000000000200      0x148 clock_config.o
                0x0000000000000214                BOARD_BootClockFRO18M
                0x0000000000000270                BOARD_InitBootClocks
                0x0000000000000278                BOARD_BootClockFRO24M
                0x00000000000002d4                BOARD_BootClockFRO30M
                0x00000000000002dc                BOARD_BootClockPll24M
 .text          0x0000000000000348      0x718 fsl_clock.o
                0x0000000000000348                CLOCK_GetFroFreq
                0x0000000000000398                CLOCK_GetSystemPLLInClockRate
                0x00000000000003e8                CLOCK_GetMainClkFreq
                0x00000000000004a4                CLOCK_SetFRG0ClkFreq
                0x00000000000004b4                CLOCK_SetFRG1ClkFreq
                0x00000000000004c4                CLOCK_GetFRG0ClkFreq
                0x00000000000004e8                CLOCK_GetFRG1ClkFreq
                0x000000000000050c                CLOCK_GetUart0ClkFreq
                0x0000000000000548                CLOCK_GetUart1ClkFreq
                0x0000000000000584                CLOCK_GetUart2ClkFreq
                0x00000000000005c0                CLOCK_GetUart3ClkFreq
                0x00000000000005fc                CLOCK_GetUart4ClkFreq
                0x0000000000000638                CLOCK_GetClockOutClkFreq
                0x0000000000000690                CLOCK_GetFreq
                0x00000000000006f4                CLOCK_InitSystemPll
                0x00000000000007d4                CLOCK_InitExtClkin
                0x0000000000000814                CLOCK_InitXtalin
                0x000000000000087c                CLOCK_InitSysOsc
                0x0000000000000904                CLOCK_InitWdtOsc
                0x0000000000000968                CLOCK_SetMainClkSrc
                0x00000000000009d8                CLOCK_SetFroOutClkSrc
                0x0000000000000a14                SDK_DelayAtLeastUs
 .text          0x0000000000000a60       0x50 fsl_reset.o
                0x0000000000000a60                RESET_PeripheralReset
 .text          0x0000000000000ab0       0x80 fsl_gpio.o
                0x0000000000000ab0                GPIO_PortInit
                0x0000000000000af8                GPIO_PinInit
 .text          0x0000000000000b30       0xd8 system_LPC845.o
                0x0000000000000b30                SystemCoreClockUpdate
                0x0000000000000be0                SystemInitHook
                0x0000000000000be2                SystemInit
 .text          0x0000000000000c08       0x4c fsl_common.o
                0x0000000000000c08                SDK_Malloc
                0x0000000000000c38                SDK_Free
 .text          0x0000000000000c54      0x1bc fsl_power.o
                0x0000000000000c54                POWER_EnterSleep
                0x0000000000000c80                POWER_EnterDeepSleep
                0x0000000000000ce8                POWER_EnterPowerDown
                0x0000000000000d50                POWER_EnterDeepPowerDownMode
                0x0000000000000d88                EnableDeepSleepIRQ
                0x0000000000000dc8                DisableDeepSleepIRQ
 .text          0x0000000000000e10      0x164 startup_LPC845.o
                0x0000000000000e10                Reset_Handler
                0x0000000000000e44                PIN_INT6_USART3_DriverIRQHandler
                0x0000000000000e44                ADC0_OVR_DriverIRQHandler
                0x0000000000000e44                DMA0_DriverIRQHandler
                0x0000000000000e44                SPI1_DriverIRQHandler
                0x0000000000000e44                USART2_DriverIRQHandler
                0x0000000000000e44                I2C3_DriverIRQHandler
                0x0000000000000e44                USART0_DriverIRQHandler
                0x0000000000000e44                PIN_INT3_DriverIRQHandler
                0x0000000000000e44                PIN_INT5_DAC1_DriverIRQHandler
                0x0000000000000e44                PIN_INT2_DriverIRQHandler
                0x0000000000000e44                I2C2_DriverIRQHandler
                0x0000000000000e44                PIN_INT0_DriverIRQHandler
                0x0000000000000e44                DefaultISR
                0x0000000000000e44                WKT_DriverIRQHandler
                0x0000000000000e44                DAC0_DriverIRQHandler
                0x0000000000000e44                MRT0_DriverIRQHandler
                0x0000000000000e44                PIN_INT4_DriverIRQHandler
                0x0000000000000e44                CMP_CAPT_DriverIRQHandler
                0x0000000000000e44                ADC0_THCMP_DriverIRQHandler
                0x0000000000000e44                Reserved22_DriverIRQHandler
                0x0000000000000e44                FLASH_DriverIRQHandler
                0x0000000000000e44                ADC0_SEQB_DriverIRQHandler
                0x0000000000000e44                CTIMER0_DriverIRQHandler
                0x0000000000000e44                WDT_DriverIRQHandler
                0x0000000000000e44                PIN_INT1_DriverIRQHandler
                0x0000000000000e44                USART1_DriverIRQHandler
                0x0000000000000e44                BOD_DriverIRQHandler
                0x0000000000000e44                I2C1_DriverIRQHandler
                0x0000000000000e44                ADC0_SEQA_DriverIRQHandler
                0x0000000000000e44                SPI0_DriverIRQHandler
                0x0000000000000e44                I2C0_DriverIRQHandler
                0x0000000000000e44                SCT0_DriverIRQHandler
                0x0000000000000e44                PIN_INT7_USART4_DriverIRQHandler
                0x0000000000000e48                NMI_Handler
                0x0000000000000e4c                HardFault_Handler
                0x0000000000000e50                SVC_Handler
                0x0000000000000e54                PendSV_Handler
                0x0000000000000e58                SysTick_Handler
                0x0000000000000e5c                SPI0_IRQHandler
                0x0000000000000e60                SPI1_IRQHandler
                0x0000000000000e64                DAC0_IRQHandler
                0x0000000000000e68                USART0_IRQHandler
                0x0000000000000e6c                USART1_IRQHandler
                0x0000000000000e70                USART2_IRQHandler
                0x0000000000000e74                Reserved22_IRQHandler
                0x0000000000000e78                I2C1_IRQHandler
                0x0000000000000e7c                I2C0_IRQHandler
                0x0000000000000e80                SCT0_IRQHandler
                0x0000000000000e84                MRT0_IRQHandler
                0x0000000000000e88                CMP_CAPT_IRQHandler
                0x0000000000000e8c                WDT_IRQHandler
                0x0000000000000e90                BOD_IRQHandler
                0x0000000000000e94                FLASH_IRQHandler
                0x0000000000000e98                WKT_IRQHandler
                0x0000000000000e9c                ADC0_SEQA_IRQHandler
                0x0000000000000ea0                ADC0_SEQB_IRQHandler
                0x0000000000000ea4                ADC0_THCMP_IRQHandler
                0x0000000000000ea8                ADC0_OVR_IRQHandler
                0x0000000000000eac                DMA0_IRQHandler
                0x0000000000000eb0                I2C2_IRQHandler
                0x0000000000000eb4                I2C3_IRQHandler
                0x0000000000000eb8                CTIMER0_IRQHandler
                0x0000000000000ebc                PIN_INT0_IRQHandler
                0x0000000000000ec0                PIN_INT1_IRQHandler
                0x0000000000000ec4                PIN_INT2_IRQHandler
                0x0000000000000ec8                PIN_INT3_IRQHandler
                0x0000000000000ecc                PIN_INT4_IRQHandler
                0x0000000000000ed0                PIN_INT5_DAC1_IRQHandler
                0x0000000000000ed4                PIN_INT6_USART3_IRQHandler
                0x0000000000000ed8                PIN_INT7_USART4_IRQHandler
 .text          0x0000000000000f74       0x14 /opt/gcc-arm/bin/../lib/gcc/arm-none-eabi/8.3.1/thumb/v6-m/nofp/libgcc.a(_thumb1_case_uqi.o)
                0x0000000000000f74                __gnu_thumb1_case_uqi
 .text          0x0000000000000f88      0x114 /opt/gcc-arm/bin/../lib/gcc/arm-none-eabi/8.3.1/thumb/v6-m/nofp/libgcc.a(_udivsi3.o)
                0x0000000000000f88                __udivsi3
                0x0000000000000f88                __aeabi_uidiv
                0x0000000000001094                __aeabi_uidivmod
 .text          0x000000000000109c      0x1d4 /opt/gcc-arm/bin/../lib/gcc/arm-none-eabi/8.3.1/thumb/v6-m/nofp/libgcc.a(_divsi3.o)
                0x000000000000109c                __aeabi_idiv
                0x000000000000109c                __divsi3
                0x0000000000001268                __aeabi_idivmod
 .text          0x0000000000001270        0x4 /opt/gcc-arm/bin/../lib/gcc/arm-none-eabi/8.3.1/thumb/v6-m/nofp/libgcc.a(_dvmd_tls.o)
                0x0000000000001270                __aeabi_ldiv0
                0x0000000000001270                __aeabi_idiv0
 .text          0x0000000000001274       0x48 /opt/gcc-arm/bin/../lib/gcc/arm-none-eabi/8.3.1/thumb/v6-m/nofp/libgcc.a(_aeabi_ldivmod.o)
                0x0000000000001274                __aeabi_ldivmod
 .text          0x00000000000012bc       0x40 /opt/gcc-arm/bin/../lib/gcc/arm-none-eabi/8.3.1/thumb/v6-m/nofp/libgcc.a(_aeabi_uldivmod.o)
                0x00000000000012bc                __aeabi_uldivmod
 .text          0x00000000000012fc       0x54 /opt/gcc-arm/bin/../lib/gcc/arm-none-eabi/8.3.1/thumb/v6-m/nofp/libgcc.a(_muldi3.o)
                0x00000000000012fc                __aeabi_lmul
                0x00000000000012fc                __muldi3
 .text          0x0000000000001350      0x1a4 /opt/gcc-arm/bin/../lib/gcc/arm-none-eabi/8.3.1/thumb/v6-m/nofp/libgcc.a(_udivmoddi4.o)
                0x0000000000001350                __udivmoddi4
 .text          0x00000000000014f4       0x38 /opt/gcc-arm/bin/../lib/gcc/arm-none-eabi/8.3.1/thumb/v6-m/nofp/libgcc.a(bpabi.o)
                0x00000000000014f4                __gnu_ldivmod_helper
 .text          0x000000000000152c       0x18 /opt/gcc-arm/bin/../lib/gcc/arm-none-eabi/8.3.1/thumb/v6-m/nofp/libgcc.a(_clzdi2.o)
                0x000000000000152c                __clzdi2
 .text          0x0000000000001544      0x1cc /opt/gcc-arm/bin/../lib/gcc/arm-none-eabi/8.3.1/thumb/v6-m/nofp/libgcc.a(_divdi3.o)
                0x0000000000001544                __divdi3
 .text          0x0000000000001710       0x3c /opt/gcc-arm/bin/../lib/gcc/arm-none-eabi/8.3.1/thumb/v6-m/nofp/libgcc.a(_clzsi2.o)
                0x0000000000001710                __clzsi2
 .text          0x000000000000174c        0x0 /opt/gcc-arm/bin/../lib/gcc/arm-none-eabi/8.3.1/../../../../arm-none-eabi/lib/thumb/v6-m/nofp/libc.a(lib_a-assert.o)
 .text          0x000000000000174c        0x0 /opt/gcc-arm/bin/../lib/gcc/arm-none-eabi/8.3.1/../../../../arm-none-eabi/lib/thumb/v6-m/nofp/libc.a(lib_a-exit.o)
 .text          0x000000000000174c        0x0 /opt/gcc-arm/bin/../lib/gcc/arm-none-eabi/8.3.1/../../../../arm-none-eabi/lib/thumb/v6-m/nofp/libc.a(lib_a-fiprintf.o)
 .text          0x000000000000174c        0x0 /opt/gcc-arm/bin/../lib/gcc/arm-none-eabi/8.3.1/../../../../arm-none-eabi/lib/thumb/v6-m/nofp/libc.a(lib_a-impure.o)
 .text          0x000000000000174c        0x0 /opt/gcc-arm/bin/../lib/gcc/arm-none-eabi/8.3.1/../../../../arm-none-eabi/lib/thumb/v6-m/nofp/libc.a(lib_a-init.o)
 .text          0x000000000000174c        0x0 /opt/gcc-arm/bin/../lib/gcc/arm-none-eabi/8.3.1/../../../../arm-none-eabi/lib/thumb/v6-m/nofp/libc.a(lib_a-malloc.o)
 .text          0x000000000000174c        0x0 /opt/gcc-arm/bin/../lib/gcc/arm-none-eabi/8.3.1/../../../../arm-none-eabi/lib/thumb/v6-m/nofp/libc.a(lib_a-mallocr.o)
 .text          0x000000000000174c        0x0 /opt/gcc-arm/bin/../lib/gcc/arm-none-eabi/8.3.1/../../../../arm-none-eabi/lib/thumb/v6-m/nofp/libc.a(lib_a-memset.o)
 .text          0x000000000000174c        0x0 /opt/gcc-arm/bin/../lib/gcc/arm-none-eabi/8.3.1/../../../../arm-none-eabi/lib/thumb/v6-m/nofp/libc.a(lib_a-mlock.o)
 .text          0x000000000000174c        0x0 /opt/gcc-arm/bin/../lib/gcc/arm-none-eabi/8.3.1/../../../../arm-none-eabi/lib/thumb/v6-m/nofp/libc.a(lib_a-sbrkr.o)
 .text          0x000000000000174c        0x0 /opt/gcc-arm/bin/../lib/gcc/arm-none-eabi/8.3.1/../../../../arm-none-eabi/lib/thumb/v6-m/nofp/libc.a(lib_a-vfiprintf.o)
 .text          0x000000000000174c        0x0 /opt/gcc-arm/bin/../lib/gcc/arm-none-eabi/8.3.1/../../../../arm-none-eabi/lib/thumb/v6-m/nofp/libc.a(lib_a-wsetup.o)
 .text          0x000000000000174c        0x0 /opt/gcc-arm/bin/../lib/gcc/arm-none-eabi/8.3.1/../../../../arm-none-eabi/lib/thumb/v6-m/nofp/libc.a(lib_a-__call_atexit.o)
 .text          0x000000000000174c        0x0 /opt/gcc-arm/bin/../lib/gcc/arm-none-eabi/8.3.1/../../../../arm-none-eabi/lib/thumb/v6-m/nofp/libc.a(lib_a-abort.o)
 .text          0x000000000000174c        0x0 /opt/gcc-arm/bin/../lib/gcc/arm-none-eabi/8.3.1/../../../../arm-none-eabi/lib/thumb/v6-m/nofp/libc.a(lib_a-atexit.o)
 .text          0x000000000000174c        0x0 /opt/gcc-arm/bin/../lib/gcc/arm-none-eabi/8.3.1/../../../../arm-none-eabi/lib/thumb/v6-m/nofp/libc.a(lib_a-fflush.o)
 .text          0x000000000000174c        0x0 /opt/gcc-arm/bin/../lib/gcc/arm-none-eabi/8.3.1/../../../../arm-none-eabi/lib/thumb/v6-m/nofp/libc.a(lib_a-findfp.o)
 .text          0x000000000000174c        0x0 /opt/gcc-arm/bin/../lib/gcc/arm-none-eabi/8.3.1/../../../../arm-none-eabi/lib/thumb/v6-m/nofp/libc.a(lib_a-fini.o)
 .text          0x000000000000174c        0x0 /opt/gcc-arm/bin/../lib/gcc/arm-none-eabi/8.3.1/../../../../arm-none-eabi/lib/thumb/v6-m/nofp/libc.a(lib_a-fputwc.o)
 .text          0x000000000000174c        0x0 /opt/gcc-arm/bin/../lib/gcc/arm-none-eabi/8.3.1/../../../../arm-none-eabi/lib/thumb/v6-m/nofp/libc.a(lib_a-freer.o)
 .text          0x000000000000174c        0x0 /opt/gcc-arm/bin/../lib/gcc/arm-none-eabi/8.3.1/../../../../arm-none-eabi/lib/thumb/v6-m/nofp/libc.a(lib_a-fvwrite.o)
 .text          0x000000000000174c        0x0 /opt/gcc-arm/bin/../lib/gcc/arm-none-eabi/8.3.1/../../../../arm-none-eabi/lib/thumb/v6-m/nofp/libc.a(lib_a-fwalk.o)
 .text          0x000000000000174c        0x0 /opt/gcc-arm/bin/../lib/gcc/arm-none-eabi/8.3.1/../../../../arm-none-eabi/lib/thumb/v6-m/nofp/libc.a(lib_a-locale.o)
 .text          0x000000000000174c        0x0 /opt/gcc-arm/bin/../lib/gcc/arm-none-eabi/8.3.1/../../../../arm-none-eabi/lib/thumb/v6-m/nofp/libc.a(lib_a-localeconv.o)
 .text          0x000000000000174c        0x0 /opt/gcc-arm/bin/../lib/gcc/arm-none-eabi/8.3.1/../../../../arm-none-eabi/lib/thumb/v6-m/nofp/libc.a(lib_a-lock.o)
 .text          0x000000000000174c        0x0 /opt/gcc-arm/bin/../lib/gcc/arm-none-eabi/8.3.1/../../../../arm-none-eabi/lib/thumb/v6-m/nofp/libc.a(lib_a-makebuf.o)
 .text          0x000000000000174c        0x0 /opt/gcc-arm/bin/../lib/gcc/arm-none-eabi/8.3.1/../../../../arm-none-eabi/lib/thumb/v6-m/nofp/libc.a(lib_a-mbtowc_r.o)
 .text          0x000000000000174c        0x0 /opt/gcc-arm/bin/../lib/gcc/arm-none-eabi/8.3.1/../../../../arm-none-eabi/lib/thumb/v6-m/nofp/libc.a(lib_a-memchr-stub.o)
 .text          0x000000000000174c        0x0 /opt/gcc-arm/bin/../lib/gcc/arm-none-eabi/8.3.1/../../../../arm-none-eabi/lib/thumb/v6-m/nofp/libc.a(lib_a-memcpy-stub.o)
 .text          0x000000000000174c        0x0 /opt/gcc-arm/bin/../lib/gcc/arm-none-eabi/8.3.1/../../../../arm-none-eabi/lib/thumb/v6-m/nofp/libc.a(lib_a-memmove.o)
 .text          0x000000000000174c        0x0 /opt/gcc-arm/bin/../lib/gcc/arm-none-eabi/8.3.1/../../../../arm-none-eabi/lib/thumb/v6-m/nofp/libc.a(lib_a-reallocr.o)
 .text          0x000000000000174c        0x0 /opt/gcc-arm/bin/../lib/gcc/arm-none-eabi/8.3.1/../../../../arm-none-eabi/lib/thumb/v6-m/nofp/libc.a(lib_a-reent.o)
 .text          0x000000000000174c        0x0 /opt/gcc-arm/bin/../lib/gcc/arm-none-eabi/8.3.1/../../../../arm-none-eabi/lib/thumb/v6-m/nofp/libc.a(lib_a-signal.o)
 .text          0x000000000000174c        0x0 /opt/gcc-arm/bin/../lib/gcc/arm-none-eabi/8.3.1/../../../../arm-none-eabi/lib/thumb/v6-m/nofp/libc.a(lib_a-signalr.o)
 .text          0x000000000000174c        0x0 /opt/gcc-arm/bin/../lib/gcc/arm-none-eabi/8.3.1/../../../../arm-none-eabi/lib/thumb/v6-m/nofp/libc.a(lib_a-stdio.o)
 .text          0x000000000000174c       0x88 /opt/gcc-arm/bin/../lib/gcc/arm-none-eabi/8.3.1/../../../../arm-none-eabi/lib/thumb/v6-m/nofp/libc.a(lib_a-strcmp.o)
                0x000000000000174c                strcmp
 .text          0x00000000000017d4        0x0 /opt/gcc-arm/bin/../lib/gcc/arm-none-eabi/8.3.1/../../../../arm-none-eabi/lib/thumb/v6-m/nofp/libc.a(lib_a-strlen-stub.o)
 .text          0x00000000000017d4        0x0 /opt/gcc-arm/bin/../lib/gcc/arm-none-eabi/8.3.1/../../../../arm-none-eabi/lib/thumb/v6-m/nofp/libc.a(lib_a-strncpy.o)
 .text          0x00000000000017d4        0x0 /opt/gcc-arm/bin/../lib/gcc/arm-none-eabi/8.3.1/../../../../arm-none-eabi/lib/thumb/v6-m/nofp/libc.a(lib_a-wbuf.o)
 .text          0x00000000000017d4        0x0 /opt/gcc-arm/bin/../lib/gcc/arm-none-eabi/8.3.1/../../../../arm-none-eabi/lib/thumb/v6-m/nofp/libc.a(lib_a-wcrtomb.o)
 .text          0x00000000000017d4        0x0 /opt/gcc-arm/bin/../lib/gcc/arm-none-eabi/8.3.1/../../../../arm-none-eabi/lib/thumb/v6-m/nofp/libc.a(lib_a-wctomb_r.o)
 .text          0x00000000000017d4        0x0 /opt/gcc-arm/bin/../lib/gcc/arm-none-eabi/8.3.1/../../../../arm-none-eabi/lib/thumb/v6-m/nofp/libc.a(lib_a-writer.o)
 .text          0x00000000000017d4        0x0 /opt/gcc-arm/bin/../lib/gcc/arm-none-eabi/8.3.1/../../../../arm-none-eabi/lib/thumb/v6-m/nofp/libc.a(lib_a-__atexit.o)
 .text          0x00000000000017d4        0x0 /opt/gcc-arm/bin/../lib/gcc/arm-none-eabi/8.3.1/../../../../arm-none-eabi/lib/thumb/v6-m/nofp/libc.a(lib_a-closer.o)
 .text          0x00000000000017d4        0x0 /opt/gcc-arm/bin/../lib/gcc/arm-none-eabi/8.3.1/../../../../arm-none-eabi/lib/thumb/v6-m/nofp/libc.a(lib_a-ctype_.o)
 .text          0x00000000000017d4        0x0 /opt/gcc-arm/bin/../lib/gcc/arm-none-eabi/8.3.1/../../../../arm-none-eabi/lib/thumb/v6-m/nofp/libc.a(lib_a-fclose.o)
 .text          0x00000000000017d4        0x0 /opt/gcc-arm/bin/../lib/gcc/arm-none-eabi/8.3.1/../../../../arm-none-eabi/lib/thumb/v6-m/nofp/libc.a(lib_a-fstatr.o)
 .text          0x00000000000017d4        0x0 /opt/gcc-arm/bin/../lib/gcc/arm-none-eabi/8.3.1/../../../../arm-none-eabi/lib/thumb/v6-m/nofp/libc.a(lib_a-isattyr.o)
 .text          0x00000000000017d4        0x0 /opt/gcc-arm/bin/../lib/gcc/arm-none-eabi/8.3.1/../../../../arm-none-eabi/lib/thumb/v6-m/nofp/libc.a(lib_a-lseekr.o)
 .text          0x00000000000017d4        0x0 /opt/gcc-arm/bin/../lib/gcc/arm-none-eabi/8.3.1/../../../../arm-none-eabi/lib/thumb/v6-m/nofp/libc.a(lib_a-readr.o)
 .text          0x00000000000017d4        0x0 /opt/gcc-arm/bin/../lib/gcc/arm-none-eabi/8.3.1/../../../../arm-none-eabi/lib/thumb/v6-m/nofp/libnosys.a(close.o)
 .text          0x00000000000017d4        0x0 /opt/gcc-arm/bin/../lib/gcc/arm-none-eabi/8.3.1/../../../../arm-none-eabi/lib/thumb/v6-m/nofp/libnosys.a(fstat.o)
 .text          0x00000000000017d4        0x0 /opt/gcc-arm/bin/../lib/gcc/arm-none-eabi/8.3.1/../../../../arm-none-eabi/lib/thumb/v6-m/nofp/libnosys.a(getpid.o)
 .text          0x00000000000017d4        0x0 /opt/gcc-arm/bin/../lib/gcc/arm-none-eabi/8.3.1/../../../../arm-none-eabi/lib/thumb/v6-m/nofp/libnosys.a(isatty.o)
 .text          0x00000000000017d4        0x0 /opt/gcc-arm/bin/../lib/gcc/arm-none-eabi/8.3.1/../../../../arm-none-eabi/lib/thumb/v6-m/nofp/libnosys.a(kill.o)
 .text          0x00000000000017d4        0x0 /opt/gcc-arm/bin/../lib/gcc/arm-none-eabi/8.3.1/../../../../arm-none-eabi/lib/thumb/v6-m/nofp/libnosys.a(lseek.o)
 .text          0x00000000000017d4        0x0 /opt/gcc-arm/bin/../lib/gcc/arm-none-eabi/8.3.1/../../../../arm-none-eabi/lib/thumb/v6-m/nofp/libnosys.a(read.o)
 .text          0x00000000000017d4        0x0 /opt/gcc-arm/bin/../lib/gcc/arm-none-eabi/8.3.1/../../../../arm-none-eabi/lib/thumb/v6-m/nofp/libnosys.a(sbrk.o)
 .text          0x00000000000017d4        0x0 /opt/gcc-arm/bin/../lib/gcc/arm-none-eabi/8.3.1/../../../../arm-none-eabi/lib/thumb/v6-m/nofp/libnosys.a(write.o)
 .text          0x00000000000017d4        0x0 /opt/gcc-arm/bin/../lib/gcc/arm-none-eabi/8.3.1/../../../../arm-none-eabi/lib/thumb/v6-m/nofp/libnosys.a(_exit.o)
 .text          0x00000000000017d4        0x0 /opt/gcc-arm/bin/../lib/gcc/arm-none-eabi/8.3.1/thumb/v6-m/nofp/crtend.o
 .text          0x00000000000017d4        0x0 /opt/gcc-arm/bin/../lib/gcc/arm-none-eabi/8.3.1/thumb/v6-m/nofp/crtn.o
 *(.text*)
 .text.startup  0x00000000000017d4       0x38 main.o
                0x00000000000017d4                main
 .text.__assert_func
                0x000000000000180c       0x40 /opt/gcc-arm/bin/../lib/gcc/arm-none-eabi/8.3.1/../../../../arm-none-eabi/lib/thumb/v6-m/nofp/libc.a(lib_a-assert.o)
                0x000000000000180c                __assert_func
 .text.__assert
                0x000000000000184c        0xc /opt/gcc-arm/bin/../lib/gcc/arm-none-eabi/8.3.1/../../../../arm-none-eabi/lib/thumb/v6-m/nofp/libc.a(lib_a-assert.o)
                0x000000000000184c                __assert
 .text.exit     0x0000000000001858       0x20 /opt/gcc-arm/bin/../lib/gcc/arm-none-eabi/8.3.1/../../../../arm-none-eabi/lib/thumb/v6-m/nofp/libc.a(lib_a-exit.o)
                0x0000000000001858                exit
 .text._fiprintf_r
                0x0000000000001878       0x18 /opt/gcc-arm/bin/../lib/gcc/arm-none-eabi/8.3.1/../../../../arm-none-eabi/lib/thumb/v6-m/nofp/libc.a(lib_a-fiprintf.o)
                0x0000000000001878                _fiprintf_r
 .text.fiprintf
                0x0000000000001890       0x24 /opt/gcc-arm/bin/../lib/gcc/arm-none-eabi/8.3.1/../../../../arm-none-eabi/lib/thumb/v6-m/nofp/libc.a(lib_a-fiprintf.o)
                0x0000000000001890                fiprintf
 .text.__libc_init_array
                0x00000000000018b4       0x44 /opt/gcc-arm/bin/../lib/gcc/arm-none-eabi/8.3.1/../../../../arm-none-eabi/lib/thumb/v6-m/nofp/libc.a(lib_a-init.o)
                0x00000000000018b4                __libc_init_array
 .text.malloc   0x00000000000018f8       0x14 /opt/gcc-arm/bin/../lib/gcc/arm-none-eabi/8.3.1/../../../../arm-none-eabi/lib/thumb/v6-m/nofp/libc.a(lib_a-malloc.o)
                0x00000000000018f8                malloc
 .text.free     0x000000000000190c       0x14 /opt/gcc-arm/bin/../lib/gcc/arm-none-eabi/8.3.1/../../../../arm-none-eabi/lib/thumb/v6-m/nofp/libc.a(lib_a-malloc.o)
                0x000000000000190c                free
 .text._malloc_r
                0x0000000000001920      0x598 /opt/gcc-arm/bin/../lib/gcc/arm-none-eabi/8.3.1/../../../../arm-none-eabi/lib/thumb/v6-m/nofp/libc.a(lib_a-mallocr.o)
                0x0000000000001920                _malloc_r
 .text.memset   0x0000000000001eb8       0xa8 /opt/gcc-arm/bin/../lib/gcc/arm-none-eabi/8.3.1/../../../../arm-none-eabi/lib/thumb/v6-m/nofp/libc.a(lib_a-memset.o)
                0x0000000000001eb8                memset
 .text.__malloc_lock
                0x0000000000001f60       0x10 /opt/gcc-arm/bin/../lib/gcc/arm-none-eabi/8.3.1/../../../../arm-none-eabi/lib/thumb/v6-m/nofp/libc.a(lib_a-mlock.o)
                0x0000000000001f60                __malloc_lock
 .text.__malloc_unlock
                0x0000000000001f70       0x10 /opt/gcc-arm/bin/../lib/gcc/arm-none-eabi/8.3.1/../../../../arm-none-eabi/lib/thumb/v6-m/nofp/libc.a(lib_a-mlock.o)
                0x0000000000001f70                __malloc_unlock
 .text._sbrk_r  0x0000000000001f80       0x24 /opt/gcc-arm/bin/../lib/gcc/arm-none-eabi/8.3.1/../../../../arm-none-eabi/lib/thumb/v6-m/nofp/libc.a(lib_a-sbrkr.o)
                0x0000000000001f80                _sbrk_r
 .text.__sprint_r.part.0
                0x0000000000001fa4       0x88 /opt/gcc-arm/bin/../lib/gcc/arm-none-eabi/8.3.1/../../../../arm-none-eabi/lib/thumb/v6-m/nofp/libc.a(lib_a-vfiprintf.o)
 .text.__sprint_r
                0x000000000000202c       0x14 /opt/gcc-arm/bin/../lib/gcc/arm-none-eabi/8.3.1/../../../../arm-none-eabi/lib/thumb/v6-m/nofp/libc.a(lib_a-vfiprintf.o)
                0x000000000000202c                __sprint_r
 .text._vfiprintf_r
                0x0000000000002040      0xe5c /opt/gcc-arm/bin/../lib/gcc/arm-none-eabi/8.3.1/../../../../arm-none-eabi/lib/thumb/v6-m/nofp/libc.a(lib_a-vfiprintf.o)
                0x0000000000002040                _vfiprintf_r
 .text.vfiprintf
                0x0000000000002e9c       0x18 /opt/gcc-arm/bin/../lib/gcc/arm-none-eabi/8.3.1/../../../../arm-none-eabi/lib/thumb/v6-m/nofp/libc.a(lib_a-vfiprintf.o)
                0x0000000000002e9c                vfiprintf
 .text.__sbprintf
                0x0000000000002eb4       0x88 /opt/gcc-arm/bin/../lib/gcc/arm-none-eabi/8.3.1/../../../../arm-none-eabi/lib/thumb/v6-m/nofp/libc.a(lib_a-vfiprintf.o)
 .text.__swsetup_r
                0x0000000000002f3c       0xdc /opt/gcc-arm/bin/../lib/gcc/arm-none-eabi/8.3.1/../../../../arm-none-eabi/lib/thumb/v6-m/nofp/libc.a(lib_a-wsetup.o)
                0x0000000000002f3c                __swsetup_r
 .text.startup.register_fini
                0x0000000000003018       0x18 /opt/gcc-arm/bin/../lib/gcc/arm-none-eabi/8.3.1/../../../../arm-none-eabi/lib/thumb/v6-m/nofp/libc.a(lib_a-__call_atexit.o)
 .text.__call_exitprocs
                0x0000000000003030       0xd4 /opt/gcc-arm/bin/../lib/gcc/arm-none-eabi/8.3.1/../../../../arm-none-eabi/lib/thumb/v6-m/nofp/libc.a(lib_a-__call_atexit.o)
                0x0000000000003030                __call_exitprocs
 .text.abort    0x0000000000003104       0x10 /opt/gcc-arm/bin/../lib/gcc/arm-none-eabi/8.3.1/../../../../arm-none-eabi/lib/thumb/v6-m/nofp/libc.a(lib_a-abort.o)
                0x0000000000003104                abort
 .text.atexit   0x0000000000003114       0x10 /opt/gcc-arm/bin/../lib/gcc/arm-none-eabi/8.3.1/../../../../arm-none-eabi/lib/thumb/v6-m/nofp/libc.a(lib_a-atexit.o)
                0x0000000000003114                atexit
 .text.__sflush_r
                0x0000000000003124      0x160 /opt/gcc-arm/bin/../lib/gcc/arm-none-eabi/8.3.1/../../../../arm-none-eabi/lib/thumb/v6-m/nofp/libc.a(lib_a-fflush.o)
                0x0000000000003124                __sflush_r
 .text._fflush_r
                0x0000000000003284       0x6c /opt/gcc-arm/bin/../lib/gcc/arm-none-eabi/8.3.1/../../../../arm-none-eabi/lib/thumb/v6-m/nofp/libc.a(lib_a-fflush.o)
                0x0000000000003284                _fflush_r
 .text.fflush   0x00000000000032f0       0x28 /opt/gcc-arm/bin/../lib/gcc/arm-none-eabi/8.3.1/../../../../arm-none-eabi/lib/thumb/v6-m/nofp/libc.a(lib_a-fflush.o)
                0x00000000000032f0                fflush
 .text.std      0x0000000000003318       0x50 /opt/gcc-arm/bin/../lib/gcc/arm-none-eabi/8.3.1/../../../../arm-none-eabi/lib/thumb/v6-m/nofp/libc.a(lib_a-findfp.o)
 .text._cleanup_r
                0x0000000000003368       0x10 /opt/gcc-arm/bin/../lib/gcc/arm-none-eabi/8.3.1/../../../../arm-none-eabi/lib/thumb/v6-m/nofp/libc.a(lib_a-findfp.o)
                0x0000000000003368                _cleanup_r
 .text.__fp_lock
                0x0000000000003378       0x1c /opt/gcc-arm/bin/../lib/gcc/arm-none-eabi/8.3.1/../../../../arm-none-eabi/lib/thumb/v6-m/nofp/libc.a(lib_a-findfp.o)
 .text.__fp_unlock
                0x0000000000003394       0x1c /opt/gcc-arm/bin/../lib/gcc/arm-none-eabi/8.3.1/../../../../arm-none-eabi/lib/thumb/v6-m/nofp/libc.a(lib_a-findfp.o)
 .text.__sfmoreglue
                0x00000000000033b0       0x30 /opt/gcc-arm/bin/../lib/gcc/arm-none-eabi/8.3.1/../../../../arm-none-eabi/lib/thumb/v6-m/nofp/libc.a(lib_a-findfp.o)
                0x00000000000033b0                __sfmoreglue
 .text._cleanup
                0x00000000000033e0       0x18 /opt/gcc-arm/bin/../lib/gcc/arm-none-eabi/8.3.1/../../../../arm-none-eabi/lib/thumb/v6-m/nofp/libc.a(lib_a-findfp.o)
                0x00000000000033e0                _cleanup
 .text.__sinit  0x00000000000033f8       0x60 /opt/gcc-arm/bin/../lib/gcc/arm-none-eabi/8.3.1/../../../../arm-none-eabi/lib/thumb/v6-m/nofp/libc.a(lib_a-findfp.o)
                0x00000000000033f8                __sinit
 .text.__sfp    0x0000000000003458       0xa8 /opt/gcc-arm/bin/../lib/gcc/arm-none-eabi/8.3.1/../../../../arm-none-eabi/lib/thumb/v6-m/nofp/libc.a(lib_a-findfp.o)
                0x0000000000003458                __sfp
 .text.__sfp_lock_acquire
                0x0000000000003500       0x10 /opt/gcc-arm/bin/../lib/gcc/arm-none-eabi/8.3.1/../../../../arm-none-eabi/lib/thumb/v6-m/nofp/libc.a(lib_a-findfp.o)
                0x0000000000003500                __sfp_lock_acquire
 .text.__sfp_lock_release
                0x0000000000003510       0x10 /opt/gcc-arm/bin/../lib/gcc/arm-none-eabi/8.3.1/../../../../arm-none-eabi/lib/thumb/v6-m/nofp/libc.a(lib_a-findfp.o)
                0x0000000000003510                __sfp_lock_release
 .text.__sinit_lock_acquire
                0x0000000000003520       0x10 /opt/gcc-arm/bin/../lib/gcc/arm-none-eabi/8.3.1/../../../../arm-none-eabi/lib/thumb/v6-m/nofp/libc.a(lib_a-findfp.o)
                0x0000000000003520                __sinit_lock_acquire
 .text.__sinit_lock_release
                0x0000000000003530       0x10 /opt/gcc-arm/bin/../lib/gcc/arm-none-eabi/8.3.1/../../../../arm-none-eabi/lib/thumb/v6-m/nofp/libc.a(lib_a-findfp.o)
                0x0000000000003530                __sinit_lock_release
 .text.__fp_lock_all
                0x0000000000003540       0x20 /opt/gcc-arm/bin/../lib/gcc/arm-none-eabi/8.3.1/../../../../arm-none-eabi/lib/thumb/v6-m/nofp/libc.a(lib_a-findfp.o)
                0x0000000000003540                __fp_lock_all
 .text.__fp_unlock_all
                0x0000000000003560       0x20 /opt/gcc-arm/bin/../lib/gcc/arm-none-eabi/8.3.1/../../../../arm-none-eabi/lib/thumb/v6-m/nofp/libc.a(lib_a-findfp.o)
                0x0000000000003560                __fp_unlock_all
 .text.__libc_fini_array
                0x0000000000003580       0x28 /opt/gcc-arm/bin/../lib/gcc/arm-none-eabi/8.3.1/../../../../arm-none-eabi/lib/thumb/v6-m/nofp/libc.a(lib_a-fini.o)
                0x0000000000003580                __libc_fini_array
 .text.__fputwc
                0x00000000000035a8       0x98 /opt/gcc-arm/bin/../lib/gcc/arm-none-eabi/8.3.1/../../../../arm-none-eabi/lib/thumb/v6-m/nofp/libc.a(lib_a-fputwc.o)
                0x00000000000035a8                __fputwc
 .text._fputwc_r
                0x0000000000003640       0x5c /opt/gcc-arm/bin/../lib/gcc/arm-none-eabi/8.3.1/../../../../arm-none-eabi/lib/thumb/v6-m/nofp/libc.a(lib_a-fputwc.o)
                0x0000000000003640                _fputwc_r
 .text.fputwc   0x000000000000369c       0x2c /opt/gcc-arm/bin/../lib/gcc/arm-none-eabi/8.3.1/../../../../arm-none-eabi/lib/thumb/v6-m/nofp/libc.a(lib_a-fputwc.o)
                0x000000000000369c                fputwc
 .text._malloc_trim_r
                0x00000000000036c8       0xa0 /opt/gcc-arm/bin/../lib/gcc/arm-none-eabi/8.3.1/../../../../arm-none-eabi/lib/thumb/v6-m/nofp/libc.a(lib_a-freer.o)
                0x00000000000036c8                _malloc_trim_r
 .text._free_r  0x0000000000003768      0x1dc /opt/gcc-arm/bin/../lib/gcc/arm-none-eabi/8.3.1/../../../../arm-none-eabi/lib/thumb/v6-m/nofp/libc.a(lib_a-freer.o)
                0x0000000000003768                _free_r
 .text.__sfvwrite_r
                0x0000000000003944      0x320 /opt/gcc-arm/bin/../lib/gcc/arm-none-eabi/8.3.1/../../../../arm-none-eabi/lib/thumb/v6-m/nofp/libc.a(lib_a-fvwrite.o)
                0x0000000000003944                __sfvwrite_r
 .text._fwalk   0x0000000000003c64       0x44 /opt/gcc-arm/bin/../lib/gcc/arm-none-eabi/8.3.1/../../../../arm-none-eabi/lib/thumb/v6-m/nofp/libc.a(lib_a-fwalk.o)
                0x0000000000003c64                _fwalk
 .text._fwalk_reent
                0x0000000000003ca8       0x4c /opt/gcc-arm/bin/../lib/gcc/arm-none-eabi/8.3.1/../../../../arm-none-eabi/lib/thumb/v6-m/nofp/libc.a(lib_a-fwalk.o)
                0x0000000000003ca8                _fwalk_reent
 .text._setlocale_r
                0x0000000000003cf4       0x44 /opt/gcc-arm/bin/../lib/gcc/arm-none-eabi/8.3.1/../../../../arm-none-eabi/lib/thumb/v6-m/nofp/libc.a(lib_a-locale.o)
                0x0000000000003cf4                _setlocale_r
 .text.__locale_mb_cur_max
                0x0000000000003d38       0x10 /opt/gcc-arm/bin/../lib/gcc/arm-none-eabi/8.3.1/../../../../arm-none-eabi/lib/thumb/v6-m/nofp/libc.a(lib_a-locale.o)
                0x0000000000003d38                __locale_mb_cur_max
 .text.setlocale
                0x0000000000003d48       0x18 /opt/gcc-arm/bin/../lib/gcc/arm-none-eabi/8.3.1/../../../../arm-none-eabi/lib/thumb/v6-m/nofp/libc.a(lib_a-locale.o)
                0x0000000000003d48                setlocale
 .text.__localeconv_l
                0x0000000000003d60        0x4 /opt/gcc-arm/bin/../lib/gcc/arm-none-eabi/8.3.1/../../../../arm-none-eabi/lib/thumb/v6-m/nofp/libc.a(lib_a-localeconv.o)
                0x0000000000003d60                __localeconv_l
 .text._localeconv_r
                0x0000000000003d64        0x8 /opt/gcc-arm/bin/../lib/gcc/arm-none-eabi/8.3.1/../../../../arm-none-eabi/lib/thumb/v6-m/nofp/libc.a(lib_a-localeconv.o)
                0x0000000000003d64                _localeconv_r
 .text.localeconv
                0x0000000000003d6c        0x8 /opt/gcc-arm/bin/../lib/gcc/arm-none-eabi/8.3.1/../../../../arm-none-eabi/lib/thumb/v6-m/nofp/libc.a(lib_a-localeconv.o)
                0x0000000000003d6c                localeconv
 .text.__retarget_lock_init
                0x0000000000003d74        0x4 /opt/gcc-arm/bin/../lib/gcc/arm-none-eabi/8.3.1/../../../../arm-none-eabi/lib/thumb/v6-m/nofp/libc.a(lib_a-lock.o)
                0x0000000000003d74                __retarget_lock_init
 .text.__retarget_lock_init_recursive
                0x0000000000003d78        0x4 /opt/gcc-arm/bin/../lib/gcc/arm-none-eabi/8.3.1/../../../../arm-none-eabi/lib/thumb/v6-m/nofp/libc.a(lib_a-lock.o)
                0x0000000000003d78                __retarget_lock_init_recursive
 .text.__retarget_lock_close
                0x0000000000003d7c        0x4 /opt/gcc-arm/bin/../lib/gcc/arm-none-eabi/8.3.1/../../../../arm-none-eabi/lib/thumb/v6-m/nofp/libc.a(lib_a-lock.o)
                0x0000000000003d7c                __retarget_lock_close
 .text.__retarget_lock_close_recursive
                0x0000000000003d80        0x4 /opt/gcc-arm/bin/../lib/gcc/arm-none-eabi/8.3.1/../../../../arm-none-eabi/lib/thumb/v6-m/nofp/libc.a(lib_a-lock.o)
                0x0000000000003d80                __retarget_lock_close_recursive
 .text.__retarget_lock_acquire
                0x0000000000003d84        0x4 /opt/gcc-arm/bin/../lib/gcc/arm-none-eabi/8.3.1/../../../../arm-none-eabi/lib/thumb/v6-m/nofp/libc.a(lib_a-lock.o)
                0x0000000000003d84                __retarget_lock_acquire
 .text.__retarget_lock_acquire_recursive
                0x0000000000003d88        0x4 /opt/gcc-arm/bin/../lib/gcc/arm-none-eabi/8.3.1/../../../../arm-none-eabi/lib/thumb/v6-m/nofp/libc.a(lib_a-lock.o)
                0x0000000000003d88                __retarget_lock_acquire_recursive
 .text.__retarget_lock_try_acquire
                0x0000000000003d8c        0x4 /opt/gcc-arm/bin/../lib/gcc/arm-none-eabi/8.3.1/../../../../arm-none-eabi/lib/thumb/v6-m/nofp/libc.a(lib_a-lock.o)
                0x0000000000003d8c                __retarget_lock_try_acquire
 .text.__retarget_lock_try_acquire_recursive
                0x0000000000003d90        0x4 /opt/gcc-arm/bin/../lib/gcc/arm-none-eabi/8.3.1/../../../../arm-none-eabi/lib/thumb/v6-m/nofp/libc.a(lib_a-lock.o)
                0x0000000000003d90                __retarget_lock_try_acquire_recursive
 .text.__retarget_lock_release
                0x0000000000003d94        0x4 /opt/gcc-arm/bin/../lib/gcc/arm-none-eabi/8.3.1/../../../../arm-none-eabi/lib/thumb/v6-m/nofp/libc.a(lib_a-lock.o)
                0x0000000000003d94                __retarget_lock_release
 .text.__retarget_lock_release_recursive
                0x0000000000003d98        0x4 /opt/gcc-arm/bin/../lib/gcc/arm-none-eabi/8.3.1/../../../../arm-none-eabi/lib/thumb/v6-m/nofp/libc.a(lib_a-lock.o)
                0x0000000000003d98                __retarget_lock_release_recursive
 .text.__swhatbuf_r
                0x0000000000003d9c       0x60 /opt/gcc-arm/bin/../lib/gcc/arm-none-eabi/8.3.1/../../../../arm-none-eabi/lib/thumb/v6-m/nofp/libc.a(lib_a-makebuf.o)
                0x0000000000003d9c                __swhatbuf_r
 .text.__smakebuf_r
                0x0000000000003dfc       0x90 /opt/gcc-arm/bin/../lib/gcc/arm-none-eabi/8.3.1/../../../../arm-none-eabi/lib/thumb/v6-m/nofp/libc.a(lib_a-makebuf.o)
                0x0000000000003dfc                __smakebuf_r
 .text._mbtowc_r
                0x0000000000003e8c       0x18 /opt/gcc-arm/bin/../lib/gcc/arm-none-eabi/8.3.1/../../../../arm-none-eabi/lib/thumb/v6-m/nofp/libc.a(lib_a-mbtowc_r.o)
                0x0000000000003e8c                _mbtowc_r
 .text.__ascii_mbtowc
                0x0000000000003ea4       0x2c /opt/gcc-arm/bin/../lib/gcc/arm-none-eabi/8.3.1/../../../../arm-none-eabi/lib/thumb/v6-m/nofp/libc.a(lib_a-mbtowc_r.o)
                0x0000000000003ea4                __ascii_mbtowc
 .text.memchr   0x0000000000003ed0       0x80 /opt/gcc-arm/bin/../lib/gcc/arm-none-eabi/8.3.1/../../../../arm-none-eabi/lib/thumb/v6-m/nofp/libc.a(lib_a-memchr-stub.o)
                0x0000000000003ed0                memchr
 .text.memcpy   0x0000000000003f50       0xa8 /opt/gcc-arm/bin/../lib/gcc/arm-none-eabi/8.3.1/../../../../arm-none-eabi/lib/thumb/v6-m/nofp/libc.a(lib_a-memcpy-stub.o)
                0x0000000000003f50                memcpy
 .text.memmove  0x0000000000003ff8       0xbc /opt/gcc-arm/bin/../lib/gcc/arm-none-eabi/8.3.1/../../../../arm-none-eabi/lib/thumb/v6-m/nofp/libc.a(lib_a-memmove.o)
                0x0000000000003ff8                memmove
 .text._realloc_r
                0x00000000000040b4      0x35c /opt/gcc-arm/bin/../lib/gcc/arm-none-eabi/8.3.1/../../../../arm-none-eabi/lib/thumb/v6-m/nofp/libc.a(lib_a-reallocr.o)
                0x00000000000040b4                _realloc_r
 .text.cleanup_glue
                0x0000000000004410       0x1c /opt/gcc-arm/bin/../lib/gcc/arm-none-eabi/8.3.1/../../../../arm-none-eabi/lib/thumb/v6-m/nofp/libc.a(lib_a-reent.o)
                0x0000000000004410                cleanup_glue
 .text._reclaim_reent
                0x000000000000442c       0x94 /opt/gcc-arm/bin/../lib/gcc/arm-none-eabi/8.3.1/../../../../arm-none-eabi/lib/thumb/v6-m/nofp/libc.a(lib_a-reent.o)
                0x000000000000442c                _reclaim_reent
 .text._init_signal_r.part.0
                0x00000000000044c0       0x2c /opt/gcc-arm/bin/../lib/gcc/arm-none-eabi/8.3.1/../../../../arm-none-eabi/lib/thumb/v6-m/nofp/libc.a(lib_a-signal.o)
 .text._init_signal_r
                0x00000000000044ec       0x1c /opt/gcc-arm/bin/../lib/gcc/arm-none-eabi/8.3.1/../../../../arm-none-eabi/lib/thumb/v6-m/nofp/libc.a(lib_a-signal.o)
                0x00000000000044ec                _init_signal_r
 .text._signal_r
                0x0000000000004508       0x3c /opt/gcc-arm/bin/../lib/gcc/arm-none-eabi/8.3.1/../../../../arm-none-eabi/lib/thumb/v6-m/nofp/libc.a(lib_a-signal.o)
                0x0000000000004508                _signal_r
 .text._raise_r
                0x0000000000004544       0x5c /opt/gcc-arm/bin/../lib/gcc/arm-none-eabi/8.3.1/../../../../arm-none-eabi/lib/thumb/v6-m/nofp/libc.a(lib_a-signal.o)
                0x0000000000004544                _raise_r
 .text.__sigtramp_r
                0x00000000000045a0       0x50 /opt/gcc-arm/bin/../lib/gcc/arm-none-eabi/8.3.1/../../../../arm-none-eabi/lib/thumb/v6-m/nofp/libc.a(lib_a-signal.o)
                0x00000000000045a0                __sigtramp_r
 .text.raise    0x00000000000045f0       0x14 /opt/gcc-arm/bin/../lib/gcc/arm-none-eabi/8.3.1/../../../../arm-none-eabi/lib/thumb/v6-m/nofp/libc.a(lib_a-signal.o)
                0x00000000000045f0                raise
 .text.signal   0x0000000000004604       0x18 /opt/gcc-arm/bin/../lib/gcc/arm-none-eabi/8.3.1/../../../../arm-none-eabi/lib/thumb/v6-m/nofp/libc.a(lib_a-signal.o)
                0x0000000000004604                signal
 .text._init_signal
                0x000000000000461c       0x20 /opt/gcc-arm/bin/../lib/gcc/arm-none-eabi/8.3.1/../../../../arm-none-eabi/lib/thumb/v6-m/nofp/libc.a(lib_a-signal.o)
                0x000000000000461c                _init_signal
 .text.__sigtramp
                0x000000000000463c       0x14 /opt/gcc-arm/bin/../lib/gcc/arm-none-eabi/8.3.1/../../../../arm-none-eabi/lib/thumb/v6-m/nofp/libc.a(lib_a-signal.o)
                0x000000000000463c                __sigtramp
 .text._kill_r  0x0000000000004650       0x28 /opt/gcc-arm/bin/../lib/gcc/arm-none-eabi/8.3.1/../../../../arm-none-eabi/lib/thumb/v6-m/nofp/libc.a(lib_a-signalr.o)
                0x0000000000004650                _kill_r
 .text._getpid_r
                0x0000000000004678        0x8 /opt/gcc-arm/bin/../lib/gcc/arm-none-eabi/8.3.1/../../../../arm-none-eabi/lib/thumb/v6-m/nofp/libc.a(lib_a-signalr.o)
                0x0000000000004678                _getpid_r
 .text.__sread  0x0000000000004680       0x28 /opt/gcc-arm/bin/../lib/gcc/arm-none-eabi/8.3.1/../../../../arm-none-eabi/lib/thumb/v6-m/nofp/libc.a(lib_a-stdio.o)
                0x0000000000004680                __sread
 .text.__seofread
                0x00000000000046a8        0x4 /opt/gcc-arm/bin/../lib/gcc/arm-none-eabi/8.3.1/../../../../arm-none-eabi/lib/thumb/v6-m/nofp/libc.a(lib_a-stdio.o)
                0x00000000000046a8                __seofread
 .text.__swrite
                0x00000000000046ac       0x40 /opt/gcc-arm/bin/../lib/gcc/arm-none-eabi/8.3.1/../../../../arm-none-eabi/lib/thumb/v6-m/nofp/libc.a(lib_a-stdio.o)
                0x00000000000046ac                __swrite
 .text.__sseek  0x00000000000046ec       0x2c /opt/gcc-arm/bin/../lib/gcc/arm-none-eabi/8.3.1/../../../../arm-none-eabi/lib/thumb/v6-m/nofp/libc.a(lib_a-stdio.o)
                0x00000000000046ec                __sseek
 .text.__sclose
                0x0000000000004718        0xc /opt/gcc-arm/bin/../lib/gcc/arm-none-eabi/8.3.1/../../../../arm-none-eabi/lib/thumb/v6-m/nofp/libc.a(lib_a-stdio.o)
                0x0000000000004718                __sclose
 .text.strlen   0x0000000000004724       0x68 /opt/gcc-arm/bin/../lib/gcc/arm-none-eabi/8.3.1/../../../../arm-none-eabi/lib/thumb/v6-m/nofp/libc.a(lib_a-strlen-stub.o)
                0x0000000000004724                strlen
 .text.strncpy  0x000000000000478c       0x80 /opt/gcc-arm/bin/../lib/gcc/arm-none-eabi/8.3.1/../../../../arm-none-eabi/lib/thumb/v6-m/nofp/libc.a(lib_a-strncpy.o)
                0x000000000000478c                strncpy
 .text.__swbuf_r
                0x000000000000480c       0xc8 /opt/gcc-arm/bin/../lib/gcc/arm-none-eabi/8.3.1/../../../../arm-none-eabi/lib/thumb/v6-m/nofp/libc.a(lib_a-wbuf.o)
                0x000000000000480c                __swbuf_r
 .text.__swbuf  0x00000000000048d4       0x18 /opt/gcc-arm/bin/../lib/gcc/arm-none-eabi/8.3.1/../../../../arm-none-eabi/lib/thumb/v6-m/nofp/libc.a(lib_a-wbuf.o)
                0x00000000000048d4                __swbuf
 .text._wcrtomb_r
                0x00000000000048ec       0x3c /opt/gcc-arm/bin/../lib/gcc/arm-none-eabi/8.3.1/../../../../arm-none-eabi/lib/thumb/v6-m/nofp/libc.a(lib_a-wcrtomb.o)
                0x00000000000048ec                _wcrtomb_r
 .text.wcrtomb  0x0000000000004928       0x44 /opt/gcc-arm/bin/../lib/gcc/arm-none-eabi/8.3.1/../../../../arm-none-eabi/lib/thumb/v6-m/nofp/libc.a(lib_a-wcrtomb.o)
                0x0000000000004928                wcrtomb
 .text._wctomb_r
                0x000000000000496c       0x10 /opt/gcc-arm/bin/../lib/gcc/arm-none-eabi/8.3.1/../../../../arm-none-eabi/lib/thumb/v6-m/nofp/libc.a(lib_a-wctomb_r.o)
                0x000000000000496c                _wctomb_r
 .text.__ascii_wctomb
                0x000000000000497c       0x1c /opt/gcc-arm/bin/../lib/gcc/arm-none-eabi/8.3.1/../../../../arm-none-eabi/lib/thumb/v6-m/nofp/libc.a(lib_a-wctomb_r.o)
                0x000000000000497c                __ascii_wctomb
 .text._write_r
                0x0000000000004998       0x28 /opt/gcc-arm/bin/../lib/gcc/arm-none-eabi/8.3.1/../../../../arm-none-eabi/lib/thumb/v6-m/nofp/libc.a(lib_a-writer.o)
                0x0000000000004998                _write_r
 .text.__register_exitproc
                0x00000000000049c0       0xc0 /opt/gcc-arm/bin/../lib/gcc/arm-none-eabi/8.3.1/../../../../arm-none-eabi/lib/thumb/v6-m/nofp/libc.a(lib_a-__atexit.o)
                0x00000000000049c0                __register_exitproc
 .text._close_r
                0x0000000000004a80       0x24 /opt/gcc-arm/bin/../lib/gcc/arm-none-eabi/8.3.1/../../../../arm-none-eabi/lib/thumb/v6-m/nofp/libc.a(lib_a-closer.o)
                0x0000000000004a80                _close_r
 .text._fclose_r
                0x0000000000004aa4       0xd8 /opt/gcc-arm/bin/../lib/gcc/arm-none-eabi/8.3.1/../../../../arm-none-eabi/lib/thumb/v6-m/nofp/libc.a(lib_a-fclose.o)
                0x0000000000004aa4                _fclose_r
 .text.fclose   0x0000000000004b7c       0x14 /opt/gcc-arm/bin/../lib/gcc/arm-none-eabi/8.3.1/../../../../arm-none-eabi/lib/thumb/v6-m/nofp/libc.a(lib_a-fclose.o)
                0x0000000000004b7c                fclose
 .text._fstat_r
                0x0000000000004b90       0x28 /opt/gcc-arm/bin/../lib/gcc/arm-none-eabi/8.3.1/../../../../arm-none-eabi/lib/thumb/v6-m/nofp/libc.a(lib_a-fstatr.o)
                0x0000000000004b90                _fstat_r
 .text._isatty_r
                0x0000000000004bb8       0x24 /opt/gcc-arm/bin/../lib/gcc/arm-none-eabi/8.3.1/../../../../arm-none-eabi/lib/thumb/v6-m/nofp/libc.a(lib_a-isattyr.o)
                0x0000000000004bb8                _isatty_r
 .text._lseek_r
                0x0000000000004bdc       0x28 /opt/gcc-arm/bin/../lib/gcc/arm-none-eabi/8.3.1/../../../../arm-none-eabi/lib/thumb/v6-m/nofp/libc.a(lib_a-lseekr.o)
                0x0000000000004bdc                _lseek_r
 .text._read_r  0x0000000000004c04       0x28 /opt/gcc-arm/bin/../lib/gcc/arm-none-eabi/8.3.1/../../../../arm-none-eabi/lib/thumb/v6-m/nofp/libc.a(lib_a-readr.o)
                0x0000000000004c04                _read_r
 .text._close   0x0000000000004c2c       0x10 /opt/gcc-arm/bin/../lib/gcc/arm-none-eabi/8.3.1/../../../../arm-none-eabi/lib/thumb/v6-m/nofp/libnosys.a(close.o)
                0x0000000000004c2c                _close
 .text._fstat   0x0000000000004c3c       0x10 /opt/gcc-arm/bin/../lib/gcc/arm-none-eabi/8.3.1/../../../../arm-none-eabi/lib/thumb/v6-m/nofp/libnosys.a(fstat.o)
                0x0000000000004c3c                _fstat
 .text._getpid  0x0000000000004c4c       0x10 /opt/gcc-arm/bin/../lib/gcc/arm-none-eabi/8.3.1/../../../../arm-none-eabi/lib/thumb/v6-m/nofp/libnosys.a(getpid.o)
                0x0000000000004c4c                _getpid
 .text._isatty  0x0000000000004c5c       0x10 /opt/gcc-arm/bin/../lib/gcc/arm-none-eabi/8.3.1/../../../../arm-none-eabi/lib/thumb/v6-m/nofp/libnosys.a(isatty.o)
                0x0000000000004c5c                _isatty
 .text._kill    0x0000000000004c6c       0x10 /opt/gcc-arm/bin/../lib/gcc/arm-none-eabi/8.3.1/../../../../arm-none-eabi/lib/thumb/v6-m/nofp/libnosys.a(kill.o)
                0x0000000000004c6c                _kill
 .text._lseek   0x0000000000004c7c       0x10 /opt/gcc-arm/bin/../lib/gcc/arm-none-eabi/8.3.1/../../../../arm-none-eabi/lib/thumb/v6-m/nofp/libnosys.a(lseek.o)
                0x0000000000004c7c                _lseek
 .text._read    0x0000000000004c8c       0x10 /opt/gcc-arm/bin/../lib/gcc/arm-none-eabi/8.3.1/../../../../arm-none-eabi/lib/thumb/v6-m/nofp/libnosys.a(read.o)
                0x0000000000004c8c                _read
 .text._sbrk    0x0000000000004c9c       0x1c /opt/gcc-arm/bin/../lib/gcc/arm-none-eabi/8.3.1/../../../../arm-none-eabi/lib/thumb/v6-m/nofp/libnosys.a(sbrk.o)
                0x0000000000004c9c                _sbrk
 .text._write   0x0000000000004cb8       0x10 /opt/gcc-arm/bin/../lib/gcc/arm-none-eabi/8.3.1/../../../../arm-none-eabi/lib/thumb/v6-m/nofp/libnosys.a(write.o)
                0x0000000000004cb8                _write
 .text._exit    0x0000000000004cc8        0x4 /opt/gcc-arm/bin/../lib/gcc/arm-none-eabi/8.3.1/../../../../arm-none-eabi/lib/thumb/v6-m/nofp/libnosys.a(_exit.o)
                0x0000000000004cc8                _exit
 *(.rodata)
 .rodata        0x0000000000004ccc       0x4c fsl_clock.o
 .rodata        0x0000000000004d18       0x19 fsl_reset.o
 *fill*         0x0000000000004d31        0x3 
 .rodata        0x0000000000004d34       0x1c fsl_gpio.o
 .rodata        0x0000000000004d50       0x4c system_LPC845.o
 .rodata        0x0000000000004d9c       0x2a fsl_power.o
 *(.rodata*)
 .rodata.str1.1
                0x0000000000004dc6       0x70 fsl_clock.o
 .rodata.str1.1
                0x0000000000004e36       0x19 fsl_reset.o
 .rodata.str1.1
                0x0000000000004e4f       0x2e fsl_gpio.o
 .rodata.str1.1
                0x0000000000004e7d       0x44 fsl_power.o
 *fill*         0x0000000000004ec1        0x3 
 .rodata.__assert_func.str1.4
                0x0000000000004ec4       0x3f /opt/gcc-arm/bin/../lib/gcc/arm-none-eabi/8.3.1/../../../../arm-none-eabi/lib/thumb/v6-m/nofp/libc.a(lib_a-assert.o)
                                         0x43 (size before relaxing)
 *fill*         0x0000000000004f03        0x1 
 .rodata._global_impure_ptr
                0x0000000000004f04        0x4 /opt/gcc-arm/bin/../lib/gcc/arm-none-eabi/8.3.1/../../../../arm-none-eabi/lib/thumb/v6-m/nofp/libc.a(lib_a-impure.o)
                0x0000000000004f04                _global_impure_ptr
 .rodata._vfiprintf_r
                0x0000000000004f08      0x16c /opt/gcc-arm/bin/../lib/gcc/arm-none-eabi/8.3.1/../../../../arm-none-eabi/lib/thumb/v6-m/nofp/libc.a(lib_a-vfiprintf.o)
 .rodata._vfiprintf_r.str1.4
                0x0000000000005074       0x2f /opt/gcc-arm/bin/../lib/gcc/arm-none-eabi/8.3.1/../../../../arm-none-eabi/lib/thumb/v6-m/nofp/libc.a(lib_a-vfiprintf.o)
 *fill*         0x00000000000050a3        0x1 
 .rodata.blanks.7348
                0x00000000000050a4       0x10 /opt/gcc-arm/bin/../lib/gcc/arm-none-eabi/8.3.1/../../../../arm-none-eabi/lib/thumb/v6-m/nofp/libc.a(lib_a-vfiprintf.o)
 .rodata.zeroes.7349
                0x00000000000050b4       0x10 /opt/gcc-arm/bin/../lib/gcc/arm-none-eabi/8.3.1/../../../../arm-none-eabi/lib/thumb/v6-m/nofp/libc.a(lib_a-vfiprintf.o)
 .rodata._setlocale_r.str1.4
                0x00000000000050c4        0xa /opt/gcc-arm/bin/../lib/gcc/arm-none-eabi/8.3.1/../../../../arm-none-eabi/lib/thumb/v6-m/nofp/libc.a(lib_a-locale.o)
                                          0xd (size before relaxing)
 *fill*         0x00000000000050ce        0x2 
 .rodata.str1.4
                0x00000000000050d0        0x4 /opt/gcc-arm/bin/../lib/gcc/arm-none-eabi/8.3.1/../../../../arm-none-eabi/lib/thumb/v6-m/nofp/libc.a(lib_a-locale.o)
                                          0x2 (size before relaxing)
 .rodata._ctype_
                0x00000000000050d4      0x101 /opt/gcc-arm/bin/../lib/gcc/arm-none-eabi/8.3.1/../../../../arm-none-eabi/lib/thumb/v6-m/nofp/libc.a(lib_a-ctype_.o)
                0x00000000000050d4                _ctype_
 *(.glue_7)
 .glue_7        0x00000000000051d5        0x0 linker stubs
 *(.glue_7t)
 .glue_7t       0x00000000000051d5        0x0 linker stubs
 *(.eh_frame)
 *fill*         0x00000000000051d5        0x3 
 .eh_frame      0x00000000000051d8        0x0 /opt/gcc-arm/bin/../lib/gcc/arm-none-eabi/8.3.1/thumb/v6-m/nofp/crtbegin.o
 .eh_frame      0x00000000000051d8        0x4 /opt/gcc-arm/bin/../lib/gcc/arm-none-eabi/8.3.1/thumb/v6-m/nofp/crtend.o
 *(.init)
 .init          0x00000000000051dc        0x4 /opt/gcc-arm/bin/../lib/gcc/arm-none-eabi/8.3.1/thumb/v6-m/nofp/crti.o
                0x00000000000051dc                _init
 .init          0x00000000000051e0        0x8 /opt/gcc-arm/bin/../lib/gcc/arm-none-eabi/8.3.1/thumb/v6-m/nofp/crtn.o
 *(.fini)
 .fini          0x00000000000051e8        0x4 /opt/gcc-arm/bin/../lib/gcc/arm-none-eabi/8.3.1/thumb/v6-m/nofp/crti.o
                0x00000000000051e8                _fini
 .fini          0x00000000000051ec        0x8 /opt/gcc-arm/bin/../lib/gcc/arm-none-eabi/8.3.1/thumb/v6-m/nofp/crtn.o
                0x00000000000051f4                . = ALIGN (0x4)

.vfp11_veneer   0x00000000000051f4        0x0
 .vfp11_veneer  0x00000000000051f4        0x0 linker stubs

.v4_bx          0x00000000000051f4        0x0
 .v4_bx         0x00000000000051f4        0x0 linker stubs

.iplt           0x00000000000051f4        0x0
 .iplt          0x00000000000051f4        0x0 /opt/gcc-arm/bin/../lib/gcc/arm-none-eabi/8.3.1/thumb/v6-m/nofp/crtbegin.o

.ARM.extab      0x00000000000051f4        0x0
 *(.ARM.extab* .gnu.linkonce.armextab.*)
 .ARM.extab     0x00000000000051f4        0x0 /opt/gcc-arm/bin/../lib/gcc/arm-none-eabi/8.3.1/../../../../arm-none-eabi/lib/thumb/v6-m/nofp/crt0.o
 .ARM.extab     0x00000000000051f4        0x0 /opt/gcc-arm/bin/../lib/gcc/arm-none-eabi/8.3.1/thumb/v6-m/nofp/libgcc.a(_udivmoddi4.o)
 .ARM.extab     0x00000000000051f4        0x0 /opt/gcc-arm/bin/../lib/gcc/arm-none-eabi/8.3.1/thumb/v6-m/nofp/libgcc.a(_divdi3.o)

.ARM            0x00000000000051f4        0x8
                0x00000000000051f4                __exidx_start = .
 *(.ARM.exidx*)
 .ARM.exidx     0x00000000000051f4        0x8 /opt/gcc-arm/bin/../lib/gcc/arm-none-eabi/8.3.1/../../../../arm-none-eabi/lib/thumb/v6-m/nofp/crt0.o
 .ARM.exidx     0x00000000000051fc        0x0 /opt/gcc-arm/bin/../lib/gcc/arm-none-eabi/8.3.1/thumb/v6-m/nofp/libgcc.a(_udivmoddi4.o)
                                          0x8 (size before relaxing)
 .ARM.exidx     0x00000000000051fc        0x0 /opt/gcc-arm/bin/../lib/gcc/arm-none-eabi/8.3.1/thumb/v6-m/nofp/libgcc.a(_divdi3.o)
                                          0x8 (size before relaxing)
                0x00000000000051fc                __exidx_end = .

.rel.dyn        0x00000000000051fc        0x0
 .rel.iplt      0x00000000000051fc        0x0 /opt/gcc-arm/bin/../lib/gcc/arm-none-eabi/8.3.1/thumb/v6-m/nofp/crtbegin.o

.ctors          0x00000000000051fc        0x0
                0x00000000000051fc                __CTOR_LIST__ = .
 *crtbegin.o(.ctors)
 *crtbegin?.o(.ctors)
 *(EXCLUDE_FILE(*crtend.o *crtend?.o) .ctors)
 *(SORT_BY_NAME(.ctors.*))
 *(.ctors)
                0x00000000000051fc                __CTOR_END__ = .

.dtors          0x00000000000051fc        0x0
                0x00000000000051fc                __DTOR_LIST__ = .
 *crtbegin.o(.dtors)
 *crtbegin?.o(.dtors)
 *(EXCLUDE_FILE(*crtend.o *crtend?.o) .dtors)
 *(SORT_BY_NAME(.dtors.*))
 *(.dtors)
                0x00000000000051fc                __DTOR_END__ = .

.preinit_array  0x00000000000051fc        0x0
                0x00000000000051fc                PROVIDE (__preinit_array_start = .)
 *(.preinit_array*)
                0x00000000000051fc                PROVIDE (__preinit_array_end = .)

.init_array     0x00000000000051fc        0x8
                0x00000000000051fc                PROVIDE (__init_array_start = .)
 *(SORT_BY_NAME(.init_array.*))
 .init_array.00000
                0x00000000000051fc        0x4 /opt/gcc-arm/bin/../lib/gcc/arm-none-eabi/8.3.1/../../../../arm-none-eabi/lib/thumb/v6-m/nofp/libc.a(lib_a-__call_atexit.o)
 *(.init_array*)
 .init_array    0x0000000000005200        0x4 /opt/gcc-arm/bin/../lib/gcc/arm-none-eabi/8.3.1/thumb/v6-m/nofp/crtbegin.o
                0x0000000000005204                PROVIDE (__init_array_end = .)

.fini_array     0x0000000000005204        0x4
                0x0000000000005204                PROVIDE (__fini_array_start = .)
 *(SORT_BY_NAME(.fini_array.*))
 *(.fini_array*)
 .fini_array    0x0000000000005204        0x4 /opt/gcc-arm/bin/../lib/gcc/arm-none-eabi/8.3.1/thumb/v6-m/nofp/crtbegin.o
                0x0000000000005208                PROVIDE (__fini_array_end = .)
                0x0000000000005208                __etext = .
                0x0000000000005208                __DATA_ROM = .

.data           0x0000000010000000      0x9b8 load address 0x0000000000005208
                0x0000000010000000                . = ALIGN (0x4)
                0x0000000010000000                __DATA_RAM = .
                0x0000000010000000                __data_start__ = .
 *(.ramfunc*)
 *(.data)
 .data          0x0000000010000000        0x0 /opt/gcc-arm/bin/../lib/gcc/arm-none-eabi/8.3.1/thumb/v6-m/nofp/crti.o
 .data          0x0000000010000000        0x4 /opt/gcc-arm/bin/../lib/gcc/arm-none-eabi/8.3.1/thumb/v6-m/nofp/crtbegin.o
                0x0000000010000000                __dso_handle
 .data          0x0000000010000004        0x0 /opt/gcc-arm/bin/../lib/gcc/arm-none-eabi/8.3.1/../../../../arm-none-eabi/lib/thumb/v6-m/nofp/crt0.o
 .data          0x0000000010000004        0x0 main.o
 .data          0x0000000010000004        0x0 clock_config.o
 .data          0x0000000010000004        0x0 fsl_clock.o
 .data          0x0000000010000004        0x0 fsl_reset.o
 .data          0x0000000010000004        0x0 fsl_gpio.o
 .data          0x0000000010000004        0x4 system_LPC845.o
                0x0000000010000004                SystemCoreClock
 .data          0x0000000010000008        0x0 fsl_common.o
 .data          0x0000000010000008        0x0 fsl_power.o
 .data          0x0000000010000008        0x0 startup_LPC845.o
 .data          0x0000000010000008        0x0 /opt/gcc-arm/bin/../lib/gcc/arm-none-eabi/8.3.1/thumb/v6-m/nofp/libgcc.a(_thumb1_case_uqi.o)
 .data          0x0000000010000008        0x0 /opt/gcc-arm/bin/../lib/gcc/arm-none-eabi/8.3.1/thumb/v6-m/nofp/libgcc.a(_udivsi3.o)
 .data          0x0000000010000008        0x0 /opt/gcc-arm/bin/../lib/gcc/arm-none-eabi/8.3.1/thumb/v6-m/nofp/libgcc.a(_divsi3.o)
 .data          0x0000000010000008        0x0 /opt/gcc-arm/bin/../lib/gcc/arm-none-eabi/8.3.1/thumb/v6-m/nofp/libgcc.a(_dvmd_tls.o)
 .data          0x0000000010000008        0x0 /opt/gcc-arm/bin/../lib/gcc/arm-none-eabi/8.3.1/thumb/v6-m/nofp/libgcc.a(_aeabi_ldivmod.o)
 .data          0x0000000010000008        0x0 /opt/gcc-arm/bin/../lib/gcc/arm-none-eabi/8.3.1/thumb/v6-m/nofp/libgcc.a(_aeabi_uldivmod.o)
 .data          0x0000000010000008        0x0 /opt/gcc-arm/bin/../lib/gcc/arm-none-eabi/8.3.1/thumb/v6-m/nofp/libgcc.a(_muldi3.o)
 .data          0x0000000010000008        0x0 /opt/gcc-arm/bin/../lib/gcc/arm-none-eabi/8.3.1/thumb/v6-m/nofp/libgcc.a(_udivmoddi4.o)
 .data          0x0000000010000008        0x0 /opt/gcc-arm/bin/../lib/gcc/arm-none-eabi/8.3.1/thumb/v6-m/nofp/libgcc.a(bpabi.o)
 .data          0x0000000010000008        0x0 /opt/gcc-arm/bin/../lib/gcc/arm-none-eabi/8.3.1/thumb/v6-m/nofp/libgcc.a(_clzdi2.o)
 .data          0x0000000010000008        0x0 /opt/gcc-arm/bin/../lib/gcc/arm-none-eabi/8.3.1/thumb/v6-m/nofp/libgcc.a(_divdi3.o)
 .data          0x0000000010000008        0x0 /opt/gcc-arm/bin/../lib/gcc/arm-none-eabi/8.3.1/thumb/v6-m/nofp/libgcc.a(_clzsi2.o)
 .data          0x0000000010000008        0x0 /opt/gcc-arm/bin/../lib/gcc/arm-none-eabi/8.3.1/../../../../arm-none-eabi/lib/thumb/v6-m/nofp/libc.a(lib_a-assert.o)
 .data          0x0000000010000008        0x0 /opt/gcc-arm/bin/../lib/gcc/arm-none-eabi/8.3.1/../../../../arm-none-eabi/lib/thumb/v6-m/nofp/libc.a(lib_a-exit.o)
 .data          0x0000000010000008        0x0 /opt/gcc-arm/bin/../lib/gcc/arm-none-eabi/8.3.1/../../../../arm-none-eabi/lib/thumb/v6-m/nofp/libc.a(lib_a-fiprintf.o)
 .data          0x0000000010000008        0x0 /opt/gcc-arm/bin/../lib/gcc/arm-none-eabi/8.3.1/../../../../arm-none-eabi/lib/thumb/v6-m/nofp/libc.a(lib_a-impure.o)
 .data          0x0000000010000008        0x0 /opt/gcc-arm/bin/../lib/gcc/arm-none-eabi/8.3.1/../../../../arm-none-eabi/lib/thumb/v6-m/nofp/libc.a(lib_a-init.o)
 .data          0x0000000010000008        0x0 /opt/gcc-arm/bin/../lib/gcc/arm-none-eabi/8.3.1/../../../../arm-none-eabi/lib/thumb/v6-m/nofp/libc.a(lib_a-malloc.o)
 .data          0x0000000010000008        0x0 /opt/gcc-arm/bin/../lib/gcc/arm-none-eabi/8.3.1/../../../../arm-none-eabi/lib/thumb/v6-m/nofp/libc.a(lib_a-mallocr.o)
 .data          0x0000000010000008        0x0 /opt/gcc-arm/bin/../lib/gcc/arm-none-eabi/8.3.1/../../../../arm-none-eabi/lib/thumb/v6-m/nofp/libc.a(lib_a-memset.o)
 .data          0x0000000010000008        0x0 /opt/gcc-arm/bin/../lib/gcc/arm-none-eabi/8.3.1/../../../../arm-none-eabi/lib/thumb/v6-m/nofp/libc.a(lib_a-mlock.o)
 .data          0x0000000010000008        0x0 /opt/gcc-arm/bin/../lib/gcc/arm-none-eabi/8.3.1/../../../../arm-none-eabi/lib/thumb/v6-m/nofp/libc.a(lib_a-sbrkr.o)
 .data          0x0000000010000008        0x0 /opt/gcc-arm/bin/../lib/gcc/arm-none-eabi/8.3.1/../../../../arm-none-eabi/lib/thumb/v6-m/nofp/libc.a(lib_a-vfiprintf.o)
 .data          0x0000000010000008        0x0 /opt/gcc-arm/bin/../lib/gcc/arm-none-eabi/8.3.1/../../../../arm-none-eabi/lib/thumb/v6-m/nofp/libc.a(lib_a-wsetup.o)
 .data          0x0000000010000008        0x0 /opt/gcc-arm/bin/../lib/gcc/arm-none-eabi/8.3.1/../../../../arm-none-eabi/lib/thumb/v6-m/nofp/libc.a(lib_a-__call_atexit.o)
 .data          0x0000000010000008        0x0 /opt/gcc-arm/bin/../lib/gcc/arm-none-eabi/8.3.1/../../../../arm-none-eabi/lib/thumb/v6-m/nofp/libc.a(lib_a-abort.o)
 .data          0x0000000010000008        0x0 /opt/gcc-arm/bin/../lib/gcc/arm-none-eabi/8.3.1/../../../../arm-none-eabi/lib/thumb/v6-m/nofp/libc.a(lib_a-atexit.o)
 .data          0x0000000010000008        0x0 /opt/gcc-arm/bin/../lib/gcc/arm-none-eabi/8.3.1/../../../../arm-none-eabi/lib/thumb/v6-m/nofp/libc.a(lib_a-fflush.o)
 .data          0x0000000010000008        0x0 /opt/gcc-arm/bin/../lib/gcc/arm-none-eabi/8.3.1/../../../../arm-none-eabi/lib/thumb/v6-m/nofp/libc.a(lib_a-findfp.o)
 .data          0x0000000010000008        0x0 /opt/gcc-arm/bin/../lib/gcc/arm-none-eabi/8.3.1/../../../../arm-none-eabi/lib/thumb/v6-m/nofp/libc.a(lib_a-fini.o)
 .data          0x0000000010000008        0x0 /opt/gcc-arm/bin/../lib/gcc/arm-none-eabi/8.3.1/../../../../arm-none-eabi/lib/thumb/v6-m/nofp/libc.a(lib_a-fputwc.o)
 .data          0x0000000010000008        0x0 /opt/gcc-arm/bin/../lib/gcc/arm-none-eabi/8.3.1/../../../../arm-none-eabi/lib/thumb/v6-m/nofp/libc.a(lib_a-freer.o)
 .data          0x0000000010000008        0x0 /opt/gcc-arm/bin/../lib/gcc/arm-none-eabi/8.3.1/../../../../arm-none-eabi/lib/thumb/v6-m/nofp/libc.a(lib_a-fvwrite.o)
 .data          0x0000000010000008        0x0 /opt/gcc-arm/bin/../lib/gcc/arm-none-eabi/8.3.1/../../../../arm-none-eabi/lib/thumb/v6-m/nofp/libc.a(lib_a-fwalk.o)
 .data          0x0000000010000008        0x0 /opt/gcc-arm/bin/../lib/gcc/arm-none-eabi/8.3.1/../../../../arm-none-eabi/lib/thumb/v6-m/nofp/libc.a(lib_a-locale.o)
 .data          0x0000000010000008        0x0 /opt/gcc-arm/bin/../lib/gcc/arm-none-eabi/8.3.1/../../../../arm-none-eabi/lib/thumb/v6-m/nofp/libc.a(lib_a-localeconv.o)
 .data          0x0000000010000008        0x0 /opt/gcc-arm/bin/../lib/gcc/arm-none-eabi/8.3.1/../../../../arm-none-eabi/lib/thumb/v6-m/nofp/libc.a(lib_a-lock.o)
 .data          0x0000000010000008        0x0 /opt/gcc-arm/bin/../lib/gcc/arm-none-eabi/8.3.1/../../../../arm-none-eabi/lib/thumb/v6-m/nofp/libc.a(lib_a-makebuf.o)
 .data          0x0000000010000008        0x0 /opt/gcc-arm/bin/../lib/gcc/arm-none-eabi/8.3.1/../../../../arm-none-eabi/lib/thumb/v6-m/nofp/libc.a(lib_a-mbtowc_r.o)
 .data          0x0000000010000008        0x0 /opt/gcc-arm/bin/../lib/gcc/arm-none-eabi/8.3.1/../../../../arm-none-eabi/lib/thumb/v6-m/nofp/libc.a(lib_a-memchr-stub.o)
 .data          0x0000000010000008        0x0 /opt/gcc-arm/bin/../lib/gcc/arm-none-eabi/8.3.1/../../../../arm-none-eabi/lib/thumb/v6-m/nofp/libc.a(lib_a-memcpy-stub.o)
 .data          0x0000000010000008        0x0 /opt/gcc-arm/bin/../lib/gcc/arm-none-eabi/8.3.1/../../../../arm-none-eabi/lib/thumb/v6-m/nofp/libc.a(lib_a-memmove.o)
 .data          0x0000000010000008        0x0 /opt/gcc-arm/bin/../lib/gcc/arm-none-eabi/8.3.1/../../../../arm-none-eabi/lib/thumb/v6-m/nofp/libc.a(lib_a-reallocr.o)
 .data          0x0000000010000008        0x0 /opt/gcc-arm/bin/../lib/gcc/arm-none-eabi/8.3.1/../../../../arm-none-eabi/lib/thumb/v6-m/nofp/libc.a(lib_a-reent.o)
 .data          0x0000000010000008        0x0 /opt/gcc-arm/bin/../lib/gcc/arm-none-eabi/8.3.1/../../../../arm-none-eabi/lib/thumb/v6-m/nofp/libc.a(lib_a-signal.o)
 .data          0x0000000010000008        0x0 /opt/gcc-arm/bin/../lib/gcc/arm-none-eabi/8.3.1/../../../../arm-none-eabi/lib/thumb/v6-m/nofp/libc.a(lib_a-signalr.o)
 .data          0x0000000010000008        0x0 /opt/gcc-arm/bin/../lib/gcc/arm-none-eabi/8.3.1/../../../../arm-none-eabi/lib/thumb/v6-m/nofp/libc.a(lib_a-stdio.o)
 .data          0x0000000010000008        0x0 /opt/gcc-arm/bin/../lib/gcc/arm-none-eabi/8.3.1/../../../../arm-none-eabi/lib/thumb/v6-m/nofp/libc.a(lib_a-strcmp.o)
 .data          0x0000000010000008        0x0 /opt/gcc-arm/bin/../lib/gcc/arm-none-eabi/8.3.1/../../../../arm-none-eabi/lib/thumb/v6-m/nofp/libc.a(lib_a-strlen-stub.o)
 .data          0x0000000010000008        0x0 /opt/gcc-arm/bin/../lib/gcc/arm-none-eabi/8.3.1/../../../../arm-none-eabi/lib/thumb/v6-m/nofp/libc.a(lib_a-strncpy.o)
 .data          0x0000000010000008        0x0 /opt/gcc-arm/bin/../lib/gcc/arm-none-eabi/8.3.1/../../../../arm-none-eabi/lib/thumb/v6-m/nofp/libc.a(lib_a-wbuf.o)
 .data          0x0000000010000008        0x0 /opt/gcc-arm/bin/../lib/gcc/arm-none-eabi/8.3.1/../../../../arm-none-eabi/lib/thumb/v6-m/nofp/libc.a(lib_a-wcrtomb.o)
 .data          0x0000000010000008        0x0 /opt/gcc-arm/bin/../lib/gcc/arm-none-eabi/8.3.1/../../../../arm-none-eabi/lib/thumb/v6-m/nofp/libc.a(lib_a-wctomb_r.o)
 .data          0x0000000010000008        0x0 /opt/gcc-arm/bin/../lib/gcc/arm-none-eabi/8.3.1/../../../../arm-none-eabi/lib/thumb/v6-m/nofp/libc.a(lib_a-writer.o)
 .data          0x0000000010000008        0x0 /opt/gcc-arm/bin/../lib/gcc/arm-none-eabi/8.3.1/../../../../arm-none-eabi/lib/thumb/v6-m/nofp/libc.a(lib_a-__atexit.o)
 .data          0x0000000010000008        0x0 /opt/gcc-arm/bin/../lib/gcc/arm-none-eabi/8.3.1/../../../../arm-none-eabi/lib/thumb/v6-m/nofp/libc.a(lib_a-closer.o)
 .data          0x0000000010000008        0x0 /opt/gcc-arm/bin/../lib/gcc/arm-none-eabi/8.3.1/../../../../arm-none-eabi/lib/thumb/v6-m/nofp/libc.a(lib_a-ctype_.o)
 .data          0x0000000010000008        0x0 /opt/gcc-arm/bin/../lib/gcc/arm-none-eabi/8.3.1/../../../../arm-none-eabi/lib/thumb/v6-m/nofp/libc.a(lib_a-fclose.o)
 .data          0x0000000010000008        0x0 /opt/gcc-arm/bin/../lib/gcc/arm-none-eabi/8.3.1/../../../../arm-none-eabi/lib/thumb/v6-m/nofp/libc.a(lib_a-fstatr.o)
 .data          0x0000000010000008        0x0 /opt/gcc-arm/bin/../lib/gcc/arm-none-eabi/8.3.1/../../../../arm-none-eabi/lib/thumb/v6-m/nofp/libc.a(lib_a-isattyr.o)
 .data          0x0000000010000008        0x0 /opt/gcc-arm/bin/../lib/gcc/arm-none-eabi/8.3.1/../../../../arm-none-eabi/lib/thumb/v6-m/nofp/libc.a(lib_a-lseekr.o)
 .data          0x0000000010000008        0x0 /opt/gcc-arm/bin/../lib/gcc/arm-none-eabi/8.3.1/../../../../arm-none-eabi/lib/thumb/v6-m/nofp/libc.a(lib_a-readr.o)
 .data          0x0000000010000008        0x0 /opt/gcc-arm/bin/../lib/gcc/arm-none-eabi/8.3.1/../../../../arm-none-eabi/lib/thumb/v6-m/nofp/libnosys.a(close.o)
 .data          0x0000000010000008        0x0 /opt/gcc-arm/bin/../lib/gcc/arm-none-eabi/8.3.1/../../../../arm-none-eabi/lib/thumb/v6-m/nofp/libnosys.a(fstat.o)
 .data          0x0000000010000008        0x0 /opt/gcc-arm/bin/../lib/gcc/arm-none-eabi/8.3.1/../../../../arm-none-eabi/lib/thumb/v6-m/nofp/libnosys.a(getpid.o)
 .data          0x0000000010000008        0x0 /opt/gcc-arm/bin/../lib/gcc/arm-none-eabi/8.3.1/../../../../arm-none-eabi/lib/thumb/v6-m/nofp/libnosys.a(isatty.o)
 .data          0x0000000010000008        0x0 /opt/gcc-arm/bin/../lib/gcc/arm-none-eabi/8.3.1/../../../../arm-none-eabi/lib/thumb/v6-m/nofp/libnosys.a(kill.o)
 .data          0x0000000010000008        0x0 /opt/gcc-arm/bin/../lib/gcc/arm-none-eabi/8.3.1/../../../../arm-none-eabi/lib/thumb/v6-m/nofp/libnosys.a(lseek.o)
 .data          0x0000000010000008        0x0 /opt/gcc-arm/bin/../lib/gcc/arm-none-eabi/8.3.1/../../../../arm-none-eabi/lib/thumb/v6-m/nofp/libnosys.a(read.o)
 .data          0x0000000010000008        0x0 /opt/gcc-arm/bin/../lib/gcc/arm-none-eabi/8.3.1/../../../../arm-none-eabi/lib/thumb/v6-m/nofp/libnosys.a(sbrk.o)
 .data          0x0000000010000008        0x0 /opt/gcc-arm/bin/../lib/gcc/arm-none-eabi/8.3.1/../../../../arm-none-eabi/lib/thumb/v6-m/nofp/libnosys.a(write.o)
 .data          0x0000000010000008        0x0 /opt/gcc-arm/bin/../lib/gcc/arm-none-eabi/8.3.1/../../../../arm-none-eabi/lib/thumb/v6-m/nofp/libnosys.a(_exit.o)
 .data          0x0000000010000008        0x0 /opt/gcc-arm/bin/../lib/gcc/arm-none-eabi/8.3.1/thumb/v6-m/nofp/crtend.o
 .data          0x0000000010000008        0x0 /opt/gcc-arm/bin/../lib/gcc/arm-none-eabi/8.3.1/thumb/v6-m/nofp/crtn.o
 *(.data*)
 .data._impure_ptr
                0x0000000010000008        0x4 /opt/gcc-arm/bin/../lib/gcc/arm-none-eabi/8.3.1/../../../../arm-none-eabi/lib/thumb/v6-m/nofp/libc.a(lib_a-impure.o)
                0x0000000010000008                _impure_ptr
 *fill*         0x000000001000000c        0x4 
 .data.impure_data
                0x0000000010000010      0x428 /opt/gcc-arm/bin/../lib/gcc/arm-none-eabi/8.3.1/../../../../arm-none-eabi/lib/thumb/v6-m/nofp/libc.a(lib_a-impure.o)
 .data.__malloc_av_
                0x0000000010000438      0x408 /opt/gcc-arm/bin/../lib/gcc/arm-none-eabi/8.3.1/../../../../arm-none-eabi/lib/thumb/v6-m/nofp/libc.a(lib_a-mallocr.o)
                0x0000000010000438                __malloc_av_
 .data.__malloc_sbrk_base
                0x0000000010000840        0x4 /opt/gcc-arm/bin/../lib/gcc/arm-none-eabi/8.3.1/../../../../arm-none-eabi/lib/thumb/v6-m/nofp/libc.a(lib_a-mallocr.o)
                0x0000000010000840                __malloc_sbrk_base
 .data.__malloc_trim_threshold
                0x0000000010000844        0x4 /opt/gcc-arm/bin/../lib/gcc/arm-none-eabi/8.3.1/../../../../arm-none-eabi/lib/thumb/v6-m/nofp/libc.a(lib_a-mallocr.o)
                0x0000000010000844                __malloc_trim_threshold
 .data.__atexit_recursive_mutex
                0x0000000010000848        0x4 /opt/gcc-arm/bin/../lib/gcc/arm-none-eabi/8.3.1/../../../../arm-none-eabi/lib/thumb/v6-m/nofp/libc.a(lib_a-__call_atexit.o)
                0x0000000010000848                __atexit_recursive_mutex
 .data.__global_locale
                0x000000001000084c      0x16c /opt/gcc-arm/bin/../lib/gcc/arm-none-eabi/8.3.1/../../../../arm-none-eabi/lib/thumb/v6-m/nofp/libc.a(lib_a-locale.o)
                0x000000001000084c                __global_locale
 *(.jcr*)
                0x00000000100009b8                . = ALIGN (0x4)
                0x00000000100009b8                __data_end__ = .
                0x0000000000005bc0                __DATA_END = (__DATA_ROM + (__data_end__ - __data_start__))
                0x0000000000010000                text_end = (ORIGIN (m_text) + LENGTH (m_text))
                0x0000000000000001                ASSERT ((__DATA_END <= text_end), region m_text overflowed with text and data)

.igot.plt       0x00000000100009b8        0x0 load address 0x0000000000005bc0
 .igot.plt      0x00000000100009b8        0x0 /opt/gcc-arm/bin/../lib/gcc/arm-none-eabi/8.3.1/thumb/v6-m/nofp/crtbegin.o

.bss            0x00000000100009b8       0x88 load address 0x0000000000005bc0
                0x00000000100009b8                . = ALIGN (0x4)
                0x00000000100009b8                __START_BSS = .
                0x00000000100009b8                __bss_start__ = .
 *(.bss)
 .bss           0x00000000100009b8        0x0 /opt/gcc-arm/bin/../lib/gcc/arm-none-eabi/8.3.1/thumb/v6-m/nofp/crti.o
 .bss           0x00000000100009b8       0x1c /opt/gcc-arm/bin/../lib/gcc/arm-none-eabi/8.3.1/thumb/v6-m/nofp/crtbegin.o
 .bss           0x00000000100009d4        0x0 /opt/gcc-arm/bin/../lib/gcc/arm-none-eabi/8.3.1/../../../../arm-none-eabi/lib/thumb/v6-m/nofp/crt0.o
 .bss           0x00000000100009d4        0x0 main.o
 .bss           0x00000000100009d4        0x0 clock_config.o
 .bss           0x00000000100009d4        0x8 fsl_clock.o
                0x00000000100009d4                g_Ext_Clk_Freq
                0x00000000100009d8                g_Wdt_Osc_Freq
 .bss           0x00000000100009dc        0x0 fsl_reset.o
 .bss           0x00000000100009dc        0x0 fsl_gpio.o
 .bss           0x00000000100009dc        0x0 system_LPC845.o
 .bss           0x00000000100009dc        0x0 fsl_common.o
 .bss           0x00000000100009dc        0x0 fsl_power.o
 .bss           0x00000000100009dc        0x0 startup_LPC845.o
 .bss           0x00000000100009dc        0x0 /opt/gcc-arm/bin/../lib/gcc/arm-none-eabi/8.3.1/thumb/v6-m/nofp/libgcc.a(_thumb1_case_uqi.o)
 .bss           0x00000000100009dc        0x0 /opt/gcc-arm/bin/../lib/gcc/arm-none-eabi/8.3.1/thumb/v6-m/nofp/libgcc.a(_udivsi3.o)
 .bss           0x00000000100009dc        0x0 /opt/gcc-arm/bin/../lib/gcc/arm-none-eabi/8.3.1/thumb/v6-m/nofp/libgcc.a(_divsi3.o)
 .bss           0x00000000100009dc        0x0 /opt/gcc-arm/bin/../lib/gcc/arm-none-eabi/8.3.1/thumb/v6-m/nofp/libgcc.a(_dvmd_tls.o)
 .bss           0x00000000100009dc        0x0 /opt/gcc-arm/bin/../lib/gcc/arm-none-eabi/8.3.1/thumb/v6-m/nofp/libgcc.a(_aeabi_ldivmod.o)
 .bss           0x00000000100009dc        0x0 /opt/gcc-arm/bin/../lib/gcc/arm-none-eabi/8.3.1/thumb/v6-m/nofp/libgcc.a(_aeabi_uldivmod.o)
 .bss           0x00000000100009dc        0x0 /opt/gcc-arm/bin/../lib/gcc/arm-none-eabi/8.3.1/thumb/v6-m/nofp/libgcc.a(_muldi3.o)
 .bss           0x00000000100009dc        0x0 /opt/gcc-arm/bin/../lib/gcc/arm-none-eabi/8.3.1/thumb/v6-m/nofp/libgcc.a(_udivmoddi4.o)
 .bss           0x00000000100009dc        0x0 /opt/gcc-arm/bin/../lib/gcc/arm-none-eabi/8.3.1/thumb/v6-m/nofp/libgcc.a(bpabi.o)
 .bss           0x00000000100009dc        0x0 /opt/gcc-arm/bin/../lib/gcc/arm-none-eabi/8.3.1/thumb/v6-m/nofp/libgcc.a(_clzdi2.o)
 .bss           0x00000000100009dc        0x0 /opt/gcc-arm/bin/../lib/gcc/arm-none-eabi/8.3.1/thumb/v6-m/nofp/libgcc.a(_divdi3.o)
 .bss           0x00000000100009dc        0x0 /opt/gcc-arm/bin/../lib/gcc/arm-none-eabi/8.3.1/thumb/v6-m/nofp/libgcc.a(_clzsi2.o)
 .bss           0x00000000100009dc        0x0 /opt/gcc-arm/bin/../lib/gcc/arm-none-eabi/8.3.1/../../../../arm-none-eabi/lib/thumb/v6-m/nofp/libc.a(lib_a-assert.o)
 .bss           0x00000000100009dc        0x0 /opt/gcc-arm/bin/../lib/gcc/arm-none-eabi/8.3.1/../../../../arm-none-eabi/lib/thumb/v6-m/nofp/libc.a(lib_a-exit.o)
 .bss           0x00000000100009dc        0x0 /opt/gcc-arm/bin/../lib/gcc/arm-none-eabi/8.3.1/../../../../arm-none-eabi/lib/thumb/v6-m/nofp/libc.a(lib_a-fiprintf.o)
 .bss           0x00000000100009dc        0x0 /opt/gcc-arm/bin/../lib/gcc/arm-none-eabi/8.3.1/../../../../arm-none-eabi/lib/thumb/v6-m/nofp/libc.a(lib_a-impure.o)
 .bss           0x00000000100009dc        0x0 /opt/gcc-arm/bin/../lib/gcc/arm-none-eabi/8.3.1/../../../../arm-none-eabi/lib/thumb/v6-m/nofp/libc.a(lib_a-init.o)
 .bss           0x00000000100009dc        0x0 /opt/gcc-arm/bin/../lib/gcc/arm-none-eabi/8.3.1/../../../../arm-none-eabi/lib/thumb/v6-m/nofp/libc.a(lib_a-malloc.o)
 .bss           0x00000000100009dc        0x0 /opt/gcc-arm/bin/../lib/gcc/arm-none-eabi/8.3.1/../../../../arm-none-eabi/lib/thumb/v6-m/nofp/libc.a(lib_a-mallocr.o)
 .bss           0x00000000100009dc        0x0 /opt/gcc-arm/bin/../lib/gcc/arm-none-eabi/8.3.1/../../../../arm-none-eabi/lib/thumb/v6-m/nofp/libc.a(lib_a-memset.o)
 .bss           0x00000000100009dc        0x0 /opt/gcc-arm/bin/../lib/gcc/arm-none-eabi/8.3.1/../../../../arm-none-eabi/lib/thumb/v6-m/nofp/libc.a(lib_a-mlock.o)
 .bss           0x00000000100009dc        0x0 /opt/gcc-arm/bin/../lib/gcc/arm-none-eabi/8.3.1/../../../../arm-none-eabi/lib/thumb/v6-m/nofp/libc.a(lib_a-sbrkr.o)
 .bss           0x00000000100009dc        0x0 /opt/gcc-arm/bin/../lib/gcc/arm-none-eabi/8.3.1/../../../../arm-none-eabi/lib/thumb/v6-m/nofp/libc.a(lib_a-vfiprintf.o)
 .bss           0x00000000100009dc        0x0 /opt/gcc-arm/bin/../lib/gcc/arm-none-eabi/8.3.1/../../../../arm-none-eabi/lib/thumb/v6-m/nofp/libc.a(lib_a-wsetup.o)
 .bss           0x00000000100009dc        0x0 /opt/gcc-arm/bin/../lib/gcc/arm-none-eabi/8.3.1/../../../../arm-none-eabi/lib/thumb/v6-m/nofp/libc.a(lib_a-__call_atexit.o)
 .bss           0x00000000100009dc        0x0 /opt/gcc-arm/bin/../lib/gcc/arm-none-eabi/8.3.1/../../../../arm-none-eabi/lib/thumb/v6-m/nofp/libc.a(lib_a-abort.o)
 .bss           0x00000000100009dc        0x0 /opt/gcc-arm/bin/../lib/gcc/arm-none-eabi/8.3.1/../../../../arm-none-eabi/lib/thumb/v6-m/nofp/libc.a(lib_a-atexit.o)
 .bss           0x00000000100009dc        0x0 /opt/gcc-arm/bin/../lib/gcc/arm-none-eabi/8.3.1/../../../../arm-none-eabi/lib/thumb/v6-m/nofp/libc.a(lib_a-fflush.o)
 .bss           0x00000000100009dc        0x0 /opt/gcc-arm/bin/../lib/gcc/arm-none-eabi/8.3.1/../../../../arm-none-eabi/lib/thumb/v6-m/nofp/libc.a(lib_a-findfp.o)
 .bss           0x00000000100009dc        0x0 /opt/gcc-arm/bin/../lib/gcc/arm-none-eabi/8.3.1/../../../../arm-none-eabi/lib/thumb/v6-m/nofp/libc.a(lib_a-fini.o)
 .bss           0x00000000100009dc        0x0 /opt/gcc-arm/bin/../lib/gcc/arm-none-eabi/8.3.1/../../../../arm-none-eabi/lib/thumb/v6-m/nofp/libc.a(lib_a-fputwc.o)
 .bss           0x00000000100009dc        0x0 /opt/gcc-arm/bin/../lib/gcc/arm-none-eabi/8.3.1/../../../../arm-none-eabi/lib/thumb/v6-m/nofp/libc.a(lib_a-freer.o)
 .bss           0x00000000100009dc        0x0 /opt/gcc-arm/bin/../lib/gcc/arm-none-eabi/8.3.1/../../../../arm-none-eabi/lib/thumb/v6-m/nofp/libc.a(lib_a-fvwrite.o)
 .bss           0x00000000100009dc        0x0 /opt/gcc-arm/bin/../lib/gcc/arm-none-eabi/8.3.1/../../../../arm-none-eabi/lib/thumb/v6-m/nofp/libc.a(lib_a-fwalk.o)
 .bss           0x00000000100009dc        0x0 /opt/gcc-arm/bin/../lib/gcc/arm-none-eabi/8.3.1/../../../../arm-none-eabi/lib/thumb/v6-m/nofp/libc.a(lib_a-locale.o)
 .bss           0x00000000100009dc        0x0 /opt/gcc-arm/bin/../lib/gcc/arm-none-eabi/8.3.1/../../../../arm-none-eabi/lib/thumb/v6-m/nofp/libc.a(lib_a-localeconv.o)
 .bss           0x00000000100009dc        0x0 /opt/gcc-arm/bin/../lib/gcc/arm-none-eabi/8.3.1/../../../../arm-none-eabi/lib/thumb/v6-m/nofp/libc.a(lib_a-lock.o)
 .bss           0x00000000100009dc        0x0 /opt/gcc-arm/bin/../lib/gcc/arm-none-eabi/8.3.1/../../../../arm-none-eabi/lib/thumb/v6-m/nofp/libc.a(lib_a-makebuf.o)
 .bss           0x00000000100009dc        0x0 /opt/gcc-arm/bin/../lib/gcc/arm-none-eabi/8.3.1/../../../../arm-none-eabi/lib/thumb/v6-m/nofp/libc.a(lib_a-mbtowc_r.o)
 .bss           0x00000000100009dc        0x0 /opt/gcc-arm/bin/../lib/gcc/arm-none-eabi/8.3.1/../../../../arm-none-eabi/lib/thumb/v6-m/nofp/libc.a(lib_a-memchr-stub.o)
 .bss           0x00000000100009dc        0x0 /opt/gcc-arm/bin/../lib/gcc/arm-none-eabi/8.3.1/../../../../arm-none-eabi/lib/thumb/v6-m/nofp/libc.a(lib_a-memcpy-stub.o)
 .bss           0x00000000100009dc        0x0 /opt/gcc-arm/bin/../lib/gcc/arm-none-eabi/8.3.1/../../../../arm-none-eabi/lib/thumb/v6-m/nofp/libc.a(lib_a-memmove.o)
 .bss           0x00000000100009dc        0x0 /opt/gcc-arm/bin/../lib/gcc/arm-none-eabi/8.3.1/../../../../arm-none-eabi/lib/thumb/v6-m/nofp/libc.a(lib_a-reallocr.o)
 .bss           0x00000000100009dc        0x0 /opt/gcc-arm/bin/../lib/gcc/arm-none-eabi/8.3.1/../../../../arm-none-eabi/lib/thumb/v6-m/nofp/libc.a(lib_a-reent.o)
 .bss           0x00000000100009dc        0x0 /opt/gcc-arm/bin/../lib/gcc/arm-none-eabi/8.3.1/../../../../arm-none-eabi/lib/thumb/v6-m/nofp/libc.a(lib_a-signal.o)
 .bss           0x00000000100009dc        0x0 /opt/gcc-arm/bin/../lib/gcc/arm-none-eabi/8.3.1/../../../../arm-none-eabi/lib/thumb/v6-m/nofp/libc.a(lib_a-signalr.o)
 .bss           0x00000000100009dc        0x0 /opt/gcc-arm/bin/../lib/gcc/arm-none-eabi/8.3.1/../../../../arm-none-eabi/lib/thumb/v6-m/nofp/libc.a(lib_a-stdio.o)
 .bss           0x00000000100009dc        0x0 /opt/gcc-arm/bin/../lib/gcc/arm-none-eabi/8.3.1/../../../../arm-none-eabi/lib/thumb/v6-m/nofp/libc.a(lib_a-strcmp.o)
 .bss           0x00000000100009dc        0x0 /opt/gcc-arm/bin/../lib/gcc/arm-none-eabi/8.3.1/../../../../arm-none-eabi/lib/thumb/v6-m/nofp/libc.a(lib_a-strlen-stub.o)
 .bss           0x00000000100009dc        0x0 /opt/gcc-arm/bin/../lib/gcc/arm-none-eabi/8.3.1/../../../../arm-none-eabi/lib/thumb/v6-m/nofp/libc.a(lib_a-strncpy.o)
 .bss           0x00000000100009dc        0x0 /opt/gcc-arm/bin/../lib/gcc/arm-none-eabi/8.3.1/../../../../arm-none-eabi/lib/thumb/v6-m/nofp/libc.a(lib_a-wbuf.o)
 .bss           0x00000000100009dc        0x0 /opt/gcc-arm/bin/../lib/gcc/arm-none-eabi/8.3.1/../../../../arm-none-eabi/lib/thumb/v6-m/nofp/libc.a(lib_a-wcrtomb.o)
 .bss           0x00000000100009dc        0x0 /opt/gcc-arm/bin/../lib/gcc/arm-none-eabi/8.3.1/../../../../arm-none-eabi/lib/thumb/v6-m/nofp/libc.a(lib_a-wctomb_r.o)
 .bss           0x00000000100009dc        0x0 /opt/gcc-arm/bin/../lib/gcc/arm-none-eabi/8.3.1/../../../../arm-none-eabi/lib/thumb/v6-m/nofp/libc.a(lib_a-writer.o)
 .bss           0x00000000100009dc        0x0 /opt/gcc-arm/bin/../lib/gcc/arm-none-eabi/8.3.1/../../../../arm-none-eabi/lib/thumb/v6-m/nofp/libc.a(lib_a-__atexit.o)
 .bss           0x00000000100009dc        0x0 /opt/gcc-arm/bin/../lib/gcc/arm-none-eabi/8.3.1/../../../../arm-none-eabi/lib/thumb/v6-m/nofp/libc.a(lib_a-closer.o)
 .bss           0x00000000100009dc        0x0 /opt/gcc-arm/bin/../lib/gcc/arm-none-eabi/8.3.1/../../../../arm-none-eabi/lib/thumb/v6-m/nofp/libc.a(lib_a-ctype_.o)
 .bss           0x00000000100009dc        0x0 /opt/gcc-arm/bin/../lib/gcc/arm-none-eabi/8.3.1/../../../../arm-none-eabi/lib/thumb/v6-m/nofp/libc.a(lib_a-fclose.o)
 .bss           0x00000000100009dc        0x0 /opt/gcc-arm/bin/../lib/gcc/arm-none-eabi/8.3.1/../../../../arm-none-eabi/lib/thumb/v6-m/nofp/libc.a(lib_a-fstatr.o)
 .bss           0x00000000100009dc        0x0 /opt/gcc-arm/bin/../lib/gcc/arm-none-eabi/8.3.1/../../../../arm-none-eabi/lib/thumb/v6-m/nofp/libc.a(lib_a-isattyr.o)
 .bss           0x00000000100009dc        0x0 /opt/gcc-arm/bin/../lib/gcc/arm-none-eabi/8.3.1/../../../../arm-none-eabi/lib/thumb/v6-m/nofp/libc.a(lib_a-lseekr.o)
 .bss           0x00000000100009dc        0x0 /opt/gcc-arm/bin/../lib/gcc/arm-none-eabi/8.3.1/../../../../arm-none-eabi/lib/thumb/v6-m/nofp/libc.a(lib_a-readr.o)
 .bss           0x00000000100009dc        0x0 /opt/gcc-arm/bin/../lib/gcc/arm-none-eabi/8.3.1/../../../../arm-none-eabi/lib/thumb/v6-m/nofp/libnosys.a(close.o)
 .bss           0x00000000100009dc        0x0 /opt/gcc-arm/bin/../lib/gcc/arm-none-eabi/8.3.1/../../../../arm-none-eabi/lib/thumb/v6-m/nofp/libnosys.a(fstat.o)
 .bss           0x00000000100009dc        0x0 /opt/gcc-arm/bin/../lib/gcc/arm-none-eabi/8.3.1/../../../../arm-none-eabi/lib/thumb/v6-m/nofp/libnosys.a(getpid.o)
 .bss           0x00000000100009dc        0x0 /opt/gcc-arm/bin/../lib/gcc/arm-none-eabi/8.3.1/../../../../arm-none-eabi/lib/thumb/v6-m/nofp/libnosys.a(isatty.o)
 .bss           0x00000000100009dc        0x0 /opt/gcc-arm/bin/../lib/gcc/arm-none-eabi/8.3.1/../../../../arm-none-eabi/lib/thumb/v6-m/nofp/libnosys.a(kill.o)
 .bss           0x00000000100009dc        0x0 /opt/gcc-arm/bin/../lib/gcc/arm-none-eabi/8.3.1/../../../../arm-none-eabi/lib/thumb/v6-m/nofp/libnosys.a(lseek.o)
 .bss           0x00000000100009dc        0x0 /opt/gcc-arm/bin/../lib/gcc/arm-none-eabi/8.3.1/../../../../arm-none-eabi/lib/thumb/v6-m/nofp/libnosys.a(read.o)
 .bss           0x00000000100009dc        0x0 /opt/gcc-arm/bin/../lib/gcc/arm-none-eabi/8.3.1/../../../../arm-none-eabi/lib/thumb/v6-m/nofp/libnosys.a(sbrk.o)
 .bss           0x00000000100009dc        0x0 /opt/gcc-arm/bin/../lib/gcc/arm-none-eabi/8.3.1/../../../../arm-none-eabi/lib/thumb/v6-m/nofp/libnosys.a(write.o)
 .bss           0x00000000100009dc        0x0 /opt/gcc-arm/bin/../lib/gcc/arm-none-eabi/8.3.1/../../../../arm-none-eabi/lib/thumb/v6-m/nofp/libnosys.a(_exit.o)
 .bss           0x00000000100009dc        0x0 /opt/gcc-arm/bin/../lib/gcc/arm-none-eabi/8.3.1/thumb/v6-m/nofp/crtend.o
 .bss           0x00000000100009dc        0x0 /opt/gcc-arm/bin/../lib/gcc/arm-none-eabi/8.3.1/thumb/v6-m/nofp/crtn.o
 *(.bss*)
 .bss.__malloc_current_mallinfo
                0x00000000100009dc       0x28 /opt/gcc-arm/bin/../lib/gcc/arm-none-eabi/8.3.1/../../../../arm-none-eabi/lib/thumb/v6-m/nofp/libc.a(lib_a-mallocr.o)
                0x00000000100009dc                __malloc_current_mallinfo
 .bss.__malloc_max_sbrked_mem
                0x0000000010000a04        0x4 /opt/gcc-arm/bin/../lib/gcc/arm-none-eabi/8.3.1/../../../../arm-none-eabi/lib/thumb/v6-m/nofp/libc.a(lib_a-mallocr.o)
                0x0000000010000a04                __malloc_max_sbrked_mem
 .bss.__malloc_max_total_mem
                0x0000000010000a08        0x4 /opt/gcc-arm/bin/../lib/gcc/arm-none-eabi/8.3.1/../../../../arm-none-eabi/lib/thumb/v6-m/nofp/libc.a(lib_a-mallocr.o)
                0x0000000010000a08                __malloc_max_total_mem
 .bss.__malloc_top_pad
                0x0000000010000a0c        0x4 /opt/gcc-arm/bin/../lib/gcc/arm-none-eabi/8.3.1/../../../../arm-none-eabi/lib/thumb/v6-m/nofp/libc.a(lib_a-mallocr.o)
                0x0000000010000a0c                __malloc_top_pad
 .bss._PathLocale
                0x0000000010000a10        0x4 /opt/gcc-arm/bin/../lib/gcc/arm-none-eabi/8.3.1/../../../../arm-none-eabi/lib/thumb/v6-m/nofp/libc.a(lib_a-locale.o)
                0x0000000010000a10                _PathLocale
 .bss.heap_end.4194
                0x0000000010000a14        0x4 /opt/gcc-arm/bin/../lib/gcc/arm-none-eabi/8.3.1/../../../../arm-none-eabi/lib/thumb/v6-m/nofp/libnosys.a(sbrk.o)
 *(COMMON)
 COMMON         0x0000000010000a18       0x21 /opt/gcc-arm/bin/../lib/gcc/arm-none-eabi/8.3.1/../../../../arm-none-eabi/lib/thumb/v6-m/nofp/libc.a(lib_a-lock.o)
                0x0000000010000a18                __lock___atexit_recursive_mutex
                0x0000000010000a1c                __lock___arc4random_mutex
                0x0000000010000a20                __lock___env_recursive_mutex
                0x0000000010000a24                __lock___sinit_recursive_mutex
                0x0000000010000a28                __lock___malloc_recursive_mutex
                0x0000000010000a2c                __lock___at_quick_exit_mutex
                0x0000000010000a30                __lock___dd_hash_mutex
                0x0000000010000a34                __lock___tz_mutex
                0x0000000010000a38                __lock___sfp_recursive_mutex
 *fill*         0x0000000010000a39        0x3 
 COMMON         0x0000000010000a3c        0x4 /opt/gcc-arm/bin/../lib/gcc/arm-none-eabi/8.3.1/../../../../arm-none-eabi/lib/thumb/v6-m/nofp/libc.a(lib_a-reent.o)
                0x0000000010000a3c                errno
                0x0000000010000a40                . = ALIGN (0x4)
                0x0000000010000a40                __bss_end__ = .
                0x0000000010000a40                __END_BSS = .

.heap           0x0000000010000a40      0x400 load address 0x0000000000005c48
                0x0000000010000a40                . = ALIGN (0x8)
                0x0000000010000a40                __end__ = .
                0x0000000010000a40                PROVIDE (end = .)
                0x0000000010000a40                __HeapBase = .
                0x0000000010000e40                . = (. + HEAP_SIZE)
 *fill*         0x0000000010000a40      0x400 
                0x0000000010000e40                __HeapLimit = .
                0x0000000010000e40                __heap_limit = .

.stack          0x0000000010000e40      0x800 load address 0x0000000000006048
                0x0000000010000e40                . = ALIGN (0x8)
                0x0000000010001640                . = (. + STACK_SIZE)
 *fill*         0x0000000010000e40      0x800 
                0x0000000010004000                __StackTop = (ORIGIN (m_data) + LENGTH (m_data))
                0x0000000010003800                __StackLimit = (__StackTop - STACK_SIZE)
                0x0000000010004000                PROVIDE (__stack = __StackTop)

.ARM.attributes
                0x0000000000000000       0x28
 *(.ARM.attributes)
 .ARM.attributes
                0x0000000000000000       0x1e /opt/gcc-arm/bin/../lib/gcc/arm-none-eabi/8.3.1/thumb/v6-m/nofp/crti.o
 .ARM.attributes
                0x000000000000001e       0x2c /opt/gcc-arm/bin/../lib/gcc/arm-none-eabi/8.3.1/thumb/v6-m/nofp/crtbegin.o
 .ARM.attributes
                0x000000000000004a       0x1b /opt/gcc-arm/bin/../lib/gcc/arm-none-eabi/8.3.1/../../../../arm-none-eabi/lib/thumb/v6-m/nofp/crt0.o
 .ARM.attributes
                0x0000000000000065       0x2c main.o
 .ARM.attributes
                0x0000000000000091       0x2c clock_config.o
 .ARM.attributes
                0x00000000000000bd       0x2c fsl_clock.o
 .ARM.attributes
                0x00000000000000e9       0x2c fsl_reset.o
 .ARM.attributes
                0x0000000000000115       0x2c fsl_gpio.o
 .ARM.attributes
                0x0000000000000141       0x2c system_LPC845.o
 .ARM.attributes
                0x000000000000016d       0x2c fsl_common.o
 .ARM.attributes
                0x0000000000000199       0x2c fsl_power.o
 .ARM.attributes
                0x00000000000001c5       0x1b startup_LPC845.o
 .ARM.attributes
                0x00000000000001e0       0x1e /opt/gcc-arm/bin/../lib/gcc/arm-none-eabi/8.3.1/thumb/v6-m/nofp/libgcc.a(_thumb1_case_uqi.o)
 .ARM.attributes
                0x00000000000001fe       0x1e /opt/gcc-arm/bin/../lib/gcc/arm-none-eabi/8.3.1/thumb/v6-m/nofp/libgcc.a(_udivsi3.o)
 .ARM.attributes
                0x000000000000021c       0x1e /opt/gcc-arm/bin/../lib/gcc/arm-none-eabi/8.3.1/thumb/v6-m/nofp/libgcc.a(_divsi3.o)
 .ARM.attributes
                0x000000000000023a       0x1e /opt/gcc-arm/bin/../lib/gcc/arm-none-eabi/8.3.1/thumb/v6-m/nofp/libgcc.a(_dvmd_tls.o)
 .ARM.attributes
                0x0000000000000258       0x1e /opt/gcc-arm/bin/../lib/gcc/arm-none-eabi/8.3.1/thumb/v6-m/nofp/libgcc.a(_aeabi_ldivmod.o)
 .ARM.attributes
                0x0000000000000276       0x1e /opt/gcc-arm/bin/../lib/gcc/arm-none-eabi/8.3.1/thumb/v6-m/nofp/libgcc.a(_aeabi_uldivmod.o)
 .ARM.attributes
                0x0000000000000294       0x2c /opt/gcc-arm/bin/../lib/gcc/arm-none-eabi/8.3.1/thumb/v6-m/nofp/libgcc.a(_muldi3.o)
 .ARM.attributes
                0x00000000000002c0       0x2c /opt/gcc-arm/bin/../lib/gcc/arm-none-eabi/8.3.1/thumb/v6-m/nofp/libgcc.a(_udivmoddi4.o)
 .ARM.attributes
                0x00000000000002ec       0x2c /opt/gcc-arm/bin/../lib/gcc/arm-none-eabi/8.3.1/thumb/v6-m/nofp/libgcc.a(bpabi.o)
 .ARM.attributes
                0x0000000000000318       0x1e /opt/gcc-arm/bin/../lib/gcc/arm-none-eabi/8.3.1/thumb/v6-m/nofp/libgcc.a(_clzdi2.o)
 .ARM.attributes
                0x0000000000000336       0x2c /opt/gcc-arm/bin/../lib/gcc/arm-none-eabi/8.3.1/thumb/v6-m/nofp/libgcc.a(_divdi3.o)
 .ARM.attributes
                0x0000000000000362       0x1e /opt/gcc-arm/bin/../lib/gcc/arm-none-eabi/8.3.1/thumb/v6-m/nofp/libgcc.a(_clzsi2.o)
 .ARM.attributes