core_cm0plus.h:733:22:__NVIC_EnableIRQ	16	static
core_cm0plus.h:769:22:__NVIC_DisableIRQ	16	static
fsl_clock.h:441:20:CLOCK_EnableClock	16	static
fsl_clock.h:452:20:CLOCK_DisableClock	16	static
fsl_common.h:419:28:EnableIRQ	16	static
fsl_common.h:457:28:DisableIRQ	16	static
fsl_ctimer.h:423:24:CTIMER_GetStatusFlags	16	static
fsl_ctimer.h:435:20:CTIMER_ClearStatusFlags	16	static
fsl_ctimer.c:63:17:CTIMER_GetInstance	24	static
fsl_ctimer.c:90:6:CTIMER_Init	16	static
fsl_ctimer.c:119:6:CTIMER_Deinit	24	static
fsl_ctimer.c:145:6:CTIMER_GetDefaultConfig	16	static
fsl_ctimer.c:181:10:CTIMER_SetupPwm	48	static
fsl_ctimer.c:267:10:CTIMER_SetupPwmPeriod	40	static
fsl_ctimer.c:326:6:CTIMER_UpdatePwmDutycycle	24	static
fsl_ctimer.c:359:6:CTIMER_SetupMatch	40	static
fsl_ctimer.c:407:6:CTIMER_SetupCapture	32	static
fsl_ctimer.c:437:6:CTIMER_RegisterCallBack	32	static
fsl_ctimer.c:444:6:CTIMER_GenericIRQHandler	32	static
fsl_ctimer.c:487:6:CTIMER0_DriverIRQHandler	8	static
