fsl_clock.h:441:20:CLOCK_EnableClock	16	static
fsl_clock.h:452:20:CLOCK_DisableClock	16	static
fsl_sctimer.h:482:20:SCTIMER_StartTimer	16	static
fsl_sctimer.h:503:20:SCTIMER_StopTimer	16	static
fsl_sctimer.h:659:20:SCTIMER_SetupOutputSetAction	24	static
fsl_sctimer.h:675:20:SCTIMER_SetupOutputClearAction	24	static
fsl_sctimer.h:703:20:SCTIMER_SetupCounterLimitAction	24	static
fsl_sctimer.c:74:17:SCTIMER_GetInstance	24	static
fsl_sctimer.c:103:10:SCTIMER_Init	24	static
fsl_sctimer.c:158:6:SCTIMER_Deinit	16	static
fsl_sctimer.c:186:6:SCTIMER_GetDefaultConfig	16	static
fsl_sctimer.c:251:10:SCTIMER_SetupPwm	56	static
fsl_sctimer.c:380:6:SCTIMER_UpdatePwmDutycycle	48	static
fsl_sctimer.c:440:10:SCTIMER_CreateAndScheduleEvent	32	static
fsl_sctimer.c:539:6:SCTIMER_ScheduleEvent	16	static
fsl_sctimer.c:557:10:SCTIMER_IncreaseState	16	static
fsl_sctimer.c:579:10:SCTIMER_GetCurrentState	16	static
fsl_sctimer.c:593:6:SCTIMER_SetupOutputToggleAction	32	static
fsl_sctimer.c:623:10:SCTIMER_SetupCaptureAction	24	static
fsl_sctimer.c:672:6:SCTIMER_SetCallback	24	static
fsl_sctimer.c:682:6:SCTIMER_EventHandleIRQ	32	static
fsl_sctimer.c:707:6:SCT0_DriverIRQHandler	8	static
