core_cm0plus.h:733:22:__NVIC_EnableIRQ	16	static
core_cm0plus.h:769:22:__NVIC_DisableIRQ	16	static
core_cm0plus.h:822:22:__NVIC_ClearPendingIRQ	16	static
fsl_clock.h:441:20:CLOCK_EnableClock	16	static
fsl_clock.h:452:20:CLOCK_DisableClock	16	static
fsl_common.h:419:28:EnableIRQ	16	static
fsl_common.h:457:28:DisableIRQ	16	static
fsl_pint.h:282:20:PINT_PinInterruptClrFallFlag	16	static
fsl_pint.h:341:20:PINT_PinInterruptClrRiseFlag	16	static
fsl_pint.c:49:6:PINT_Init	32	static
fsl_pint.c:153:6:PINT_PinInterruptConfig	32	static
fsl_pint.c:200:6:PINT_PinInterruptGetConfig	32	static
fsl_pint.c:268:6:PINT_PatternMatchConfig	48	static
fsl_pint.c:318:6:PINT_PatternMatchGetConfig	40	static
fsl_pint.c:354:10:PINT_PatternMatchResetDetectLogic	32	static
fsl_pint.c:381:6:PINT_PinInterruptClrStatus	24	static
fsl_pint.c:402:6:PINT_PinInterruptClrStatusAll	32	static
fsl_pint.c:434:6:PINT_EnableCallback	24	static
fsl_pint.c:458:6:PINT_EnableCallbackByIndex	16	static
fsl_pint.c:477:6:PINT_DisableCallback	24	static
fsl_pint.c:501:6:PINT_DisableCallbackByIndex	16	static
fsl_pint.c:519:6:PINT_Deinit	24	static
fsl_pint.c:647:6:PIN_INT0_DriverIRQHandler	16	static
fsl_pint.c:671:6:PIN_INT1_DriverIRQHandler	16	static
fsl_pint.c:696:6:PIN_INT2_DriverIRQHandler	16	static
fsl_pint.c:721:6:PIN_INT3_DriverIRQHandler	16	static
fsl_pint.c:746:6:PIN_INT4_DriverIRQHandler	16	static
fsl_pint.c:772:6:PIN_INT5_DAC1_IRQHandler	16	static
fsl_pint.c:801:6:PIN_INT6_USART3_IRQHandler	16	static
fsl_pint.c:830:6:PIN_INT7_USART4_IRQHandler	16	static
