core_cm0plus.h:733:22:__NVIC_EnableIRQ	16	static
fsl_clock.h:441:20:CLOCK_EnableClock	16	static
fsl_clock.h:452:20:CLOCK_DisableClock	16	static
fsl_common.h:419:28:EnableIRQ	16	static
fsl_i2c.h:469:20:I2C_MasterEnable	16	static
fsl_i2c.h:498:24:I2C_GetStatusFlags	16	static
fsl_i2c.h:518:20:I2C_MasterClearStatusFlags	16	static
fsl_i2c.h:536:20:I2C_EnableInterrupts	16	static
fsl_i2c.h:548:20:I2C_DisableInterrupts	16	static
fsl_i2c.h:628:24:I2C_MasterRepeatedStart	16	static
fsl_i2c.h:838:20:I2C_SlaveEnable	16	static
fsl_i2c.h:863:20:I2C_SlaveClearStatusFlags	16	static
fsl_i2c.c:101:10:I2C_GetInstance	24	static
fsl_i2c.c:134:6:I2C_MasterGetDefaultConfig	16	static
fsl_i2c.c:157:6:I2C_MasterInit	24	static
fsl_i2c.c:180:6:I2C_MasterDeinit	16	static
fsl_i2c.c:200:6:I2C_MasterSetBaudRate	48	static
fsl_i2c.c:238:17:I2C_PendingStatusWait	24	static
fsl_i2c.c:278:10:I2C_MasterStart	24	static
fsl_i2c.c:301:10:I2C_MasterStop	24	static
fsl_i2c.c:331:10:I2C_MasterWriteBlocking	40	static
fsl_i2c.c:447:10:I2C_MasterReadBlocking	40	static
fsl_i2c.c:546:10:I2C_MasterTransferBlocking	32	static
fsl_i2c.c:626:6:I2C_MasterTransferCreateHandle	32	static
fsl_i2c.c:666:10:I2C_MasterTransferNonBlocking	32	static
fsl_i2c.c:703:10:I2C_MasterTransferGetCount	24	static
fsl_i2c.c:735:10:I2C_MasterTransferAbort	24	static
fsl_i2c.c:786:17:I2C_InitTransferStateMachine	48	static
fsl_i2c.c:853:17:I2C_RunTransferStateMachine	48	static
fsl_i2c.c:1017:6:I2C_MasterTransferHandleIRQ	40	static
fsl_i2c.c:1051:13:I2C_SlaveInternalStateMachineReset	16	static
fsl_i2c.c:1065:17:I2C_SlaveDivVal	32	static
fsl_i2c.c:1118:17:I2C_SlavePollPending	24	static
fsl_i2c.c:1153:13:I2C_SlaveInvokeEvent	32	static
fsl_i2c.c:1188:13:I2C_SlaveAddressIRQ	24	static
fsl_i2c.c:1260:17:I2C_SlaveTransferNonBlockingInternal	32	static
fsl_i2c.c:1328:10:I2C_SlaveSetSendBuffer	48	static
fsl_i2c.c:1358:10:I2C_SlaveSetReceiveBuffer	40	static
fsl_i2c.c:1376:6:I2C_SlaveSetAddress	24	static
fsl_i2c.c:1405:6:I2C_SlaveGetDefaultConfig	40	static
fsl_i2c.c:1436:10:I2C_SlaveInit	32	static
fsl_i2c.c:1487:6:I2C_SlaveDeinit	16	static
fsl_i2c.c:1508:10:I2C_SlaveWriteBlocking	48	static
fsl_i2c.c:1595:10:I2C_SlaveReadBlocking	48	static
fsl_i2c.c:1684:6:I2C_SlaveTransferCreateHandle	32	static
fsl_i2c.c:1747:10:I2C_SlaveTransferNonBlocking	40	static
fsl_i2c.c:1761:10:I2C_SlaveTransferGetCount	24	static
fsl_i2c.c:1791:6:I2C_SlaveTransferAbort	16	static
fsl_i2c.c:1811:6:I2C_SlaveTransferHandleIRQ	32	static
fsl_i2c.c:1924:13:I2C_TransferCommonIRQHandler	16	static
fsl_i2c.c:1943:6:I2C0_DriverIRQHandler	8	static
fsl_i2c.c:1950:6:I2C1_DriverIRQHandler	8	static
fsl_i2c.c:1957:6:I2C2_DriverIRQHandler	8	static
