core_cm0plus.h:733:22:__NVIC_EnableIRQ	16	static
fsl_clock.h:441:20:CLOCK_EnableClock	16	static
fsl_clock.h:452:20:CLOCK_DisableClock	16	static
fsl_common.h:419:28:EnableIRQ	16	static
fsl_dma.h:344:20:DMA_ChannelIsActive	16	static
fsl_dma.h:356:20:DMA_EnableChannelInterrupts	16	static
fsl_dma.h:380:20:DMA_EnableChannel	16	static
fsl_dma.h:392:20:DMA_DisableChannel	16	static
fsl_dma.h:404:20:DMA_EnableChannelPeriphRq	16	static
fsl_dma.h:417:20:DMA_DisableChannelPeriphRq	16	static
fsl_dma.c:71:17:DMA_GetInstance	24	static
fsl_dma.c:87:17:DMA_GetVirtualStartChannel	32	static
fsl_dma.c:111:6:DMA_Init	24	static
fsl_dma.c:136:6:DMA_Deinit	16	static
fsl_dma.c:153:6:DMA_ConfigureChannelTrigger	32	static
fsl_dma.c:172:10:DMA_GetRemainingBytes	16	static
fsl_dma.c:197:13:DMA_SetupXferCFG	24	static
fsl_dma.c:245:6:DMA_SetupDescriptor	40	static
fsl_dma.c:294:6:DMA_SetupChannelDescriptor	40	static
fsl_dma.c:368:6:DMA_CreateDescriptor	48	static
fsl_dma.c:389:6:DMA_AbortTransfer	16	static
fsl_dma.c:412:6:DMA_CreateHandle	32	static
fsl_dma.c:442:6:DMA_SetCallback	24	static
fsl_dma.c:467:6:DMA_PrepareTransfer	32	static
fsl_dma.c:532:6:DMA_SetChannelConfig	32	static
fsl_dma.c:570:6:DMA_PrepareChannelTransfer	24	static
fsl_dma.c:621:6:DMA_InstallDescriptorMemory	16	static
fsl_dma.c:671:6:DMA_SubmitChannelTransferParameter	48	static
fsl_dma.c:712:6:DMA_SubmitChannelDescriptor	24	static
fsl_dma.c:785:10:DMA_SubmitChannelTransfer	56	static
fsl_dma.c:828:10:DMA_SubmitTransfer	40	static
fsl_dma.c:867:6:DMA_StartTransfer	24	static
fsl_dma.c:884:6:DMA_IRQHandle	40	static
fsl_dma.c:934:6:DMA0_DriverIRQHandler	8	static
