core_cm0plus.h:733:22:__NVIC_EnableIRQ	16	static
fsl_clock.h:441:20:CLOCK_EnableClock	16	static
fsl_clock.h:452:20:CLOCK_DisableClock	16	static
fsl_common.h:419:28:EnableIRQ	16	static
fsl_spi.h:346:20:SPI_Enable	16	static
fsl_spi.h:371:24:SPI_GetStatusFlags	16	static
fsl_spi.h:403:20:SPI_EnableInterrupts	16	static
fsl_spi.h:417:20:SPI_DisableInterrupts	16	static
fsl_spi.h:435:20:SPI_IsMaster	16	static
fsl_spi.h:454:20:SPI_WriteData	16	static
fsl_spi.h:465:20:SPI_WriteConfigFlags	16	static
fsl_spi.h:484:24:SPI_ReadData	16	static
fsl_spi.c:68:13:SPI_SendTransfer	24	static
fsl_spi.c:114:13:SPI_ReceiveTransfer	24	static
fsl_spi.c:143:10:SPI_GetInstance	24	static
fsl_spi.c:168:6:SPI_SetDummyData	24	static
fsl_spi.c:181:6:SPI_SetTransferDelay	16	static
fsl_spi.c:204:6:SPI_MasterGetDefaultConfig	16	static
fsl_spi.c:244:10:SPI_MasterInit	40	static
fsl_spi.c:305:6:SPI_SlaveGetDefaultConfig	16	static
fsl_spi.c:340:10:SPI_SlaveInit	24	static
fsl_spi.c:386:6:SPI_Deinit	24	static
fsl_spi.c:407:10:SPI_MasterSetBaudRate	32	static
fsl_spi.c:431:6:SPI_WriteDataWithConfigFlags	32	static
fsl_spi.c:452:10:SPI_MasterTransferBlocking	40	static
fsl_spi.c:572:10:SPI_MasterTransferCreateHandle	32	static
fsl_spi.c:607:10:SPI_SlaveTransferCreateHandle	24	static
fsl_spi.c:627:10:SPI_MasterTransferNonBlocking	32	static
fsl_spi.c:719:10:SPI_SlaveTransferNonBlocking	32	static
fsl_spi.c:743:10:SPI_MasterTransferGetCount	24	static
fsl_spi.c:771:6:SPI_MasterTransferAbort	16	static
fsl_spi.c:788:6:SPI_MasterTransferHandleIRQ	24	static
fsl_spi.c:831:6:SPI_SlaveTransferHandleIRQ	24	static
fsl_spi.c:870:13:SPI_CommonIRQHandler	16	static
fsl_spi.c:883:6:SPI0_DriverIRQHandler	8	static
fsl_spi.c:891:6:SPI1_DriverIRQHandler	8	static
