core_cm0plus.h:733:22:__NVIC_EnableIRQ	16	static
fsl_clock.h:441:20:CLOCK_EnableClock	16	static
fsl_clock.h:452:20:CLOCK_DisableClock	16	static
fsl_common.h:419:28:EnableIRQ	16	static
fsl_usart.h:346:24:USART_GetStatusFlags	16	static
fsl_usart.h:387:20:USART_EnableInterrupts	16	static
fsl_usart.h:405:20:USART_DisableInterrupts	16	static
fsl_usart.h:437:20:USART_EnableContinuousSCLK	16	static
fsl_usart.h:496:20:USART_EnableTx	16	static
fsl_usart.h:518:20:USART_EnableRx	16	static
fsl_usart.c:61:10:USART_GetInstance	24	static
fsl_usart.c:84:8:USART_TransferGetRxRingBufferLength	24	static
fsl_usart.c:102:13:USART_TransferIsRxRingBufferFull	24	static
fsl_usart.c:137:6:USART_TransferStartRingBuffer	24	static
fsl_usart.c:162:6:USART_TransferStopRingBuffer	16	static
fsl_usart.c:201:10:USART_Init	32	static
fsl_usart.c:256:6:USART_Deinit	16	static
fsl_usart.c:288:6:USART_GetDefaultConfig	16	static
fsl_usart.c:325:10:USART_SetBaudRate	56	static
fsl_usart.c:409:6:USART_WriteBlocking	24	static
fsl_usart.c:443:10:USART_ReadBlocking	32	static
fsl_usart.c:499:10:USART_TransferCreateHandle	32	static
fsl_usart.c:547:10:USART_TransferSendNonBlocking	24	static
fsl_usart.c:582:6:USART_TransferAbortSend	16	static
fsl_usart.c:606:10:USART_TransferGetSendCount	24	static
fsl_usart.c:647:10:USART_TransferReceiveNonBlocking	48	static
fsl_usart.c:755:6:USART_TransferAbortReceive	16	static
fsl_usart.c:781:10:USART_TransferGetReceiveCount	24	static
fsl_usart.c:804:6:USART_TransferHandleIRQ	32	static
fsl_usart.c:910:6:USART0_DriverIRQHandler	8	static
fsl_usart.c:917:6:USART1_DriverIRQHandler	8	static
fsl_usart.c:924:6:USART2_DriverIRQHandler	8	static
fsl_usart.c:931:6:PIN_INT6_USART3_DriverIRQHandler	8	static
fsl_usart.c:938:6:PIN_INT7_USART4_DriverIRQHandler	8	static
