fsl_clock.h:554:24:CLOCK_GetCoreSysClkFreq	8	static
fsl_clock.h:577:24:CLOCK_GetSystemPLLFreq	8	static
fsl_clock.h:585:24:CLOCK_GetWdtOscFreq	8	static
fsl_clock.h:593:24:CLOCK_GetExtClkFreq	8	static
fsl_clock.c:61:17:CLOCK_GetFRGInputClkFreq	24	static
fsl_clock.c:79:13:CLOCK_SetFRGClkFreq	48	static
fsl_clock.c:99:13:CLOCK_UpdateClkSrc	16	static
fsl_clock.c:115:6:CLOCK_SetFRG0ClkFreq	16	static
fsl_clock.c:125:6:CLOCK_SetFRG1ClkFreq	16	static
fsl_clock.c:133:10:CLOCK_GetFRG0ClkFreq	8	static
fsl_clock.c:142:10:CLOCK_GetFRG1ClkFreq	8	static
fsl_clock.c:151:10:CLOCK_GetMainClkFreq	16	static
fsl_clock.c:187:10:CLOCK_GetFroFreq	16	static
fsl_clock.c:217:10:CLOCK_GetClockOutClkFreq	16	static
fsl_clock.c:253:10:CLOCK_GetUart0ClkFreq	16	static
fsl_clock.c:285:10:CLOCK_GetUart1ClkFreq	16	static
fsl_clock.c:317:10:CLOCK_GetUart2ClkFreq	16	static
fsl_clock.c:349:10:CLOCK_GetUart3ClkFreq	16	static
fsl_clock.c:381:10:CLOCK_GetUart4ClkFreq	16	static
fsl_clock.c:413:10:CLOCK_GetFreq	24	static
fsl_clock.c:458:10:CLOCK_GetSystemPLLInClockRate	16	static
fsl_clock.c:488:17:findSyestemPllPsel	24	static
fsl_clock.c:515:6:CLOCK_InitSystemPll	32	static
fsl_clock.c:552:6:CLOCK_InitExtClkin	16	static
fsl_clock.c:569:6:CLOCK_InitXtalin	24	static
fsl_clock.c:598:6:CLOCK_InitSysOsc	24	static
fsl_clock.c:638:6:CLOCK_InitWdtOsc	24	static
fsl_clock.c:660:6:CLOCK_SetMainClkSrc	24	static
fsl_clock.c:682:6:CLOCK_SetFroOutClkSrc	16	static
fsl_clock.c:700:28:SDK_DelayAtLeastUs	32	static
